<html>
<body>
<pre>
<h1>礦ision Build Log</h1>
<h2>Project:</h2>
C:\Users\gzr20_000\Desktop\gong整理\第六届省赛-电压测量监控设备 第一版（全部实现）\USER\GO.uvproj
Project File Date:  02/22/2017

<h2>Output:</h2>
Build target 'Target 1'
compiling main.c...
compiling gong.c...
linking...
Program Size: Code=14630 RO-data=5022 RW-data=92 ZI-data=1676  
"..\OUTPUT\GO.axf" - 0 Error(s), 0 Warning(s).
Build target 'Target 1'
compiling main.c...
linking...
Program Size: Code=14630 RO-data=5022 RW-data=92 ZI-data=1676  
"..\OUTPUT\GO.axf" - 0 Error(s), 0 Warning(s).
Build target 'Target 1'
compiling gong.c...
linking...
Program Size: Code=14630 RO-data=5022 RW-data=92 ZI-data=1676  
"..\OUTPUT\GO.axf" - 0 Error(s), 0 Warning(s).
Build target 'Target 1'
linking...
Program Size: Code=14630 RO-data=5022 RW-data=92 ZI-data=1676  
"..\OUTPUT\GO.axf" - 0 Error(s), 0 Warning(s).
Load "..\\OUTPUT\\GO.AXF" 
Erasing Done.
Program Speed: 12.26 KByte/s
Programming Done.
Build target 'Target 1'
compiling main.c...
linking...
Program Size: Code=14630 RO-data=5022 RW-data=92 ZI-data=1676  
"..\OUTPUT\GO.axf" - 0 Error(s), 0 Warning(s).
Load "..\\OUTPUT\\GO.AXF" 
Erasing Done.
Program Speed: 12.27 KByte/s
Programming Done.
Build target 'Target 1'
compiling main.c...
linking...
Program Size: Code=14718 RO-data=5022 RW-data=92 ZI-data=1676  
"..\OUTPUT\GO.axf" - 0 Error(s), 0 Warning(s).
Load "..\\OUTPUT\\GO.AXF" 
Erasing Done.
Program Speed: 12.44 KByte/s
Programming Done.
Build target 'Target 1'
compiling main.c...
linking...
Program Size: Code=14630 RO-data=5022 RW-data=92 ZI-data=1676  
"..\OUTPUT\GO.axf" - 0 Error(s), 0 Warning(s).
Load "..\\OUTPUT\\GO.AXF" 
Erasing Done.
Program Speed: 12.39 KByte/s
Programming Done.
Build target 'Target 1'
compiling main.c...
linking...
Program Size: Code=14666 RO-data=5022 RW-data=92 ZI-data=1676  
"..\OUTPUT\GO.axf" - 0 Error(s), 0 Warning(s).
Load "..\\OUTPUT\\GO.AXF" 
Erasing Done.
Program Speed: 12.29 KByte/s
Programming Done.
Build target 'Target 1'
compiling main.c...
compiling stm32f10x_it.c...
linking...
Program Size: Code=14666 RO-data=5022 RW-data=92 ZI-data=1676  
"..\OUTPUT\GO.axf" - 0 Error(s), 0 Warning(s).
