<html>
<body>
<pre>
<h1>礦ision Build Log</h1>
<h2>Project:</h2>
C:\Users\gzr20_000\Desktop\gong整理\第七届省赛-模拟液位检测告警系统 第一版（全部实现）\USER\GO.uvproj
Project File Date:  02/13/2017

<h2>Output:</h2>
Build target 'Target 1'
compiling main.c...
linking...
Program Size: Code=14682 RO-data=5006 RW-data=72 ZI-data=1672  
"..\OUTPUT\GO.axf" - 0 Error(s), 0 Warning(s).
Load "..\\OUTPUT\\GO.AXF" 
Erasing Done.
Program Speed: 12.40 KByte/s
Programming Done.
Build target 'Target 1'
compiling main.c...
linking...
Program Size: Code=14682 RO-data=5006 RW-data=72 ZI-data=1672  
"..\OUTPUT\GO.axf" - 0 Error(s), 0 Warning(s).
