<html>
<body>
<pre>
<h1>礦ision Build Log</h1>
<h2>Project:</h2>
C:\Users\gzr20_000\Desktop\gong整理\第四届省赛试题-双路输出控制器（全部实现）\USER\GO.uvproj
Project File Date:  03/06/2017

<h2>Output:</h2>
Build target 'Target 1'
compiling gong.c...
linking...
Program Size: Code=9162 RO-data=4846 RW-data=72 ZI-data=1672  
"..\OUTPUT\GO.axf" - 0 Error(s), 0 Warning(s).
Build target 'Target 1'
compiling main.c...
linking...
Program Size: Code=9226 RO-data=4846 RW-data=72 ZI-data=1672  
"..\OUTPUT\GO.axf" - 0 Error(s), 0 Warning(s).
Build target 'Target 1'
compiling main.c...
linking...
Program Size: Code=9226 RO-data=4846 RW-data=72 ZI-data=1672  
"..\OUTPUT\GO.axf" - 0 Error(s), 0 Warning(s).
Build target 'Target 1'
compiling main.c...
linking...
Program Size: Code=9226 RO-data=4846 RW-data=72 ZI-data=1672  
"..\OUTPUT\GO.axf" - 0 Error(s), 0 Warning(s).
Load "..\\OUTPUT\\GO.AXF" 
Erasing Done.
Program Speed: 12.24 KByte/s
Programming Done.
compiling stm32f10x_it.c...
stm32f10x_it.c - 0 Error(s), 0 Warning(s).
Build target 'Target 1'
compiling core_cm3.c...
assembling startup_stm32f10x_md.s...
compiling i2c.c...
compiling lcd.c...
compiling main.c...
compiling stm32f10x_it.c...
compiling system_stm32f10x.c...
compiling gong.c...
compiling stm32f10x_gpio.c...
compiling stm32f10x_rcc.c...
compiling stm32f10x_adc.c...
compiling stm32f10x_usart.c...
compiling misc.c...
compiling stm32f10x_bkp.c...
compiling stm32f10x_tim.c...
compiling stm32f10x_rtc.c...
compiling stm32f10x_pwr.c...
linking...
Program Size: Code=9226 RO-data=4846 RW-data=72 ZI-data=1672  
"..\OUTPUT\GO.axf" - 0 Error(s), 0 Warning(s).
