ARM Linker, 4.1 [Build 481] [Standard]

==============================================================================

Section Cross References

    startup_stm32f10x_md.o(STACK) refers (Special) to heapauxi.o(.text) for __use_two_region_memory
    startup_stm32f10x_md.o(HEAP) refers (Special) to heapauxi.o(.text) for __use_two_region_memory
    startup_stm32f10x_md.o(RESET) refers (Special) to heapauxi.o(.text) for __use_two_region_memory
    startup_stm32f10x_md.o(RESET) refers to startup_stm32f10x_md.o(STACK) for __initial_sp
    startup_stm32f10x_md.o(RESET) refers to startup_stm32f10x_md.o(.text) for Reset_Handler
    startup_stm32f10x_md.o(RESET) refers to stm32f10x_it.o(i.NMI_Handler) for NMI_Handler
    startup_stm32f10x_md.o(RESET) refers to stm32f10x_it.o(i.HardFault_Handler) for HardFault_Handler
    startup_stm32f10x_md.o(RESET) refers to stm32f10x_it.o(i.MemManage_Handler) for MemManage_Handler
    startup_stm32f10x_md.o(RESET) refers to stm32f10x_it.o(i.BusFault_Handler) for BusFault_Handler
    startup_stm32f10x_md.o(RESET) refers to stm32f10x_it.o(i.UsageFault_Handler) for UsageFault_Handler
    startup_stm32f10x_md.o(RESET) refers to stm32f10x_it.o(i.SVC_Handler) for SVC_Handler
    startup_stm32f10x_md.o(RESET) refers to stm32f10x_it.o(i.DebugMon_Handler) for DebugMon_Handler
    startup_stm32f10x_md.o(RESET) refers to stm32f10x_it.o(i.PendSV_Handler) for PendSV_Handler
    startup_stm32f10x_md.o(RESET) refers to stm32f10x_it.o(i.SysTick_Handler) for SysTick_Handler
    startup_stm32f10x_md.o(RESET) refers to stm32f10x_it.o(i.RTC_IRQHandler) for RTC_IRQHandler
    startup_stm32f10x_md.o(RESET) refers to stm32f10x_it.o(i.TIM3_IRQHandler) for TIM3_IRQHandler
    startup_stm32f10x_md.o(RESET) refers to stm32f10x_it.o(i.USART2_IRQHandler) for USART2_IRQHandler
    startup_stm32f10x_md.o(.text) refers (Special) to heapauxi.o(.text) for __use_two_region_memory
    startup_stm32f10x_md.o(.text) refers to system_stm32f10x.o(i.SystemInit) for SystemInit
    startup_stm32f10x_md.o(.text) refers to __main.o(!!!main) for __main
    startup_stm32f10x_md.o(.text) refers to startup_stm32f10x_md.o(HEAP) for Heap_Mem
    startup_stm32f10x_md.o(.text) refers to startup_stm32f10x_md.o(STACK) for Stack_Mem
    i2c.o(i.I2CReceiveByte) refers to i2c.o(i.SDA_Input_Mode) for SDA_Input_Mode
    i2c.o(i.I2CReceiveByte) refers to i2c.o(i.SCL_Output) for SCL_Output
    i2c.o(i.I2CReceiveByte) refers to i2c.o(i.delay1) for delay1
    i2c.o(i.I2CReceiveByte) refers to i2c.o(i.SDA_Input) for SDA_Input
    i2c.o(i.I2CReceiveByte) refers to i2c.o(i.SDA_Output_Mode) for SDA_Output_Mode
    i2c.o(i.I2CSendAck) refers to i2c.o(i.SDA_Output) for SDA_Output
    i2c.o(i.I2CSendAck) refers to i2c.o(i.delay1) for delay1
    i2c.o(i.I2CSendAck) refers to i2c.o(i.SCL_Output) for SCL_Output
    i2c.o(i.I2CSendByte) refers to i2c.o(i.SCL_Output) for SCL_Output
    i2c.o(i.I2CSendByte) refers to i2c.o(i.delay1) for delay1
    i2c.o(i.I2CSendByte) refers to i2c.o(i.SDA_Output) for SDA_Output
    i2c.o(i.I2CSendNotAck) refers to i2c.o(i.SDA_Output) for SDA_Output
    i2c.o(i.I2CSendNotAck) refers to i2c.o(i.delay1) for delay1
    i2c.o(i.I2CSendNotAck) refers to i2c.o(i.SCL_Output) for SCL_Output
    i2c.o(i.I2CStart) refers to i2c.o(i.SDA_Output) for SDA_Output
    i2c.o(i.I2CStart) refers to i2c.o(i.delay1) for delay1
    i2c.o(i.I2CStart) refers to i2c.o(i.SCL_Output) for SCL_Output
    i2c.o(i.I2CStop) refers to i2c.o(i.SCL_Output) for SCL_Output
    i2c.o(i.I2CStop) refers to i2c.o(i.delay1) for delay1
    i2c.o(i.I2CStop) refers to i2c.o(i.SDA_Output) for SDA_Output
    i2c.o(i.I2CWaitAck) refers to i2c.o(i.SDA_Input_Mode) for SDA_Input_Mode
    i2c.o(i.I2CWaitAck) refers to i2c.o(i.delay1) for delay1
    i2c.o(i.I2CWaitAck) refers to i2c.o(i.SCL_Output) for SCL_Output
    i2c.o(i.I2CWaitAck) refers to i2c.o(i.SDA_Output_Mode) for SDA_Output_Mode
    i2c.o(i.I2CWaitAck) refers to i2c.o(i.I2CStop) for I2CStop
    i2c.o(i.I2CWaitAck) refers to i2c.o(i.SDA_Input) for SDA_Input
    i2c.o(i.SCL_Output) refers to stm32f10x_gpio.o(i.GPIO_SetBits) for GPIO_SetBits
    i2c.o(i.SCL_Output) refers to stm32f10x_gpio.o(i.GPIO_ResetBits) for GPIO_ResetBits
    i2c.o(i.SDA_Input) refers to stm32f10x_gpio.o(i.GPIO_ReadInputDataBit) for GPIO_ReadInputDataBit
    i2c.o(i.SDA_Input_Mode) refers to stm32f10x_gpio.o(i.GPIO_Init) for GPIO_Init
    i2c.o(i.SDA_Output) refers to stm32f10x_gpio.o(i.GPIO_SetBits) for GPIO_SetBits
    i2c.o(i.SDA_Output) refers to stm32f10x_gpio.o(i.GPIO_ResetBits) for GPIO_ResetBits
    i2c.o(i.SDA_Output_Mode) refers to stm32f10x_gpio.o(i.GPIO_Init) for GPIO_Init
    i2c.o(i.i2c_init) refers to stm32f10x_rcc.o(i.RCC_APB2PeriphClockCmd) for RCC_APB2PeriphClockCmd
    i2c.o(i.i2c_init) refers to stm32f10x_gpio.o(i.GPIO_Init) for GPIO_Init
    lcd.o(i.LCD_BusIn) refers to stm32f10x_gpio.o(i.GPIO_Init) for GPIO_Init
    lcd.o(i.LCD_BusOut) refers to stm32f10x_gpio.o(i.GPIO_Init) for GPIO_Init
[...]
    .text                                    0x080001f0   Section        0  noretval__2sprintf.o(.text)
    .text                                    0x08000218   Section        0  _printf_str.o(.text)
    .text                                    0x0800026c   Section        0  _printf_dec.o(.text)
    .text                                    0x080002e0   Section        0  __printf_flags_wp.o(.text)
    .text                                    0x08000424   Section        0  heapauxi.o(.text)
    .text                                    0x0800042a   Section        0  _printf_intcommon.o(.text)
    .text                                    0x080004de   Section        0  _printf_fp_dec.o(.text)
    _fp_digits                               0x080004e1   Thumb Code   420  _printf_fp_dec.o(.text)
    .text                                    0x080008ec   Section        0  _printf_char_common.o(.text)
    _printf_input_char                       0x080008ed   Thumb Code    10  _printf_char_common.o(.text)
    .text                                    0x0800091c   Section        0  _sputc.o(.text)
    .text                                    0x08000926   Section        0  _printf_char.o(.text)
    .text                                    0x08000952   Section       16  rtudiv10.o(.text)
    .text                                    0x08000964   Section       12  rt_locale_intlibspace.o(.text)
    .text                                    0x08000970   Section      138  lludiv10.o(.text)
    .text                                    0x080009fc   Section        0  _printf_fp_infnan.o(.text)
    .text                                    0x08000a78   Section        0  bigflt0.o(.text)
    .text                                    0x08000b64   Section        8  libspace.o(.text)
    .text                                    0x08000b6c   Section       74  sys_stackheap_outer.o(.text)
    .text                                    0x08000bb6   Section        0  exit.o(.text)
    .text                                    0x08000bc4   Section      128  strcmpv7m.o(.text)
    .text                                    0x08000c44   Section       12  rt_fp_status_addr_intlibspace.o(.text)
    .text                                    0x08000c50   Section        0  sys_exit.o(.text)
    .text                                    0x08000c5c   Section        2  use_no_semi.o(.text)
    CL$$btod_d2e                             0x08000c5e   Section       62  btod.o(CL$$btod_d2e)
    CL$$btod_d2e_denorm_low                  0x08000c9c   Section       70  btod.o(CL$$btod_d2e_denorm_low)
    CL$$btod_d2e_norm_op1                    0x08000ce2   Section       96  btod.o(CL$$btod_d2e_norm_op1)
    CL$$btod_div_common                      0x08000d42   Section      824  btod.o(CL$$btod_div_common)
    CL$$btod_e2e                             0x0800107a   Section      198  btod.o(CL$$btod_e2e)
    CL$$btod_ediv                            0x08001140   Section       40  btod.o(CL$$btod_ediv)
    CL$$btod_emul                            0x08001168   Section       40  btod.o(CL$$btod_emul)
    CL$$btod_mult_common                     0x08001190   Section      580  btod.o(CL$$btod_mult_common)
    i.ADC_Cmd                                0x080013d4   Section        0  stm32f10x_adc.o(i.ADC_Cmd)
    i.ADC_GetCalibrationStatus               0x080013ea   Section        0  stm32f10x_adc.o(i.ADC_GetCalibrationStatus)
    i.ADC_GetConversionValue                 0x080013fe   Section        0  stm32f10x_adc.o(i.ADC_GetConversionValue)
    i.ADC_GetResetCalibrationStatus          0x08001406   Section        0  stm32f10x_adc.o(i.ADC_GetResetCalibrationStatus)
    i.ADC_ITConfig                           0x0800141a   Section        0  stm32f10x_adc.o(i.ADC_ITConfig)
    i.ADC_Init                               0x08001434   Section        0  stm32f10x_adc.o(i.ADC_Init)
    i.ADC_RegularChannelConfig               0x08001484   Section        0  stm32f10x_adc.o(i.ADC_RegularChannelConfig)
    i.ADC_ResetCalibration                   0x0800153c   Section        0  stm32f10x_adc.o(i.ADC_ResetCalibration)
    i.ADC_SoftwareStartConvCmd               0x08001546   Section        0  stm32f10x_adc.o(i.ADC_SoftwareStartConvCmd)
    i.ADC_StartCalibration                   0x0800155c   Section        0  stm32f10x_adc.o(i.ADC_StartCalibration)
    i.AD_Read                                0x08001568   Section        0  main.o(i.AD_Read)
    i.BKP_DeInit                             0x08001678   Section        0  stm32f10x_bkp.o(i.BKP_DeInit)
    i.BusFault_Handler                       0x08001688   Section        0  stm32f10x_it.o(i.BusFault_Handler)
    i.DebugMon_Handler                       0x0800168c   Section        0  stm32f10x_it.o(i.DebugMon_Handler)
    i.Delay_LCD                              0x0800168e   Section        0  lcd.o(i.Delay_LCD)
    i.Delay_Ms                               0x080016ac   Section        0  main.o(i.Delay_Ms)
    i.GPIO_Init                              0x080016c0   Section        0  stm32f10x_gpio.o(i.GPIO_Init)
    i.GPIO_Int                               0x080017d4   Section        0  gong.o(i.GPIO_Int)
    i.GPIO_ReadInputDataBit                  0x080019c8   Section        0  stm32f10x_gpio.o(i.GPIO_ReadInputDataBit)
    i.GPIO_ResetBits                         0x080019da   Section        0  stm32f10x_gpio.o(i.GPIO_ResetBits)
    i.GPIO_SetBits                           0x080019de   Section        0  stm32f10x_gpio.o(i.GPIO_SetBits)
    i.HardFault_Handler                      0x080019e2   Section        0  stm32f10x_it.o(i.HardFault_Handler)
    i.I2CSendAck                             0x080019e6   Section        0  i2c.o(i.I2CSendAck)
    i.I2CSendByte                            0x08001a1c   Section        0  i2c.o(i.I2CSendByte)
    i.I2CStart                               0x08001a74   Section        0  i2c.o(i.I2CStart)
    i.I2CStop                                0x08001ab0   Section        0  i2c.o(i.I2CStop)
    i.IIC_Write                              0x08001aec   Section        0  gong.o(i.IIC_Write)
    i.KEY_Scan                               0x08001b1c   Section        0  main.o(i.KEY_Scan)
    i.LCD_BusIn                              0x08002928   Section        0  lcd.o(i.LCD_BusIn)
    i.LCD_BusOut                             0x0800294c   Section        0  lcd.o(i.LCD_BusOut)
    i.LCD_Clear                              0x08002970   Section        0  lcd.o(i.LCD_Clear)
    i.LCD_CtrlLinesConfig                    0x08002998   Section        0  lcd.o(i.LCD_CtrlLinesConfig)
    i.LCD_DisplayChar                        0x080029e8   Section        0  lcd.o(i.LCD_DisplayChar)
    i.LCD_DisplayStringLine                  0x08002a10   Section        0  lcd.o(i.LCD_DisplayStringLine)
    i.LCD_DrawChar                           0x08002a3c   Section        0  lcd.o(i.LCD_DrawChar)
    i.LCD_Init                               0x08002aa8   Section        0  main.o(i.LCD_Init)
    i.LCD_ReadReg                            0x08002ba4   Section        0  lcd.o(i.LCD_ReadReg)
    i.LCD_SetBackColor                       0x08002c14   Section        0  lcd.o(i.LCD_SetBackColor)
    i.LCD_SetCursor                          0x08002c20   Section        0  lcd.o(i.LCD_SetCursor)
    i.LCD_SetTextColor                       0x08002c38   Section        0  lcd.o(i.LCD_SetTextColor)
    i.LCD_WriteRAM                           0x08002c44   Section        0  lcd.o(i.LCD_WriteRAM)
    i.LCD_WriteRAM_Prepare                   0x08002c8c   Section        0  lcd.o(i.LCD_WriteRAM_Prepare)
    i.LCD_WriteReg                           0x08002cd8   Section        0  lcd.o(i.LCD_WriteReg)
    i.LED_RUN                                0x08002d34   Section        0  main.o(i.LED_RUN)
    i.List                                   0x08002d5c   Section        0  main.o(i.List)
    i.MemManage_Handler                      0x08002e88   Section        0  stm32f10x_it.o(i.MemManage_Handler)
    i.NMI_Handler                            0x08002e8c   Section        0  stm32f10x_it.o(i.NMI_Handler)
    i.NVIC_Configuration                     0x08002e8e   Section        0  gong.o(i.NVIC_Configuration)
    i.NVIC_Init                              0x08002ef0   Section        0  misc.o(i.NVIC_Init)
    i.NVIC_PriorityGroupConfig               0x08002f74   Section        0  misc.o(i.NVIC_PriorityGroupConfig)
    i.PWR_BackupAccessCmd                    0x08002f88   Section        0  stm32f10x_pwr.o(i.PWR_BackupAccessCmd)
    i.PendSV_Handler                         0x08002f94   Section        0  stm32f10x_it.o(i.PendSV_Handler)
    i.RCC_APB1PeriphClockCmd                 0x08002f98   Section        0  stm32f10x_rcc.o(i.RCC_APB1PeriphClockCmd)
    i.RCC_APB2PeriphClockCmd                 0x08002fb8   Section        0  stm32f10x_rcc.o(i.RCC_APB2PeriphClockCmd)
    i.RCC_BackupResetCmd                     0x08002fd8   Section        0  stm32f10x_rcc.o(i.RCC_BackupResetCmd)
    i.RCC_GetClocksFreq                      0x08002fe4   Section        0  stm32f10x_rcc.o(i.RCC_GetClocksFreq)
    i.RCC_GetFlagStatus                      0x080030b8   Section        0  stm32f10x_rcc.o(i.RCC_GetFlagStatus)
    i.RCC_LSICmd                             0x080030f4   Section        0  stm32f10x_rcc.o(i.RCC_LSICmd)
    i.RCC_RTCCLKCmd                          0x08003100   Section        0  stm32f10x_rcc.o(i.RCC_RTCCLKCmd)
    i.RCC_RTCCLKConfig                       0x0800310c   Section        0  stm32f10x_rcc.o(i.RCC_RTCCLKConfig)
    i.REG_8230_Init                          0x0800311c   Section        0  lcd.o(i.REG_8230_Init)
    i.REG_932X_Init                          0x0800323c   Section        0  lcd.o(i.REG_932X_Init)
    i.RTC_ClearITPendingBit                  0x08003440   Section        0  stm32f10x_rtc.o(i.RTC_ClearITPendingBit)
    i.RTC_EnterConfigMode                    0x08003460   Section        0  stm32f10x_rtc.o(i.RTC_EnterConfigMode)
    i.RTC_ExitConfigMode                     0x08003478   Section        0  stm32f10x_rtc.o(i.RTC_ExitConfigMode)
    i.RTC_GetCounter                         0x08003494   Section        0  stm32f10x_rtc.o(i.RTC_GetCounter)
    i.RTC_GetITStatus                        0x080034b0   Section        0  stm32f10x_rtc.o(i.RTC_GetITStatus)
    i.RTC_IRQHandler                         0x080034dc   Section        0  stm32f10x_it.o(i.RTC_IRQHandler)
    i.RTC_ITConfig                           0x080034fc   Section        0  stm32f10x_rtc.o(i.RTC_ITConfig)
    i.RTC_SetCounter                         0x0800352c   Section        0  stm32f10x_rtc.o(i.RTC_SetCounter)
    i.RTC_SetPrescaler                       0x08003550   Section        0  stm32f10x_rtc.o(i.RTC_SetPrescaler)
    i.RTC_WaitForLastTask                    0x08003574   Section        0  stm32f10x_rtc.o(i.RTC_WaitForLastTask)
    i.RTC_WaitForSynchro                     0x08003588   Section        0  stm32f10x_rtc.o(i.RTC_WaitForSynchro)
    i.SCL_Output                             0x080035b0   Section        0  i2c.o(i.SCL_Output)
    i.SDA_Output                             0x080035d0   Section        0  i2c.o(i.SDA_Output)
    i.STM3210B_LCD_Init                      0x080035f0   Section        0  lcd.o(i.STM3210B_LCD_Init)
    i.SVC_Handler                            0x08003628   Section        0  stm32f10x_it.o(i.SVC_Handler)
    i.SetSysClock                            0x0800362a   Section        0  system_stm32f10x.o(i.SetSysClock)
    SetSysClock                              0x0800362b   Thumb Code     8  system_stm32f10x.o(i.SetSysClock)
    i.SetSysClockTo72                        0x08003634   Section        0  system_stm32f10x.o(i.SetSysClockTo72)
    SetSysClockTo72                          0x08003635   Thumb Code   192  system_stm32f10x.o(i.SetSysClockTo72)
    i.SysTick_Handler                        0x080036fc   Section        0  stm32f10x_it.o(i.SysTick_Handler)
    i.SystemInit                             0x0800370c   Section        0  system_stm32f10x.o(i.SystemInit)
    i.TI1_Config                             0x0800376c   Section        0  stm32f10x_tim.o(i.TI1_Config)
    TI1_Config                               0x0800376d   Thumb Code   106  stm32f10x_tim.o(i.TI1_Config)
    i.TI2_Config                             0x080037ec   Section        0  stm32f10x_tim.o(i.TI2_Config)
    TI2_Config                               0x080037ed   Thumb Code   118  stm32f10x_tim.o(i.TI2_Config)
    i.TI3_Config                             0x08003878   Section        0  stm32f10x_tim.o(i.TI3_Config)
    TI3_Config                               0x08003879   Thumb Code   114  stm32f10x_tim.o(i.TI3_Config)
    i.TI4_Config                             0x08003900   Section        0  stm32f10x_tim.o(i.TI4_Config)
    TI4_Config                               0x08003901   Thumb Code   118  stm32f10x_tim.o(i.TI4_Config)
    i.TIM2_Configuration                     0x0800398c   Section        0  main.o(i.TIM2_Configuration)
    i.TIM3_Configuration                     0x08003a04   Section        0  main.o(i.TIM3_Configuration)
    i.TIM3_IRQHandler                        0x08003a70   Section        0  stm32f10x_it.o(i.TIM3_IRQHandler)
    i.TIM_ARRPreloadConfig                   0x08003b1c   Section        0  stm32f10x_tim.o(i.TIM_ARRPreloadConfig)
    i.TIM_ClearITPendingBit                  0x08003b34   Section        0  stm32f10x_tim.o(i.TIM_ClearITPendingBit)
    i.TIM_Cmd                                0x08003b3a   Section        0  stm32f10x_tim.o(i.TIM_Cmd)
    i.TIM_GetCapture2                        0x08003b52   Section        0  stm32f10x_tim.o(i.TIM_GetCapture2)
    i.TIM_GetITStatus                        0x08003b58   Section        0  stm32f10x_tim.o(i.TIM_GetITStatus)
    i.TIM_ICInit                             0x08003b7c   Section        0  stm32f10x_tim.o(i.TIM_ICInit)
    i.TIM_ITConfig                           0x08003c28   Section        0  stm32f10x_tim.o(i.TIM_ITConfig)
    i.TIM_OC2Init                            0x08003c40   Section        0  stm32f10x_tim.o(i.TIM_OC2Init)
    i.TIM_OC2PreloadConfig                   0x08003cdc   Section        0  stm32f10x_tim.o(i.TIM_OC2PreloadConfig)
    i.TIM_SetIC1Prescaler                    0x08003cf2   Section        0  stm32f10x_tim.o(i.TIM_SetIC1Prescaler)
    i.TIM_SetIC2Prescaler                    0x08003d04   Section        0  stm32f10x_tim.o(i.TIM_SetIC2Prescaler)
    i.TIM_SetIC3Prescaler                    0x08003d1a   Section        0  stm32f10x_tim.o(i.TIM_SetIC3Prescaler)
    i.TIM_SetIC4Prescaler                    0x08003d2c   Section        0  stm32f10x_tim.o(i.TIM_SetIC4Prescaler)
    i.TIM_TimeBaseInit                       0x08003d44   Section        0  stm32f10x_tim.o(i.TIM_TimeBaseInit)
    i.Time_Display                           0x08003de8   Section        0  main.o(i.Time_Display)
    i.USART2_Configuration                   0x08003eb0   Section        0  gong.o(i.USART2_Configuration)
    i.USART2_IRQHandler                      0x08003f30   Section        0  stm32f10x_it.o(i.USART2_IRQHandler)
    i.USART_Cmd                              0x08003f90   Section        0  stm32f10x_usart.o(i.USART_Cmd)
    i.USART_GetFlagStatus                    0x08003fa8   Section        0  stm32f10x_usart.o(i.USART_GetFlagStatus)
    i.USART_GetITStatus                      0x08003fc2   Section        0  stm32f10x_usart.o(i.USART_GetITStatus)
    i.USART_ITConfig                         0x08004016   Section        0  stm32f10x_usart.o(i.USART_ITConfig)
    i.USART_Init                             0x08004060   Section        0  stm32f10x_usart.o(i.USART_Init)
    i.USART_ReceiveData                      0x08004138   Section        0  stm32f10x_usart.o(i.USART_ReceiveData)
    i.USART_Send                             0x08004144   Section        0  main.o(i.USART_Send)
    i.USART_SendData                         0x08004174   Section        0  stm32f10x_usart.o(i.USART_SendData)
    i.UsageFault_Handler                     0x0800417c   Section        0  stm32f10x_it.o(i.UsageFault_Handler)
    i.__ARM_fpclassify                       0x08004180   Section        0  fpclassify.o(i.__ARM_fpclassify)
    i.delay1                                 0x080041a8   Section        0  i2c.o(i.delay1)
    i.i2c_init                               0x080041b4   Section        0  i2c.o(i.i2c_init)
    i.main                                   0x080041e0   Section        0  main.o(i.main)
    locale$$code                             0x080044d8   Section       44  lc_numeric_c.o(locale$$code)
    x$fpl$d2f                                0x08004504   Section       98  d2f.o(x$fpl$d2f)
    x$fpl$dadd                               0x08004568   Section      332  daddsub_clz.o(x$fpl$dadd)
    _dadd1                                   0x08004579   Thumb Code     0  daddsub_clz.o(x$fpl$dadd)
    x$fpl$ddiv                               0x080046b4   Section      688  ddiv.o(x$fpl$ddiv)
    ddiv_entry                               0x080046bb   Thumb Code     0  ddiv.o(x$fpl$ddiv)
    x$fpl$dfltu                              0x08004964   Section       38  dflt_clz.o(x$fpl$dfltu)
    x$fpl$dmul                               0x0800498c   Section      340  dmul.o(x$fpl$dmul)
    x$fpl$dnaninf                            0x08004ae0   Section      156  dnaninf.o(x$fpl$dnaninf)
    x$fpl$dretinf                            0x08004b7c   Section       12  dretinf.o(x$fpl$dretinf)
    x$fpl$dsub                               0x08004b88   Section      468  daddsub_clz.o(x$fpl$dsub)
    _dsub1                                   0x08004b99   Thumb Code     0  daddsub_clz.o(x$fpl$dsub)
    x$fpl$f2d                                0x08004d5c   Section       86  f2d.o(x$fpl$f2d)
    x$fpl$fadd                               0x08004db4   Section      196  faddsub_clz.o(x$fpl$fadd)
    _fadd1                                   0x08004dc3   Thumb Code     0  faddsub_clz.o(x$fpl$fadd)
    x$fpl$fcmpinf                            0x08004e78   Section       24  fcmpi.o(x$fpl$fcmpinf)
    x$fpl$fdiv                               0x08004e90   Section      388  fdiv.o(x$fpl$fdiv)
    _fdiv1                                   0x08004e91   Thumb Code     0  fdiv.o(x$fpl$fdiv)
    x$fpl$feqf                               0x08005014   Section      104  feqf.o(x$fpl$feqf)
    x$fpl$ffixu                              0x0800507c   Section       62  ffixu.o(x$fpl$ffixu)
    x$fpl$ffltu                              0x080050bc   Section       38  fflt_clz.o(x$fpl$ffltu)
    x$fpl$fleqf                              0x080050e4   Section      104  fleqf.o(x$fpl$fleqf)
    x$fpl$fmul                               0x0800514c   Section      258  fmul.o(x$fpl$fmul)
    x$fpl$fnaninf                            0x0800524e   Section      140  fnaninf.o(x$fpl$fnaninf)
    x$fpl$fpinit                             0x080052da   Section       14  fpinit.o(x$fpl$fpinit)
    x$fpl$fretinf                            0x080052e8   Section       10  fretinf.o(x$fpl$fretinf)
    x$fpl$frleqf                             0x080052f2   Section       98  frleqf.o(x$fpl$frleqf)
    x$fpl$fsub                               0x08005354   Section      234  faddsub_clz.o(x$fpl$fsub)
    _fsub1                                   0x08005363   Thumb Code     0  faddsub_clz.o(x$fpl$fsub)
    x$fpl$printf1                            0x0800543e   Section        4  printf1.o(x$fpl$printf1)
    .constdata                               0x08005442   Section     4560  lcd.o(.constdata)
    x$fpl$usenofp                            0x08005442   Section        0  usenofp.o(x$fpl$usenofp)
    .constdata                               0x08006614   Section       65  main.o(.constdata)
    .constdata                               0x08006655   Section       17  __printf_flags_wp.o(.constdata)
    maptable                                 0x08006655   Data          17  __printf_flags_wp.o(.constdata)
    .constdata                               0x08006668   Section      148  bigflt0.o(.constdata)
    tenpwrs_x                                0x08006668   Data          60  bigflt0.o(.constdata)
    tenpwrs_i                                0x080066a4   Data          64  bigflt0.o(.constdata)
    locale$$data                             0x0800671c   Section       28  lc_numeric_c.o(locale$$data)
    __lcnum_c_name                           0x08006720   Data           2  lc_numeric_c.o(locale$$data)
    __lcnum_c_start                          0x08006728   Data           0  lc_numeric_c.o(locale$$data)
    __lcnum_c_point                          0x08006734   Data           0  lc_numeric_c.o(locale$$data)
    __lcnum_c_thousands                      0x08006736   Data           0  lc_numeric_c.o(locale$$data)
    __lcnum_c_grouping                       0x08006737   Data           0  lc_numeric_c.o(locale$$data)
    __lcnum_c_end                            0x08006738   Data           0  lc_numeric_c.o(locale$$data)
    .data                                    0x20000000   Section        6  lcd.o(.data)
    TextColor                                0x20000000   Data           2  lcd.o(.data)
    BackColor                                0x20000002   Data           2  lcd.o(.data)
    .data                                    0x20000008   Section       72  main.o(.data)
    .data                                    0x20000050   Section       18  stm32f10x_it.o(.data)
    .data                                    0x20000064   Section       20  system_stm32f10x.o(.data)
    .data                                    0x20000078   Section       20  stm32f10x_rcc.o(.data)
    APBAHBPrescTable                         0x20000078   Data          16  stm32f10x_rcc.o(.data)
    ADCPrescTable                            0x20000088   Data           4  stm32f10x_rcc.o(.data)
    .bss                                     0x2000008c   Section      540  main.o(.bss)
    .bss                                     0x200002a8   Section       96  libspace.o(.bss)
    HEAP                                     0x20000308   Section      512  startup_stm32f10x_md.o(HEAP)
    Heap_Mem                                 0x20000308   Data         512  startup_stm32f10x_md.o(HEAP)
    STACK                                    0x20000508   Section     1024  startup_stm32f10x_md.o(STACK)
    Stack_Mem                                0x20000508   Data        1024  startup_stm32f10x_md.o(STACK)
    __initial_sp                             0x20000908   Data           0  startup_stm32f10x_md.o(STACK)

    Global Symbols

    Symbol Name                              Value     Ov Type        Size  Object(Section)

    BuildAttributes$$THM_ISAv4$P$D$K$B$S$PE$A:L22UL41UL21$X:L11$S22US41US21$IEEE1$IW$USESV6$~STKCKD$USESV7$~SHL$OTIME$ROPI$IEEEJ$EBA8$UX$STANDARDLIB$REQ8$PRES8$EABIv2 0x00000000   Number         0  anon$$obj.o ABSOLUTE
    __ARM_use_no_argv                        0x00000000   Number         0  main.o ABSOLUTE
    _printf_flags                            0x00000000   Number         0  printf_stubs.o ABSOLUTE
    _printf_return_value                     0x00000000   Number         0  printf_stubs.o ABSOLUTE
    _printf_sizespec                         0x00000000   Number         0  printf_stubs.o ABSOLUTE
    _printf_widthprec                        0x00000000   Number         0  printf_stubs.o ABSOLUTE
    __ARM_exceptions_init                     - Undefined Weak Reference
    __alloca_initialize                       - Undefined Weak Reference
    __cpp_initialize__aeabi_                  - Undefined Weak Reference
    __cxa_finalize                            - Undefined Weak Reference
    __sigvec_lookup                           - Undefined Weak Reference
    _atexit_init                              - Undefined Weak Reference
    _call_atexit_fns                          - Undefined Weak Reference
    _clock_init                               - Undefined Weak Reference
    _fp_trap_init                             - Undefined Weak Reference
    _fp_trap_shutdown                         - Undefined Weak Reference
    _get_lc_collate                           - Undefined Weak Reference
    _get_lc_ctype                             - Undefined Weak Reference
    _get_lc_monetary                          - Undefined Weak Reference
    _get_lc_time                              - Undefined Weak Reference
    _getenv_init                              - Undefined Weak Reference
    _handle_redirection                       - Undefined Weak Reference
    _init_alloc                               - Undefined Weak Reference
    _init_user_alloc                          - Undefined Weak Reference
    _initio                                   - Undefined Weak Reference
    _printf_mbtowc                            - Undefined Weak Reference
    _printf_post_padding                      - Undefined Weak Reference
    _printf_pre_padding                       - Undefined Weak Reference
    _printf_truncate_signed                   - Undefined Weak Reference
    _printf_truncate_unsigned                 - Undefined Weak Reference
    _rand_init                                - Undefined Weak Reference
    _signal_finish                            - Undefined Weak Reference
    _signal_init                              - Undefined Weak Reference
    _terminate_alloc                          - Undefined Weak Reference
    _terminate_user_alloc                     - Undefined Weak Reference
    _terminateio                              - Undefined Weak Reference
    __Vectors_Size                           0x000000ec   Number         0  startup_stm32f10x_md.o ABSOLUTE
    __Vectors                                0x08000000   Data           4  startup_stm32f10x_md.o(RESET)
    __Vectors_End                            0x080000ec   Data           0  startup_stm32f10x_md.o(RESET)
    __main                                   0x080000ed   Thumb Code     8  __main.o(!!!main)
    __scatterload                            0x080000f5   Thumb Code     0  __scatter.o(!!!scatter)
    __scatterload_rt2                        0x080000f5   Thumb Code    44  __scatter.o(!!!scatter)
    __scatterload_rt2_thumb_only             0x080000f5   Thumb Code     0  __scatter.o(!!!scatter)
    __scatterload_null                       0x08000103   Thumb Code     0  __scatter.o(!!!scatter)
    __scatterload_copy                       0x08000129   Thumb Code    26  __scatter_copy.o(!!handler_copy)
    __scatterload_zeroinit                   0x08000145   Thumb Code    28  __scatter_zi.o(!!handler_zi)
    _printf_f                                0x08000161   Thumb Code     0  _printf_f.o(.ARM.Collect$$_printf_percent$$00000003)
    _printf_percent                          0x08000161   Thumb Code     0  _printf_percent.o(.ARM.Collect$$_printf_percent$$00000000)
    _printf_d                                0x08000167   Thumb Code     0  _printf_d.o(.ARM.Collect$$_printf_percent$$00000009)
    _printf_s                                0x0800016d   Thumb Code     0  _printf_s.o(.ARM.Collect$$_printf_percent$$00000014)
    _printf_percent_end                      0x08000173   Thumb Code     0  _printf_percent_end.o(.ARM.Collect$$_printf_percent$$00000017)
    __rt_lib_init                            0x08000177   Thumb Code     0  libinit.o(.ARM.Collect$$libinit$$00000000)
    __rt_lib_init_heap_1                     0x0800017d   Thumb Code     0  libinit2.o(.ARM.Collect$$libinit$$00000006)
    __rt_lib_init_lc_common                  0x0800017d   Thumb Code     0  libinit2.o(.ARM.Collect$$libinit$$0000000B)
    __rt_lib_init_rand_1                     0x0800017d   Thumb Code     0  libinit2.o(.ARM.Collect$$libinit$$0000000A)
    __rt_lib_init_user_alloc_1               0x0800017d   Thumb Code     0  libinit2.o(.ARM.Collect$$libinit$$00000008)
    __rt_lib_init_lc_collate_1               0x08000183   Thumb Code     0  libinit2.o(.ARM.Collect$$libinit$$0000000D)
    __rt_lib_init_lc_ctype_1                 0x08000183   Thumb Code     0  libinit2.o(.ARM.Collect$$libinit$$0000000F)
    __rt_lib_init_lc_monetary_1              0x08000183   Thumb Code     0  libinit2.o(.ARM.Collect$$libinit$$00000011)
    __rt_lib_init_lc_numeric_2               0x08000183   Thumb Code     0  libinit2.o(.ARM.Collect$$libinit$$00000012)
    __rt_lib_init_alloca_1                   0x0800018d   Thumb Code     0  libinit2.o(.ARM.Collect$$libinit$$0000002A)
    __rt_lib_init_argv_1                     0x0800018d   Thumb Code     0  libinit2.o(.ARM.Collect$$libinit$$00000028)
    __rt_lib_init_atexit_1                   0x0800018d   Thumb Code     0  libinit2.o(.ARM.Collect$$libinit$$00000017)
    __rt_lib_init_clock_1                    0x0800018d   Thumb Code     0  libinit2.o(.ARM.Collect$$libinit$$0000001D)
    __rt_lib_init_cpp_1                      0x0800018d   Thumb Code     0  libinit2.o(.ARM.Collect$$libinit$$0000002E)
    __rt_lib_init_exceptions_1               0x0800018d   Thumb Code     0  libinit2.o(.ARM.Collect$$libinit$$0000002C)
    __rt_lib_init_fp_trap_1                  0x0800018d   Thumb Code     0  libinit2.o(.ARM.Collect$$libinit$$0000001B)
    __rt_lib_init_getenv_1                   0x0800018d   Thumb Code     0  libinit2.o(.ARM.Collect$$libinit$$0000001F)
    __rt_lib_init_lc_numeric_1               0x0800018d   Thumb Code     0  libinit2.o(.ARM.Collect$$libinit$$00000013)
    __rt_lib_init_lc_time_1                  0x0800018d   Thumb Code     0  libinit2.o(.ARM.Collect$$libinit$$00000015)
    __rt_lib_init_return                     0x0800018d   Thumb Code     0  libinit2.o(.ARM.Collect$$libinit$$0000002F)
    __rt_lib_init_signal_1                   0x0800018d   Thumb Code     0  libinit2.o(.ARM.Collect$$libinit$$00000019)
    __rt_lib_init_stdio_1                    0x0800018d   Thumb Code     0  libinit2.o(.ARM.Collect$$libinit$$00000021)
    __rt_lib_shutdown                        0x0800018f   Thumb Code     0  libshutdown.o(.ARM.Collect$$libshutdown$$00000000)
    __rt_lib_shutdown_fp_trap_1              0x08000191   Thumb Code     0  libshutdown2.o(.ARM.Collect$$libshutdown$$00000006)
    __rt_lib_shutdown_heap_1                 0x08000191   Thumb Code     0  libshutdown2.o(.ARM.Collect$$libshutdown$$0000000E)
    __rt_lib_shutdown_return                 0x08000191   Thumb Code     0  libshutdown2.o(.ARM.Collect$$libshutdown$$0000000F)
    __rt_lib_shutdown_signal_1               0x08000191   Thumb Code     0  libshutdown2.o(.ARM.Collect$$libshutdown$$00000009)
    __rt_lib_shutdown_stdio_1                0x08000191   Thumb Code     0  libshutdown2.o(.ARM.Collect$$libshutdown$$00000003)
    __rt_lib_shutdown_user_alloc_1           0x08000191   Thumb Code     0  libshutdown2.o(.ARM.Collect$$libshutdown$$0000000B)
    __rt_entry                               0x08000193   Thumb Code     0  rtentry.o(.ARM.Collect$$rtentry$$00000000)
    __rt_entry_presh_1                       0x08000193   Thumb Code     0  rtentry2.o(.ARM.Collect$$rtentry$$00000002)
    __rt_entry_sh                            0x08000193   Thumb Code     0  rtentry4.o(.ARM.Collect$$rtentry$$00000004)
    __rt_entry_li                            0x08000199   Thumb Code     0  rtentry2.o(.ARM.Collect$$rtentry$$0000000A)
    __rt_entry_postsh_1                      0x08000199   Thumb Code     0  rtentry2.o(.ARM.Collect$$rtentry$$00000009)
    __rt_entry_main                          0x0800019d   Thumb Code     0  rtentry2.o(.ARM.Collect$$rtentry$$0000000D)
    __rt_entry_postli_1                      0x0800019d   Thumb Code     0  rtentry2.o(.ARM.Collect$$rtentry$$0000000C)
    __rt_exit                                0x080001a5   Thumb Code     0  rtexit.o(.ARM.Collect$$rtexit$$00000000)
    __rt_exit_ls                             0x080001a7   Thumb Code     0  rtexit2.o(.ARM.Collect$$rtexit$$00000003)
    __rt_exit_prels_1                        0x080001a7   Thumb Code     0  rtexit2.o(.ARM.Collect$$rtexit$$00000002)
    __rt_exit_exit                           0x080001ab   Thumb Code     0  rtexit2.o(.ARM.Collect$$rtexit$$00000004)
    Reset_Handler                            0x080001b1   Thumb Code     8  startup_stm32f10x_md.o(.text)
    ADC1_2_IRQHandler                        0x080001cb   Thumb Code     0  startup_stm32f10x_md.o(.text)
    CAN1_RX1_IRQHandler                      0x080001cb   Thumb Code     0  startup_stm32f10x_md.o(.text)
    CAN1_SCE_IRQHandler                      0x080001cb   Thumb Code     0  startup_stm32f10x_md.o(.text)
    DMA1_Channel1_IRQHandler                 0x080001cb   Thumb Code     0  startup_stm32f10x_md.o(.text)
    DMA1_Channel2_IRQHandler                 0x080001cb   Thumb Code     0  startup_stm32f10x_md.o(.text)
    DMA1_Channel3_IRQHandler                 0x080001cb   Thumb Code     0  startup_stm32f10x_md.o(.text)
    DMA1_Channel4_IRQHandler                 0x080001cb   Thumb Code     0  startup_stm32f10x_md.o(.text)
    DMA1_Channel5_IRQHandler                 0x080001cb   Thumb Code     0  startup_stm32f10x_md.o(.text)
    DMA1_Channel6_IRQHandler                 0x080001cb   Thumb Code     0  startup_stm32f10x_md.o(.text)
    DMA1_Channel7_IRQHandler                 0x080001cb   Thumb Code     0  startup_stm32f10x_md.o(.text)
    EXTI0_IRQHandler                         0x080001cb   Thumb Code     0  startup_stm32f10x_md.o(.text)
    EXTI15_10_IRQHandler                     0x080001cb   Thumb Code     0  startup_stm32f10x_md.o(.text)
    EXTI1_IRQHandler                         0x080001cb   Thumb Code     0  startup_stm32f10x_md.o(.text)
    EXTI2_IRQHandler                         0x080001cb   Thumb Code     0  startup_stm32f10x_md.o(.text)
    EXTI3_IRQHandler                         0x080001cb   Thumb Code     0  startup_stm32f10x_md.o(.text)
    EXTI4_IRQHandler                         0x080001cb   Thumb Code     0  startup_stm32f10x_md.o(.text)
    EXTI9_5_IRQHandler                       0x080001cb   Thumb Code     0  startup_stm32f10x_md.o(.text)
    FLASH_IRQHandler                         0x080001cb   Thumb Code     0  startup_stm32f10x_md.o(.text)
    I2C1_ER_IRQHandler                       0x080001cb   Thumb Code     0  startup_stm32f10x_md.o(.text)
    I2C1_EV_IRQHandler                       0x080001cb   Thumb Code     0  startup_stm32f10x_md.o(.text)
    I2C2_ER_IRQHandler                       0x080001cb   Thumb Code     0  startup_stm32f10x_md.o(.text)
    I2C2_EV_IRQHandler                       0x080001cb   Thumb Code     0  startup_stm32f10x_md.o(.text)
    PVD_IRQHandler                           0x080001cb   Thumb Code     0  startup_stm32f10x_md.o(.text)
    RCC_IRQHandler                           0x080001cb   Thumb Code     0  startup_stm32f10x_md.o(.text)
    RTCAlarm_IRQHandler                      0x080001cb   Thumb Code     0  startup_stm32f10x_md.o(.text)
    SPI1_IRQHandler                          0x080001cb   Thumb Code     0  startup_stm32f10x_md.o(.text)
    SPI2_IRQHandler                          0x080001cb   Thumb Code     0  startup_stm32f10x_md.o(.text)
    TAMPER_IRQHandler                        0x080001cb   Thumb Code     0  startup_stm32f10x_md.o(.text)
    TIM1_BRK_IRQHandler                      0x080001cb   Thumb Code     0  startup_stm32f10x_md.o(.text)
    TIM1_CC_IRQHandler                       0x080001cb   Thumb Code     0  startup_stm32f10x_md.o(.text)
    TIM1_TRG_COM_IRQHandler                  0x080001cb   Thumb Code     0  startup_stm32f10x_md.o(.text)
    TIM1_UP_IRQHandler                       0x080001cb   Thumb Code     0  startup_stm32f10x_md.o(.text)
    TIM2_IRQHandler                          0x080001cb   Thumb Code     0  startup_stm32f10x_md.o(.text)
    TIM4_IRQHandler                          0x080001cb   Thumb Code     0  startup_stm32f10x_md.o(.text)
    USART1_IRQHandler                        0x080001cb   Thumb Code     0  startup_stm32f10x_md.o(.text)
    USART3_IRQHandler                        0x080001cb   Thumb Code     0  startup_stm32f10x_md.o(.text)
    USBWakeUp_IRQHandler                     0x080001cb   Thumb Code     0  startup_stm32f10x_md.o(.text)
    USB_HP_CAN1_TX_IRQHandler                0x080001cb   Thumb Code     0  startup_stm32f10x_md.o(.text)
    USB_LP_CAN1_RX0_IRQHandler               0x080001cb   Thumb Code     0  startup_stm32f10x_md.o(.text)
    WWDG_IRQHandler                          0x080001cb   Thumb Code     0  startup_stm32f10x_md.o(.text)
    __user_initial_stackheap                 0x080001cd   Thumb Code     0  startup_stm32f10x_md.o(.text)
    __2sprintf                               0x080001f1   Thumb Code    34  noretval__2sprintf.o(.text)
    _printf_str                              0x08000219   Thumb Code    82  _printf_str.o(.text)
    _printf_int_dec                          0x0800026d   Thumb Code    98  _printf_dec.o(.text)
    __printf                                 0x080002e1   Thumb Code   320  __printf_flags_wp.o(.text)
    __use_two_region_memory                  0x08000425   Thumb Code     2  heapauxi.o(.text)
    __rt_heap_escrow$2region                 0x08000427   Thumb Code     2  heapauxi.o(.text)
    __rt_heap_expand$2region                 0x08000429   Thumb Code     2  heapauxi.o(.text)
    _printf_int_common                       0x0800042b   Thumb Code   180  _printf_intcommon.o(.text)
    __lib_sel_fp_printf                      0x080004df   Thumb Code     2  _printf_fp_dec.o(.text)
    _printf_fp_dec_real                      0x08000685   Thumb Code   616  _printf_fp_dec.o(.text)
    _printf_char_common                      0x080008f7   Thumb Code    32  _printf_char_common.o(.text)
    _sputc                                   0x0800091d   Thumb Code    10  _sputc.o(.text)
    _printf_cs_common                        0x08000927   Thumb Code    20  _printf_char.o(.text)
    _printf_char                             0x0800093b   Thumb Code    16  _printf_char.o(.text)
    _printf_string                           0x0800094b   Thumb Code     8  _printf_char.o(.text)
    __rt_udiv10                              0x08000953   Thumb Code    16  rtudiv10.o(.text)
    __rt_locale                              0x08000965   Thumb Code    12  rt_locale_intlibspace.o(.text)
    _ll_udiv10                               0x08000971   Thumb Code   138  lludiv10.o(.text)
    _printf_fp_infnan                        0x080009fd   Thumb Code   108  _printf_fp_infnan.o(.text)
    _btod_etento                             0x08000a79   Thumb Code   230  bigflt0.o(.text)
    __user_libspace                          0x08000b65   Thumb Code     8  libspace.o(.text)
    __user_perproc_libspace                  0x08000b65   Thumb Code     0  libspace.o(.text)
    __user_perthread_libspace                0x08000b65   Thumb Code     0  libspace.o(.text)
    __user_setup_stackheap                   0x08000b6d   Thumb Code    74  sys_stackheap_outer.o(.text)
    exit                                     0x08000bb7   Thumb Code    12  exit.o(.text)
    strcmp                                   0x08000bc5   Thumb Code   128  strcmpv7m.o(.text)
    __rt_fp_status_addr                      0x08000c45   Thumb Code    12  rt_fp_status_addr_intlibspace.o(.text)
    _sys_exit                                0x08000c51   Thumb Code     8  sys_exit.o(.text)
    __I$use$semihosting                      0x08000c5d   Thumb Code     0  use_no_semi.o(.text)
    __use_no_semihosting_swi                 0x08000c5d   Thumb Code     2  use_no_semi.o(.text)
    _btod_d2e                                0x08000c5f   Thumb Code    62  btod.o(CL$$btod_d2e)
    _d2e_denorm_low                          0x08000c9d   Thumb Code    70  btod.o(CL$$btod_d2e_denorm_low)
    _d2e_norm_op1                            0x08000ce3   Thumb Code    96  btod.o(CL$$btod_d2e_norm_op1)
    __btod_div_common                        0x08000d43   Thumb Code   696  btod.o(CL$$btod_div_common)
    _e2e                                     0x0800107b   Thumb Code   198  btod.o(CL$$btod_e2e)
    _btod_ediv                               0x08001141   Thumb Code    40  btod.o(CL$$btod_ediv)
    _btod_emul                               0x08001169   Thumb Code    40  btod.o(CL$$btod_emul)
    __btod_mult_common                       0x08001191   Thumb Code   580  btod.o(CL$$btod_mult_common)
    ADC_Cmd                                  0x080013d5   Thumb Code    22  stm32f10x_adc.o(i.ADC_Cmd)
    ADC_GetCalibrationStatus                 0x080013eb   Thumb Code    20  stm32f10x_adc.o(i.ADC_GetCalibrationStatus)
    ADC_GetConversionValue                   0x080013ff   Thumb Code     8  stm32f10x_adc.o(i.ADC_GetConversionValue)
    ADC_GetResetCalibrationStatus            0x08001407   Thumb Code    20  stm32f10x_adc.o(i.ADC_GetResetCalibrationStatus)
    ADC_ITConfig                             0x0800141b   Thumb Code    24  stm32f10x_adc.o(i.ADC_ITConfig)
    ADC_Init                                 0x08001435   Thumb Code    70  stm32f10x_adc.o(i.ADC_Init)
    ADC_RegularChannelConfig                 0x08001485   Thumb Code   184  stm32f10x_adc.o(i.ADC_RegularChannelConfig)
    ADC_ResetCalibration                     0x0800153d   Thumb Code    10  stm32f10x_adc.o(i.ADC_ResetCalibration)
    ADC_SoftwareStartConvCmd                 0x08001547   Thumb Code    22  stm32f10x_adc.o(i.ADC_SoftwareStartConvCmd)
    ADC_StartCalibration                     0x0800155d   Thumb Code    10  stm32f10x_adc.o(i.ADC_StartCalibration)
    AD_Read                                  0x08001569   Thumb Code   204  main.o(i.AD_Read)
    BKP_DeInit                               0x08001679   Thumb Code    16  stm32f10x_bkp.o(i.BKP_DeInit)
    BusFault_Handler                         0x08001689   Thumb Code     4  stm32f10x_it.o(i.BusFault_Handler)
    DebugMon_Handler                         0x0800168d   Thumb Code     2  stm32f10x_it.o(i.DebugMon_Handler)
    Delay_LCD                                0x0800168f   Thumb Code    30  lcd.o(i.Delay_LCD)
    Delay_Ms                                 0x080016ad   Thumb Code    16  main.o(i.Delay_Ms)
    GPIO_Init                                0x080016c1   Thumb Code   274  stm32f10x_gpio.o(i.GPIO_Init)
    GPIO_Int                                 0x080017d5   Thumb Code   480  gong.o(i.GPIO_Int)
    GPIO_ReadInputDataBit                    0x080019c9   Thumb Code    18  stm32f10x_gpio.o(i.GPIO_ReadInputDataBit)
    GPIO_ResetBits                           0x080019db   Thumb Code     4  stm32f10x_gpio.o(i.GPIO_ResetBits)
    GPIO_SetBits                             0x080019df   Thumb Code     4  stm32f10x_gpio.o(i.GPIO_SetBits)
    HardFault_Handler                        0x080019e3   Thumb Code     4  stm32f10x_it.o(i.HardFault_Handler)
    I2CSendAck                               0x080019e7   Thumb Code    54  i2c.o(i.I2CSendAck)
    I2CSendByte                              0x08001a1d   Thumb Code    88  i2c.o(i.I2CSendByte)
    I2CStart                                 0x08001a75   Thumb Code    60  i2c.o(i.I2CStart)
    I2CStop                                  0x08001ab1   Thumb Code    60  i2c.o(i.I2CStop)
    IIC_Write                                0x08001aed   Thumb Code    46  gong.o(i.IIC_Write)
    KEY_Scan                                 0x08001b1d   Thumb Code  3596  main.o(i.KEY_Scan)
    LCD_BusIn                                0x08002929   Thumb Code    32  lcd.o(i.LCD_BusIn)
    LCD_BusOut                               0x0800294d   Thumb Code    32  lcd.o(i.LCD_BusOut)
    LCD_Clear                                0x08002971   Thumb Code    38  lcd.o(i.LCD_Clear)
    LCD_CtrlLinesConfig                      0x08002999   Thumb Code    66  lcd.o(i.LCD_CtrlLinesConfig)
    LCD_DisplayChar                          0x080029e9   Thumb Code    34  lcd.o(i.LCD_DisplayChar)
    LCD_DisplayStringLine                    0x08002a11   Thumb Code    44  lcd.o(i.LCD_DisplayStringLine)
    LCD_DrawChar                             0x08002a3d   Thumb Code   100  lcd.o(i.LCD_DrawChar)
    LCD_Init                                 0x08002aa9   Thumb Code   108  main.o(i.LCD_Init)
    LCD_ReadReg                              0x08002ba5   Thumb Code    96  lcd.o(i.LCD_ReadReg)
    LCD_SetBackColor                         0x08002c15   Thumb Code     6  lcd.o(i.LCD_SetBackColor)
    LCD_SetCursor                            0x08002c21   Thumb Code    24  lcd.o(i.LCD_SetCursor)
    LCD_SetTextColor                         0x08002c39   Thumb Code     6  lcd.o(i.LCD_SetTextColor)
    LCD_WriteRAM                             0x08002c45   Thumb Code    58  lcd.o(i.LCD_WriteRAM)
    LCD_WriteRAM_Prepare                     0x08002c8d   Thumb Code    60  lcd.o(i.LCD_WriteRAM_Prepare)
    LCD_WriteReg                             0x08002cd9   Thumb Code    80  lcd.o(i.LCD_WriteReg)
    LED_RUN                                  0x08002d35   Thumb Code    30  main.o(i.LED_RUN)
    List                                     0x08002d5d   Thumb Code   192  main.o(i.List)
    MemManage_Handler                        0x08002e89   Thumb Code     4  stm32f10x_it.o(i.MemManage_Handler)
    NMI_Handler                              0x08002e8d   Thumb Code     2  stm32f10x_it.o(i.NMI_Handler)
    NVIC_Configuration                       0x08002e8f   Thumb Code    98  gong.o(i.NVIC_Configuration)
    NVIC_Init                                0x08002ef1   Thumb Code   118  misc.o(i.NVIC_Init)
    NVIC_PriorityGroupConfig                 0x08002f75   Thumb Code    10  misc.o(i.NVIC_PriorityGroupConfig)
    PWR_BackupAccessCmd                      0x08002f89   Thumb Code     6  stm32f10x_pwr.o(i.PWR_BackupAccessCmd)
    PendSV_Handler                           0x08002f95   Thumb Code     2  stm32f10x_it.o(i.PendSV_Handler)
    RCC_APB1PeriphClockCmd                   0x08002f99   Thumb Code    26  stm32f10x_rcc.o(i.RCC_APB1PeriphClockCmd)
    RCC_APB2PeriphClockCmd                   0x08002fb9   Thumb Code    26  stm32f10x_rcc.o(i.RCC_APB2PeriphClockCmd)
    RCC_BackupResetCmd                       0x08002fd9   Thumb Code     6  stm32f10x_rcc.o(i.RCC_BackupResetCmd)
    RCC_GetClocksFreq                        0x08002fe5   Thumb Code   192  stm32f10x_rcc.o(i.RCC_GetClocksFreq)
    RCC_GetFlagStatus                        0x080030b9   Thumb Code    56  stm32f10x_rcc.o(i.RCC_GetFlagStatus)
    RCC_LSICmd                               0x080030f5   Thumb Code     6  stm32f10x_rcc.o(i.RCC_LSICmd)
    RCC_RTCCLKCmd                            0x08003101   Thumb Code     6  stm32f10x_rcc.o(i.RCC_RTCCLKCmd)
    RCC_RTCCLKConfig                         0x0800310d   Thumb Code    12  stm32f10x_rcc.o(i.RCC_RTCCLKConfig)
    REG_8230_Init                            0x0800311d   Thumb Code   288  lcd.o(i.REG_8230_Init)
    REG_932X_Init                            0x0800323d   Thumb Code   514  lcd.o(i.REG_932X_Init)
    RTC_ClearITPendingBit                    0x08003441   Thumb Code    22  stm32f10x_rtc.o(i.RTC_ClearITPendingBit)
    RTC_EnterConfigMode                      0x08003461   Thumb Code    16  stm32f10x_rtc.o(i.RTC_EnterConfigMode)
    RTC_ExitConfigMode                       0x08003479   Thumb Code    20  stm32f10x_rtc.o(i.RTC_ExitConfigMode)
    RTC_GetCounter                           0x08003495   Thumb Code    18  stm32f10x_rtc.o(i.RTC_GetCounter)
    RTC_GetITStatus                          0x080034b1   Thumb Code    34  stm32f10x_rtc.o(i.RTC_GetITStatus)
    RTC_IRQHandler                           0x080034dd   Thumb Code    28  stm32f10x_it.o(i.RTC_IRQHandler)
    RTC_ITConfig                             0x080034fd   Thumb Code    40  stm32f10x_rtc.o(i.RTC_ITConfig)
    RTC_SetCounter                           0x0800352d   Thumb Code    26  stm32f10x_rtc.o(i.RTC_SetCounter)
    RTC_SetPrescaler                         0x08003551   Thumb Code    28  stm32f10x_rtc.o(i.RTC_SetPrescaler)
    RTC_WaitForLastTask                      0x08003575   Thumb Code    14  stm32f10x_rtc.o(i.RTC_WaitForLastTask)
    RTC_WaitForSynchro                       0x08003589   Thumb Code    32  stm32f10x_rtc.o(i.RTC_WaitForSynchro)
    SCL_Output                               0x080035b1   Thumb Code    26  i2c.o(i.SCL_Output)
    SDA_Output                               0x080035d1   Thumb Code    26  i2c.o(i.SDA_Output)
    STM3210B_LCD_Init                        0x080035f1   Thumb Code    50  lcd.o(i.STM3210B_LCD_Init)
    SVC_Handler                              0x08003629   Thumb Code     2  stm32f10x_it.o(i.SVC_Handler)
    SysTick_Handler                          0x080036fd   Thumb Code    12  stm32f10x_it.o(i.SysTick_Handler)
    SystemInit                               0x0800370d   Thumb Code    78  system_stm32f10x.o(i.SystemInit)
    TIM2_Configuration                       0x0800398d   Thumb Code   116  main.o(i.TIM2_Configuration)
    TIM3_Configuration                       0x08003a05   Thumb Code   104  main.o(i.TIM3_Configuration)
    TIM3_IRQHandler                          0x08003a71   Thumb Code   142  stm32f10x_it.o(i.TIM3_IRQHandler)
    TIM_ARRPreloadConfig                     0x08003b1d   Thumb Code    24  stm32f10x_tim.o(i.TIM_ARRPreloadConfig)
    TIM_ClearITPendingBit                    0x08003b35   Thumb Code     6  stm32f10x_tim.o(i.TIM_ClearITPendingBit)
    TIM_Cmd                                  0x08003b3b   Thumb Code    24  stm32f10x_tim.o(i.TIM_Cmd)
    TIM_GetCapture2                          0x08003b53   Thumb Code     6  stm32f10x_tim.o(i.TIM_GetCapture2)
    TIM_GetITStatus                          0x08003b59   Thumb Code    34  stm32f10x_tim.o(i.TIM_GetITStatus)
    TIM_ICInit                               0x08003b7d   Thumb Code   150  stm32f10x_tim.o(i.TIM_ICInit)
    TIM_ITConfig                             0x08003c29   Thumb Code    24  stm32f10x_tim.o(i.TIM_ITConfig)
    TIM_OC2Init                              0x08003c41   Thumb Code   146  stm32f10x_tim.o(i.TIM_OC2Init)
    TIM_OC2PreloadConfig                     0x08003cdd   Thumb Code    22  stm32f10x_tim.o(i.TIM_OC2PreloadConfig)
    TIM_SetIC1Prescaler                      0x08003cf3   Thumb Code    18  stm32f10x_tim.o(i.TIM_SetIC1Prescaler)
    TIM_SetIC2Prescaler                      0x08003d05   Thumb Code    22  stm32f10x_tim.o(i.TIM_SetIC2Prescaler)
    TIM_SetIC3Prescaler                      0x08003d1b   Thumb Code    18  stm32f10x_tim.o(i.TIM_SetIC3Prescaler)
    TIM_SetIC4Prescaler                      0x08003d2d   Thumb Code    22  stm32f10x_tim.o(i.TIM_SetIC4Prescaler)
    TIM_TimeBaseInit                         0x08003d45   Thumb Code   122  stm32f10x_tim.o(i.TIM_TimeBaseInit)
    Time_Display                             0x08003de9   Thumb Code   146  main.o(i.Time_Display)
    USART2_Configuration                     0x08003eb1   Thumb Code   120  gong.o(i.USART2_Configuration)
    USART2_IRQHandler                        0x08003f31   Thumb Code    86  stm32f10x_it.o(i.USART2_IRQHandler)
    USART_Cmd                                0x08003f91   Thumb Code    24  stm32f10x_usart.o(i.USART_Cmd)
    USART_GetFlagStatus                      0x08003fa9   Thumb Code    26  stm32f10x_usart.o(i.USART_GetFlagStatus)
    USART_GetITStatus                        0x08003fc3   Thumb Code    84  stm32f10x_usart.o(i.USART_GetITStatus)
    USART_ITConfig                           0x08004017   Thumb Code    74  stm32f10x_usart.o(i.USART_ITConfig)
    USART_Init                               0x08004061   Thumb Code   210  stm32f10x_usart.o(i.USART_Init)
    USART_ReceiveData                        0x08004139   Thumb Code    10  stm32f10x_usart.o(i.USART_ReceiveData)
    USART_Send                               0x08004145   Thumb Code    42  main.o(i.USART_Send)
    USART_SendData                           0x08004175   Thumb Code     8  stm32f10x_usart.o(i.USART_SendData)
    UsageFault_Handler                       0x0800417d   Thumb Code     4  stm32f10x_it.o(i.UsageFault_Handler)
    __ARM_fpclassify                         0x08004181   Thumb Code    40  fpclassify.o(i.__ARM_fpclassify)
    delay1                                   0x080041a9   Thumb Code    12  i2c.o(i.delay1)
    i2c_init                                 0x080041b5   Thumb Code    38  i2c.o(i.i2c_init)
    main                                     0x080041e1   Thumb Code   548  main.o(i.main)
    _get_lc_numeric                          0x080044d9   Thumb Code    44  lc_numeric_c.o(locale$$code)
    __aeabi_d2f                              0x08004505   Thumb Code     0  d2f.o(x$fpl$d2f)
    _d2f                                     0x08004505   Thumb Code    98  d2f.o(x$fpl$d2f)
    __aeabi_dadd                             0x08004569   Thumb Code     0  daddsub_clz.o(x$fpl$dadd)
    _dadd                                    0x08004569   Thumb Code   328  daddsub_clz.o(x$fpl$dadd)
    __aeabi_ddiv                             0x080046b5   Thumb Code     0  ddiv.o(x$fpl$ddiv)
    _ddiv                                    0x080046b5   Thumb Code   552  ddiv.o(x$fpl$ddiv)
    __aeabi_ui2d                             0x08004965   Thumb Code     0  dflt_clz.o(x$fpl$dfltu)
    _dfltu                                   0x08004965   Thumb Code    38  dflt_clz.o(x$fpl$dfltu)
    __aeabi_dmul                             0x0800498d   Thumb Code     0  dmul.o(x$fpl$dmul)
    _dmul                                    0x0800498d   Thumb Code   332  dmul.o(x$fpl$dmul)
    __fpl_dnaninf                            0x08004ae1   Thumb Code   156  dnaninf.o(x$fpl$dnaninf)
    __fpl_dretinf                            0x08004b7d   Thumb Code    12  dretinf.o(x$fpl$dretinf)
    __aeabi_dsub                             0x08004b89   Thumb Code     0  daddsub_clz.o(x$fpl$dsub)
    _dsub                                    0x08004b89   Thumb Code   464  daddsub_clz.o(x$fpl$dsub)
    __aeabi_f2d                              0x08004d5d   Thumb Code     0  f2d.o(x$fpl$f2d)
    _f2d                                     0x08004d5d   Thumb Code    86  f2d.o(x$fpl$f2d)
    __aeabi_fadd                             0x08004db5   Thumb Code     0  faddsub_clz.o(x$fpl$fadd)
    _fadd                                    0x08004db5   Thumb Code   196  faddsub_clz.o(x$fpl$fadd)
    __fpl_fcmp_Inf                           0x08004e79   Thumb Code    24  fcmpi.o(x$fpl$fcmpinf)
    __aeabi_fdiv                             0x08004e91   Thumb Code     0  fdiv.o(x$fpl$fdiv)
    _fdiv                                    0x08004e91   Thumb Code   384  fdiv.o(x$fpl$fdiv)
    __aeabi_cfcmpeq                          0x08005015   Thumb Code     0  feqf.o(x$fpl$feqf)
    _fcmpeq                                  0x08005015   Thumb Code   104  feqf.o(x$fpl$feqf)
    __aeabi_f2uiz                            0x0800507d   Thumb Code     0  ffixu.o(x$fpl$ffixu)
    _ffixu                                   0x0800507d   Thumb Code    62  ffixu.o(x$fpl$ffixu)
    __aeabi_ui2f                             0x080050bd   Thumb Code     0  fflt_clz.o(x$fpl$ffltu)
    _ffltu                                   0x080050bd   Thumb Code    38  fflt_clz.o(x$fpl$ffltu)
    __aeabi_cfcmple                          0x080050e5   Thumb Code     0  fleqf.o(x$fpl$fleqf)
    _fcmple                                  0x080050e5   Thumb Code   104  fleqf.o(x$fpl$fleqf)
    __fpl_fcmple_InfNaN                      0x08005137   Thumb Code     0  fleqf.o(x$fpl$fleqf)
    __aeabi_fmul                             0x0800514d   Thumb Code     0  fmul.o(x$fpl$fmul)
    _fmul                                    0x0800514d   Thumb Code   258  fmul.o(x$fpl$fmul)
    __fpl_fnaninf                            0x0800524f   Thumb Code   140  fnaninf.o(x$fpl$fnaninf)
    _fp_init                                 0x080052db   Thumb Code    14  fpinit.o(x$fpl$fpinit)
    __fplib_config_pureend_doubles           0x080052e7   Thumb Code     0  fpinit.o(x$fpl$fpinit)
    __fpl_fretinf                            0x080052e9   Thumb Code    10  fretinf.o(x$fpl$fretinf)
    __aeabi_cfrcmple                         0x080052f3   Thumb Code     0  frleqf.o(x$fpl$frleqf)
    _frcmple                                 0x080052f3   Thumb Code    98  frleqf.o(x$fpl$frleqf)
    __aeabi_fsub                             0x08005355   Thumb Code     0  faddsub_clz.o(x$fpl$fsub)
    _fsub                                    0x08005355   Thumb Code   234  faddsub_clz.o(x$fpl$fsub)
    _printf_fp_dec                           0x0800543f   Thumb Code     4  printf1.o(x$fpl$printf1)
    ASCII_Table                              0x08005442   Data        4560  lcd.o(.constdata)
    __I$use$fp                               0x08005443   Thumb Code     0  usenofp.o(x$fpl$usenofp)
    Region$$Table$$Base                      0x080066fc   Number         0  anon$$obj.o(Region$$Table)
    Region$$Table$$Limit                     0x0800671c   Number         0  anon$$obj.o(Region$$Table)
    dummy                                    0x20000004   Data           2  lcd.o(.data)
    BHH                                      0x20000008   Data           1  main.o(.data)
    BMM                                      0x20000009   Data           1  main.o(.data)
    BSS                                      0x2000000a   Data           1  main.o(.data)
    PA1                                      0x2000000b   Data           1  main.o(.data)
    PA2                                      0x2000000c   Data           1  main.o(.data)
    shezhi                                   0x2000000d   Data           1  main.o(.data)
    qiehuan                                  0x2000000e   Data           1  main.o(.data)
    RXCUNT                                   0x2000000f   Data           1  main.o(.data)
    jiange                                   0x20000010   Data           1  main.o(.data)
    nums                                     0x20000011   Data           1  main.o(.data)
    show1                                    0x20000012   Data           1  main.o(.data)
    show2                                    0x20000013   Data           1  main.o(.data)
    caiji                                    0x20000014   Data           1  main.o(.data)
    i                                        0x20000015   Data           1  main.o(.data)
    run                                      0x20000016   Data           2  main.o(.data)
    period                                   0x20000018   Data           2  main.o(.data)
    THH                                      0x2000001c   Data           4  main.o(.data)
    TMM                                      0x20000020   Data           4  main.o(.data)
    TSS                                      0x20000024   Data           4  main.o(.data)
    TimingDelay                              0x20000028   Data           4  main.o(.data)
    TimeDisplay                              0x2000002c   Data           4  main.o(.data)
    TMax                                     0x20000030   Data           4  main.o(.data)
    ShiMax                                   0x20000034   Data           4  main.o(.data)
    interval                                 0x20000038   Data           4  main.o(.data)
    signal                                   0x2000003c   Data           4  main.o(.data)
    Receive                                  0x20000040   Data           1  main.o(.data)
    tem                                      0x20000044   Data           4  main.o(.data)
    shidu                                    0x20000048   Data           4  main.o(.data)
    ADC_VALUE                                0x2000004c   Data           4  main.o(.data)
    IC3ReadValue1                            0x20000050   Data           2  stm32f10x_it.o(.data)
    IC3ReadValue2                            0x20000052   Data           2  stm32f10x_it.o(.data)
    CaptureNumber                            0x20000054   Data           2  stm32f10x_it.o(.data)
    Capture                                  0x20000058   Data           4  stm32f10x_it.o(.data)
    TIM3Freq                                 0x2000005c   Data           4  stm32f10x_it.o(.data)
    capture                                  0x20000060   Data           2  stm32f10x_it.o(.data)
    SystemCoreClock                          0x20000064   Data           4  system_stm32f10x.o(.data)
    AHBPrescTable                            0x20000068   Data          16  system_stm32f10x.o(.data)
    string                                   0x2000008c   Data          20  main.o(.bss)
    RXbuf                                    0x200000a0   Data          20  main.o(.bss)
    T                                        0x200000b4   Data         100  main.o(.bss)
    S                                        0x20000118   Data         100  main.o(.bss)
    Time1                                    0x2000017c   Data         100  main.o(.bss)
    Time2                                    0x200001e0   Data         100  main.o(.bss)
    Time3                                    0x20000244   Data         100  main.o(.bss)
    __libspace_start                         0x200002a8   Data          96  libspace.o(.bss)
    __temporary_stack_top$libspace           0x20000308   Data           0  libspace.o(.bss)



==============================================================================

Memory Map of the image

  Image Entry point : 0x080000ed

  Load Region LR_IROM1 (Base: 0x08000000, Size: 0x000067c4, Max: 0x00020000, ABSOLUTE)

    Execution Region ER_IROM1 (Base: 0x08000000, Size: 0x00006738, Max: 0x00020000, ABSOLUTE)

    Base Addr    Size         Type   Attr      Idx    E Section Name        Object

    0x08000000   0x000000ec   Data   RO           19    RESET               startup_stm32f10x_md.o
    0x080000ec   0x00000008   Code   RO         2325  * !!!main             c_w.l(__main.o)(c_w.l)
    0x080000f4   0x00000034   Code   RO         2608    !!!scatter          c_w.l(__scatter.o)(c_w.l)
    0x08000128   0x0000001a   Code   RO         2610    !!handler_copy      c_w.l(__scatter_copy.o)(c_w.l)
    0x08000142   0x00000002   PAD
    0x08000144   0x0000001c   Code   RO         2612    !!handler_zi        c_w.l(__scatter_zi.o)(c_w.l)
    0x08000160   0x00000000   Code   RO         2322    .ARM.Collect$$_printf_percent$$00000000  c_w.l(_printf_percent.o)(c_w.l)
    0x08000160   0x00000006   Code   RO         2321    .ARM.Collect$$_printf_percent$$00000003  c_w.l(_printf_f.o)(c_w.l)
    0x08000166   0x00000006   Code   RO         2320    .ARM.Collect$$_printf_percent$$00000009  c_w.l(_printf_d.o)(c_w.l)
    0x0800016c   0x00000006   Code   RO         2319    .ARM.Collect$$_printf_percent$$00000014  c_w.l(_printf_s.o)(c_w.l)
    0x08000172   0x00000004   Code   RO         2391    .ARM.Collect$$_printf_percent$$00000017  c_w.l(_printf_percent_end.o)(c_w.l)
    0x08000176   0x00000006   Code   RO         2481    .ARM.Collect$$libinit$$00000000  c_w.l(libinit.o)(c_w.l)
    0x0800017c   0x00000000   Code   RO         2484    .ARM.Collect$$libinit$$00000006  c_w.l(libinit2.o)(c_w.l)
    0x0800017c   0x00000000   Code   RO         2486    .ARM.Collect$$libinit$$00000008  c_w.l(libinit2.o)(c_w.l)
    0x0800017c   0x00000000   Code   RO         2488    .ARM.Collect$$libinit$$0000000A  c_w.l(libinit2.o)(c_w.l)
    0x0800017c   0x00000006   Code   RO         2489    .ARM.Collect$$libinit$$0000000B  c_w.l(libinit2.o)(c_w.l)
    0x08000182   0x00000000   Code   RO         2491    .ARM.Collect$$libinit$$0000000D  c_w.l(libinit2.o)(c_w.l)
    0x08000182   0x00000000   Code   RO         2493    .ARM.Collect$$libinit$$0000000F  c_w.l(libinit2.o)(c_w.l)
    0x08000182   0x00000000   Code   RO         2495    .ARM.Collect$$libinit$$00000011  c_w.l(libinit2.o)(c_w.l)
    0x08000182   0x0000000a   Code   RO         2496    .ARM.Collect$$libinit$$00000012  c_w.l(libinit2.o)(c_w.l)
    0x0800018c   0x00000000   Code   RO         2497    .ARM.Collect$$libinit$$00000013  c_w.l(libinit2.o)(c_w.l)
    0x0800018c   0x00000000   Code   RO         2499    .ARM.Collect$$libinit$$00000015  c_w.l(libinit2.o)(c_w.l)
    0x0800018c   0x00000000   Code   RO         2501    .ARM.Collect$$libinit$$00000017  c_w.l(libinit2.o)(c_w.l)
    0x0800018c   0x00000000   Code   RO         2503    .ARM.Collect$$libinit$$00000019  c_w.l(libinit2.o)(c_w.l)
    0x0800018c   0x00000000   Code   RO         2505    .ARM.Collect$$libinit$$0000001B  c_w.l(libinit2.o)(c_w.l)
    0x0800018c   0x00000000   Code   RO         2507    .ARM.Collect$$libinit$$0000001D  c_w.l(libinit2.o)(c_w.l)
    0x0800018c   0x00000000   Code   RO         2509    .ARM.Collect$$libinit$$0000001F  c_w.l(libinit2.o)(c_w.l)
    0x0800018c   0x00000000   Code   RO         2511    .ARM.Collect$$libinit$$00000021  c_w.l(libinit2.o)(c_w.l)
    0x0800018c   0x00000000   Code   RO         2515    .ARM.Collect$$libinit$$00000028  c_w.l(libinit2.o)(c_w.l)
    0x0800018c   0x00000000   Code   RO         2517    .ARM.Collect$$libinit$$0000002A  c_w.l(libinit2.o)(c_w.l)
    0x0800018c   0x00000000   Code   RO         2519    .ARM.Collect$$libinit$$0000002C  c_w.l(libinit2.o)(c_w.l)
    0x0800018c   0x00000000   Code   RO         2521    .ARM.Collect$$libinit$$0000002E  c_w.l(libinit2.o)(c_w.l)
    0x0800018c   0x00000002   Code   RO         2522    .ARM.Collect$$libinit$$0000002F  c_w.l(libinit2.o)(c_w.l)
    0x0800018e   0x00000002   Code   RO         2558    .ARM.Collect$$libshutdown$$00000000  c_w.l(libshutdown.o)(c_w.l)
    0x08000190   0x00000000   Code   RO         2569    .ARM.Collect$$libshutdown$$00000003  c_w.l(libshutdown2.o)(c_w.l)
    0x08000190   0x00000000   Code   RO         2572    .ARM.Collect$$libshutdown$$00000006  c_w.l(libshutdown2.o)(c_w.l)
    0x08000190   0x00000000   Code   RO         2575    .ARM.Collect$$libshutdown$$00000009  c_w.l(libshutdown2.o)(c_w.l)
    0x08000190   0x00000000   Code   RO         2577    .ARM.Collect$$libshutdown$$0000000B  c_w.l(libshutdown2.o)(c_w.l)
    0x08000190   0x00000000   Code   RO         2580    .ARM.Collect$$libshutdown$$0000000E  c_w.l(libshutdown2.o)(c_w.l)
    0x08000190   0x00000002   Code   RO         2581    .ARM.Collect$$libshutdown$$0000000F  c_w.l(libshutdown2.o)(c_w.l)
    0x08000192   0x00000000   Code   RO         2379    .ARM.Collect$$rtentry$$00000000  c_w.l(rtentry.o)(c_w.l)
    0x08000192   0x00000000   Code   RO         2406    .ARM.Collect$$rtentry$$00000002  c_w.l(rtentry2.o)(c_w.l)
    0x08000192   0x00000006   Code   RO         2421    .ARM.Collect$$rtentry$$00000004  c_w.l(rtentry4.o)(c_w.l)
    0x08000198   0x00000000   Code   RO         2408    .ARM.Collect$$rtentry$$00000009  c_w.l(rtentry2.o)(c_w.l)
    0x08000198   0x00000004   Code   RO         2409    .ARM.Collect$$rtentry$$0000000A  c_w.l(rtentry2.o)(c_w.l)
    0x0800019c   0x00000000   Code   RO         2411    .ARM.Collect$$rtentry$$0000000C  c_w.l(rtentry2.o)(c_w.l)
    0x0800019c   0x00000008   Code   RO         2412    .ARM.Collect$$rtentry$$0000000D  c_w.l(rtentry2.o)(c_w.l)
    0x080001a4   0x00000002   Code   RO         2523    .ARM.Collect$$rtexit$$00000000  c_w.l(rtexit.o)(c_w.l)
    0x080001a6   0x00000000   Code   RO         2530    .ARM.Collect$$rtexit$$00000002  c_w.l(rtexit2.o)(c_w.l)
    0x080001a6   0x00000004   Code   RO         2531    .ARM.Collect$$rtexit$$00000003  c_w.l(rtexit2.o)(c_w.l)
    0x080001aa   0x00000006   Code   RO         2532    .ARM.Collect$$rtexit$$00000004  c_w.l(rtexit2.o)(c_w.l)
    0x080001b0   0x00000040   Code   RO           20    .text               startup_stm32f10x_md.o
    0x080001f0   0x00000028   Code   RO         2293    .text               c_w.l(noretval__2sprintf.o)(c_w.l)
    0x08000218   0x00000052   Code   RO         2297    .text               c_w.l(_printf_str.o)(c_w.l)
    0x0800026a   0x00000002   PAD
    0x0800026c   0x00000074   Code   RO         2299    .text               c_w.l(_printf_dec.o)(c_w.l)
    0x080002e0   0x00000144   Code   RO         2311    .text               c_w.l(__printf_flags_wp.o)(c_w.l)
    0x08000424   0x00000006   Code   RO         2323    .text               c_w.l(heapauxi.o)(c_w.l)
    0x0800042a   0x000000b4   Code   RO         2381    .text               c_w.l(_printf_intcommon.o)(c_w.l)
    0x080004de   0x0000040e   Code   RO         2383    .text               c_w.l(_printf_fp_dec.o)(c_w.l)
    0x080008ec   0x00000030   Code   RO         2385    .text               c_w.l(_printf_char_common.o)(c_w.l)
    0x0800091c   0x0000000a   Code   RO         2387    .text               c_w.l(_sputc.o)(c_w.l)
    0x08000926   0x0000002c   Code   RO         2389    .text               c_w.l(_printf_char.o)(c_w.l)
    0x08000952   0x00000010   Code   RO         2392    .text               c_w.l(rtudiv10.o)(c_w.l)
    0x08000962   0x00000002   PAD
    0x08000964   0x0000000c   Code   RO         2426    .text               c_w.l(rt_locale_intlibspace.o)(c_w.l)
    0x08000970   0x0000008a   Code   RO         2428    .text               c_w.l(lludiv10.o)(c_w.l)
    0x080009fa   0x00000002   PAD
    0x080009fc   0x0000007c   Code   RO         2430    .text               c_w.l(_printf_fp_infnan.o)(c_w.l)
    0x08000a78   0x000000ec   Code   RO         2434    .text               c_w.l(bigflt0.o)(c_w.l)
    0x08000b64   0x00000008   Code   RO         2466    .text               c_w.l(libspace.o)(c_w.l)
    0x08000b6c   0x0000004a   Code   RO         2469    .text               c_w.l(sys_stackheap_outer.o)(c_w.l)
    0x08000bb6   0x0000000c   Code   RO         2471    .text               c_w.l(exit.o)(c_w.l)
    0x08000bc2   0x00000002   PAD
    0x08000bc4   0x00000080   Code   RO         2473    .text               c_w.l(strcmpv7m.o)(c_w.l)
    0x08000c44   0x0000000c   Code   RO         2540    .text               c_w.l(rt_fp_status_addr_intlibspace.o)(c_w.l)
    0x08000c50   0x0000000c   Code   RO         2548    .text               c_w.l(sys_exit.o)(c_w.l)
    0x08000c5c   0x00000002   Code   RO         2559    .text               c_w.l(use_no_semi.o)(c_w.l)
    0x08000c5e   0x0000003e   Code   RO         2437    CL$$btod_d2e        c_w.l(btod.o)(c_w.l)
    0x08000c9c   0x00000046   Code   RO         2439    CL$$btod_d2e_denorm_low  c_w.l(btod.o)(c_w.l)
    0x08000ce2   0x00000060   Code   RO         2438    CL$$btod_d2e_norm_op1  c_w.l(btod.o)(c_w.l)
    0x08000d42   0x00000338   Code   RO         2447    CL$$btod_div_common  c_w.l(btod.o)(c_w.l)
    0x0800107a   0x000000c6   Code   RO         2444    CL$$btod_e2e        c_w.l(btod.o)(c_w.l)
    0x08001140   0x00000028   Code   RO         2441    CL$$btod_ediv       c_w.l(btod.o)(c_w.l)
    0x08001168   0x00000028   Code   RO         2440    CL$$btod_emul       c_w.l(btod.o)(c_w.l)
    0x08001190   0x00000244   Code   RO         2446    CL$$btod_mult_common  c_w.l(btod.o)(c_w.l)
    0x080013d4   0x00000016   Code   RO         1081    i.ADC_Cmd           stm32f10x_adc.o
    0x080013ea   0x00000014   Code   RO         1089    i.ADC_GetCalibrationStatus  stm32f10x_adc.o
    0x080013fe   0x00000008   Code   RO         1090    i.ADC_GetConversionValue  stm32f10x_adc.o
    0x08001406   0x00000014   Code   RO         1095    i.ADC_GetResetCalibrationStatus  stm32f10x_adc.o
    0x0800141a   0x00000018   Code   RO         1098    i.ADC_ITConfig      stm32f10x_adc.o
    0x08001432   0x00000002   PAD
    0x08001434   0x00000050   Code   RO         1099    i.ADC_Init          stm32f10x_adc.o
    0x08001484   0x000000b8   Code   RO         1103    i.ADC_RegularChannelConfig  stm32f10x_adc.o
    0x0800153c   0x0000000a   Code   RO         1104    i.ADC_ResetCalibration  stm32f10x_adc.o
    0x08001546   0x00000016   Code   RO         1106    i.ADC_SoftwareStartConvCmd  stm32f10x_adc.o
    0x0800155c   0x0000000a   Code   RO         1108    i.ADC_StartCalibration  stm32f10x_adc.o
    0x08001566   0x00000002   PAD
    0x08001568   0x00000110   Code   RO          399    i.AD_Read           main.o
    0x08001678   0x00000010   Code   RO         1515    i.BKP_DeInit        stm32f10x_bkp.o
    0x08001688   0x00000004   Code   RO          576    i.BusFault_Handler  stm32f10x_it.o
    0x0800168c   0x00000002   Code   RO          577    i.DebugMon_Handler  stm32f10x_it.o
    0x0800168e   0x0000001e   Code   RO          197    i.Delay_LCD         lcd.o
    0x080016ac   0x00000014   Code   RO          400    i.Delay_Ms          main.o
    0x080016c0   0x00000112   Code   RO          741    i.GPIO_Init         stm32f10x_gpio.o
    0x080017d2   0x00000002   PAD
    0x080017d4   0x000001f4   Code   RO          699    i.GPIO_Int          gong.o
    0x080019c8   0x00000012   Code   RO          745    i.GPIO_ReadInputDataBit  stm32f10x_gpio.o
    0x080019da   0x00000004   Code   RO          748    i.GPIO_ResetBits    stm32f10x_gpio.o
    0x080019de   0x00000004   Code   RO          749    i.GPIO_SetBits      stm32f10x_gpio.o
    0x080019e2   0x00000004   Code   RO          578    i.HardFault_Handler  stm32f10x_it.o
    0x080019e6   0x00000036   Code   RO           25    i.I2CSendAck        i2c.o
    0x08001a1c   0x00000058   Code   RO           26    i.I2CSendByte       i2c.o
    0x08001a74   0x0000003c   Code   RO           28    i.I2CStart          i2c.o
    0x08001ab0   0x0000003c   Code   RO           29    i.I2CStop           i2c.o
    0x08001aec   0x0000002e   Code   RO          701    i.IIC_Write         gong.o
    0x08001b1a   0x00000002   PAD
    0x08001b1c   0x00000e0c   Code   RO          401    i.KEY_Scan          main.o
    0x08002928   0x00000024   Code   RO          198    i.LCD_BusIn         lcd.o
    0x0800294c   0x00000024   Code   RO          199    i.LCD_BusOut        lcd.o
    0x08002970   0x00000026   Code   RO          200    i.LCD_Clear         lcd.o
    0x08002996   0x00000002   PAD
    0x08002998   0x00000050   Code   RO          202    i.LCD_CtrlLinesConfig  lcd.o
    0x080029e8   0x00000028   Code   RO          203    i.LCD_DisplayChar   lcd.o
    0x08002a10   0x0000002c   Code   RO          206    i.LCD_DisplayStringLine  lcd.o
    0x08002a3c   0x0000006c   Code   RO          207    i.LCD_DrawChar      lcd.o
    0x08002aa8   0x000000fc   Code   RO          402    i.LCD_Init          main.o
    0x08002ba4   0x00000070   Code   RO          215    i.LCD_ReadReg       lcd.o
    0x08002c14   0x0000000c   Code   RO          216    i.LCD_SetBackColor  lcd.o
    0x08002c20   0x00000018   Code   RO          217    i.LCD_SetCursor     lcd.o
    0x08002c38   0x0000000c   Code   RO          219    i.LCD_SetTextColor  lcd.o
    0x08002c44   0x00000048   Code   RO          222    i.LCD_WriteRAM      lcd.o
    0x08002c8c   0x0000004c   Code   RO          223    i.LCD_WriteRAM_Prepare  lcd.o
    0x08002cd8   0x0000005c   Code   RO          224    i.LCD_WriteReg      lcd.o
    0x08002d34   0x00000028   Code   RO          403    i.LED_RUN           main.o
    0x08002d5c   0x0000012c   Code   RO          404    i.List              main.o
    0x08002e88   0x00000004   Code   RO          579    i.MemManage_Handler  stm32f10x_it.o
    0x08002e8c   0x00000002   Code   RO          580    i.NMI_Handler       stm32f10x_it.o
    0x08002e8e   0x00000062   Code   RO          702    i.NVIC_Configuration  gong.o
    0x08002ef0   0x00000084   Code   RO         1477    i.NVIC_Init         misc.o
    0x08002f74   0x00000014   Code   RO         1478    i.NVIC_PriorityGroupConfig  misc.o
    0x08002f88   0x0000000c   Code   RO         2229    i.PWR_BackupAccessCmd  stm32f10x_pwr.o
    0x08002f94   0x00000002   Code   RO          581    i.PendSV_Handler    stm32f10x_it.o
    0x08002f96   0x00000002   PAD
    0x08002f98   0x00000020   Code   RO          877    i.RCC_APB1PeriphClockCmd  stm32f10x_rcc.o
    0x08002fb8   0x00000020   Code   RO          879    i.RCC_APB2PeriphClockCmd  stm32f10x_rcc.o
    0x08002fd8   0x0000000c   Code   RO          882    i.RCC_BackupResetCmd  stm32f10x_rcc.o
    0x08002fe4   0x000000d4   Code   RO          887    i.RCC_GetClocksFreq  stm32f10x_rcc.o
    0x080030b8   0x0000003c   Code   RO          888    i.RCC_GetFlagStatus  stm32f10x_rcc.o
    0x080030f4   0x0000000c   Code   RO          896    i.RCC_LSICmd        stm32f10x_rcc.o
    0x08003100   0x0000000c   Code   RO          902    i.RCC_RTCCLKCmd     stm32f10x_rcc.o
    0x0800310c   0x00000010   Code   RO          903    i.RCC_RTCCLKConfig  stm32f10x_rcc.o
    0x0800311c   0x00000120   Code   RO          225    i.REG_8230_Init     lcd.o
    0x0800323c   0x00000202   Code   RO          226    i.REG_932X_Init     lcd.o
    0x0800343e   0x00000002   PAD
    0x08003440   0x00000020   Code   RO         2140    i.RTC_ClearITPendingBit  stm32f10x_rtc.o
    0x08003460   0x00000018   Code   RO         2141    i.RTC_EnterConfigMode  stm32f10x_rtc.o
    0x08003478   0x0000001c   Code   RO         2142    i.RTC_ExitConfigMode  stm32f10x_rtc.o
    0x08003494   0x0000001c   Code   RO         2143    i.RTC_GetCounter    stm32f10x_rtc.o
    0x080034b0   0x0000002c   Code   RO         2146    i.RTC_GetITStatus   stm32f10x_rtc.o
    0x080034dc   0x00000020   Code   RO          582    i.RTC_IRQHandler    stm32f10x_it.o
    0x080034fc   0x00000030   Code   RO         2147    i.RTC_ITConfig      stm32f10x_rtc.o
    0x0800352c   0x00000024   Code   RO         2149    i.RTC_SetCounter    stm32f10x_rtc.o
    0x08003550   0x00000024   Code   RO         2150    i.RTC_SetPrescaler  stm32f10x_rtc.o
    0x08003574   0x00000014   Code   RO         2151    i.RTC_WaitForLastTask  stm32f10x_rtc.o
    0x08003588   0x00000028   Code   RO         2152    i.RTC_WaitForSynchro  stm32f10x_rtc.o
    0x080035b0   0x00000020   Code   RO           31    i.SCL_Output        i2c.o
    0x080035d0   0x00000020   Code   RO           34    i.SDA_Output        i2c.o
    0x080035f0   0x00000038   Code   RO          227    i.STM3210B_LCD_Init  lcd.o
    0x08003628   0x00000002   Code   RO          583    i.SVC_Handler       stm32f10x_it.o
    0x0800362a   0x00000008   Code   RO          665    i.SetSysClock       system_stm32f10x.o
    0x08003632   0x00000002   PAD
    0x08003634   0x000000c8   Code   RO          666    i.SetSysClockTo72   system_stm32f10x.o
    0x080036fc   0x00000010   Code   RO          584    i.SysTick_Handler   stm32f10x_it.o
    0x0800370c   0x00000060   Code   RO          668    i.SystemInit        system_stm32f10x.o
    0x0800376c   0x00000080   Code   RO         1591    i.TI1_Config        stm32f10x_tim.o
    0x080037ec   0x0000008c   Code   RO         1592    i.TI2_Config        stm32f10x_tim.o
    0x08003878   0x00000088   Code   RO         1593    i.TI3_Config        stm32f10x_tim.o
    0x08003900   0x0000008c   Code   RO         1594    i.TI4_Config        stm32f10x_tim.o
    0x0800398c   0x00000078   Code   RO          405    i.TIM2_Configuration  main.o
    0x08003a04   0x0000006c   Code   RO          406    i.TIM3_Configuration  main.o
    0x08003a70   0x000000ac   Code   RO          585    i.TIM3_IRQHandler   stm32f10x_it.o
    0x08003b1c   0x00000018   Code   RO         1595    i.TIM_ARRPreloadConfig  stm32f10x_tim.o
    0x08003b34   0x00000006   Code   RO         1602    i.TIM_ClearITPendingBit  stm32f10x_tim.o
    0x08003b3a   0x00000018   Code   RO         1607    i.TIM_Cmd           stm32f10x_tim.o
    0x08003b52   0x00000006   Code   RO         1623    i.TIM_GetCapture2   stm32f10x_tim.o
    0x08003b58   0x00000022   Code   RO         1628    i.TIM_GetITStatus   stm32f10x_tim.o
    0x08003b7a   0x00000002   PAD
    0x08003b7c   0x000000ac   Code   RO         1630    i.TIM_ICInit        stm32f10x_tim.o
    0x08003c28   0x00000018   Code   RO         1632    i.TIM_ITConfig      stm32f10x_tim.o
    0x08003c40   0x0000009c   Code   RO         1641    i.TIM_OC2Init       stm32f10x_tim.o
    0x08003cdc   0x00000016   Code   RO         1644    i.TIM_OC2PreloadConfig  stm32f10x_tim.o
    0x08003cf2   0x00000012   Code   RO         1673    i.TIM_SetIC1Prescaler  stm32f10x_tim.o
    0x08003d04   0x00000016   Code   RO         1674    i.TIM_SetIC2Prescaler  stm32f10x_tim.o
    0x08003d1a   0x00000012   Code   RO         1675    i.TIM_SetIC3Prescaler  stm32f10x_tim.o
    0x08003d2c   0x00000016   Code   RO         1676    i.TIM_SetIC4Prescaler  stm32f10x_tim.o
    0x08003d42   0x00000002   PAD
    0x08003d44   0x000000a4   Code   RO         1678    i.TIM_TimeBaseInit  stm32f10x_tim.o
    0x08003de8   0x000000c8   Code   RO          407    i.Time_Display      main.o
    0x08003eb0   0x00000080   Code   RO          703    i.USART2_Configuration  gong.o
    0x08003f30   0x00000060   Code   RO          586    i.USART2_IRQHandler  stm32f10x_it.o
    0x08003f90   0x00000018   Code   RO         1301    i.USART_Cmd         stm32f10x_usart.o
    0x08003fa8   0x0000001a   Code   RO         1304    i.USART_GetFlagStatus  stm32f10x_usart.o
    0x08003fc2   0x00000054   Code   RO         1305    i.USART_GetITStatus  stm32f10x_usart.o
    0x08004016   0x0000004a   Code   RO         1307    i.USART_ITConfig    stm32f10x_usart.o
    0x08004060   0x000000d8   Code   RO         1308    i.USART_Init        stm32f10x_usart.o
    0x08004138   0x0000000a   Code   RO         1315    i.USART_ReceiveData  stm32f10x_usart.o
    0x08004142   0x00000002   PAD
    0x08004144   0x00000030   Code   RO          408    i.USART_Send        main.o
    0x08004174   0x00000008   Code   RO         1318    i.USART_SendData    stm32f10x_usart.o
    0x0800417c   0x00000004   Code   RO          587    i.UsageFault_Handler  stm32f10x_it.o
    0x08004180   0x00000028   Code   RO         2464    i.__ARM_fpclassify  m_ws.l(fpclassify.o)(m_ws.l)
    0x080041a8   0x0000000c   Code   RO           36    i.delay1            i2c.o
    0x080041b4   0x0000002c   Code   RO           37    i.i2c_init          i2c.o
    0x080041e0   0x000002f8   Code   RO          409    i.main              main.o
    0x080044d8   0x0000002c   Code   RO         2460    locale$$code        c_w.l(lc_numeric_c.o)(c_w.l)
    0x08004504   0x00000062   Code   RO         2327    x$fpl$d2f           fz_ws.l(d2f.o)(fz_ws.l)
    0x08004566   0x00000002   PAD
    0x08004568   0x0000014c   Code   RO         2329    x$fpl$dadd          fz_ws.l(daddsub_clz.o)(fz_ws.l)
    0x080046b4   0x000002b0   Code   RO         2336    x$fpl$ddiv          fz_ws.l(ddiv.o)(fz_ws.l)
    0x08004964   0x00000026   Code   RO         2339    x$fpl$dfltu         fz_ws.l(dflt_clz.o)(fz_ws.l)
    0x0800498a   0x00000002   PAD
    0x0800498c   0x00000154   Code   RO         2345    x$fpl$dmul          fz_ws.l(dmul.o)(fz_ws.l)
    0x08004ae0   0x0000009c   Code   RO         2394    x$fpl$dnaninf       fz_ws.l(dnaninf.o)(fz_ws.l)
    0x08004b7c   0x0000000c   Code   RO         2396    x$fpl$dretinf       fz_ws.l(dretinf.o)(fz_ws.l)
    0x08004b88   0x000001d4   Code   RO         2331    x$fpl$dsub          fz_ws.l(daddsub_clz.o)(fz_ws.l)
    0x08004d5c   0x00000056   Code   RO         2347    x$fpl$f2d           fz_ws.l(f2d.o)(fz_ws.l)
    0x08004db2   0x00000002   PAD
    0x08004db4   0x000000c4   Code   RO         2349    x$fpl$fadd          fz_ws.l(faddsub_clz.o)(fz_ws.l)
    0x08004e78   0x00000018   Code   RO         2398    x$fpl$fcmpinf       fz_ws.l(fcmpi.o)(fz_ws.l)
    0x08004e90   0x00000184   Code   RO         2356    x$fpl$fdiv          fz_ws.l(fdiv.o)(fz_ws.l)
    0x08005014   0x00000068   Code   RO         2359    x$fpl$feqf          fz_ws.l(feqf.o)(fz_ws.l)
    0x0800507c   0x0000003e   Code   RO         2361    x$fpl$ffixu         fz_ws.l(ffixu.o)(fz_ws.l)
    0x080050ba   0x00000002   PAD
    0x080050bc   0x00000026   Code   RO         2365    x$fpl$ffltu         fz_ws.l(fflt_clz.o)(fz_ws.l)
    0x080050e2   0x00000002   PAD
    0x080050e4   0x00000068   Code   RO         2371    x$fpl$fleqf         fz_ws.l(fleqf.o)(fz_ws.l)
    0x0800514c   0x00000102   Code   RO         2373    x$fpl$fmul          fz_ws.l(fmul.o)(fz_ws.l)
    0x0800524e   0x0000008c   Code   RO         2400    x$fpl$fnaninf       fz_ws.l(fnaninf.o)(fz_ws.l)
    0x080052da   0x0000000e   Code   RO         2527    x$fpl$fpinit        fz_ws.l(fpinit.o)(fz_ws.l)
    0x080052e8   0x0000000a   Code   RO         2402    x$fpl$fretinf       fz_ws.l(fretinf.o)(fz_ws.l)
    0x080052f2   0x00000062   Code   RO         2375    x$fpl$frleqf        fz_ws.l(frleqf.o)(fz_ws.l)
    0x08005354   0x000000ea   Code   RO         2351    x$fpl$fsub          fz_ws.l(faddsub_clz.o)(fz_ws.l)
    0x0800543e   0x00000004   Code   RO         2377    x$fpl$printf1       fz_ws.l(printf1.o)(fz_ws.l)
    0x08005442   0x00000000   Code   RO         2404    x$fpl$usenofp       fz_ws.l(usenofp.o)(fz_ws.l)
    0x08005442   0x000011d0   Data   RO          228    .constdata          lcd.o
    0x08006612   0x00000002   PAD
    0x08006614   0x00000041   Data   RO          411    .constdata          main.o
    0x08006655   0x00000011   Data   RO         2312    .constdata          c_w.l(__printf_flags_wp.o)(c_w.l)
    0x08006666   0x00000002   PAD
    0x08006668   0x00000094   Data   RO         2435    .constdata          c_w.l(bigflt0.o)(c_w.l)
    0x080066fc   0x00000020   Data   RO         2606    Region$$Table       anon$$obj.o
    0x0800671c   0x0000001c   Data   RO         2459    locale$$data        c_w.l(lc_numeric_c.o)(c_w.l)


    Execution Region RW_IRAM1 (Base: 0x20000000, Size: 0x00000908, Max: 0x00005000, ABSOLUTE)

    Base Addr    Size         Type   Attr      Idx    E Section Name        Object

    0x20000000   0x00000006   Data   RW          229    .data               lcd.o
    0x20000006   0x00000002   PAD
    0x20000008   0x00000048   Data   RW          412    .data               main.o
    0x20000050   0x00000012   Data   RW          588    .data               stm32f10x_it.o
    0x20000062   0x00000002   PAD
    0x20000064   0x00000014   Data   RW          669    .data               system_stm32f10x.o
    0x20000078   0x00000014   Data   RW          907    .data               stm32f10x_rcc.o
    0x2000008c   0x0000021c   Zero   RW          410    .bss                main.o
    0x200002a8   0x00000060   Zero   RW         2467    .bss                c_w.l(libspace.o)(c_w.l)
    0x20000308   0x00000200   Zero   RW           18    HEAP                startup_stm32f10x_md.o
    0x20000508   0x00000400   Zero   RW           17    STACK               startup_stm32f10x_md.o


==============================================================================

Image component sizes


      Code (inc. data)   RO Data    RW Data    ZI Data      Debug   Object Name

         0          0          0          0          0          0   core_cm3.o
       772         28          0          0          0          0   gong.o
       382         18          0          0          0          0   i2c.o
      1670        112       4560          6          0          0   lcd.o
      5716       1126         65         72        540          0   main.o
       152         24          0          0          0          0   misc.o
        64         26        236          0       1536          0   startup_stm32f10x_md.o
       400         10          0          0          0          0   stm32f10x_adc.o
        16          0          0          0          0          0   stm32f10x_bkp.o
       300          0          0          0          0          0   stm32f10x_gpio.o
       340         48          0         18          0          0   stm32f10x_it.o
        12          6          0          0          0          0   stm32f10x_pwr.o
       388         58          0         20          0          0   stm32f10x_rcc.o
       336         86          0          0          0          0   stm32f10x_rtc.o
      1256        162          0          0          0          0   stm32f10x_tim.o
       442          6          0          0          0          0   stm32f10x_usart.o
       304         26          0         20          0          0   system_stm32f10x.o

    ----------------------------------------------------------------------
     12572       1736       4895        140       2076          0   Object Totals
         0          0         32          0          0          0   (incl. Generated)
        22          0          2          4          0          3   (incl. Padding)

    ----------------------------------------------------------------------

      Code (inc. data)   RO Data    RW Data    ZI Data      Debug   Library Member Name

         8          0          0          0          0          0   __main.o
       324          4         17          0          0          0   __printf_flags_wp.o
        52          8          0          0          0          0   __scatter.o
        26          0          0          0          0          0   __scatter_copy.o
        28          0          0          0          0          0   __scatter_zi.o
        44          0          0          0          0          0   _printf_char.o
        48          6          0          0          0          0   _printf_char_common.o
         6          0          0          0          0          0   _printf_d.o
       116         18          0          0          0          0   _printf_dec.o
         6          0          0          0          0          0   _printf_f.o
      1038          0          0          0          0          0   _printf_fp_dec.o
       124         16          0          0          0          0   _printf_fp_infnan.o
       180          0          0          0          0          0   _printf_intcommon.o
         0          0          0          0          0          0   _printf_percent.o
         4          0          0          0          0          0   _printf_percent_end.o
         6          0          0          0          0          0   _printf_s.o
        82          0          0          0          0          0   _printf_str.o
        10          0          0          0          0          0   _sputc.o
       236          6        148          0          0          0   bigflt0.o
      1910        128          0          0          0          0   btod.o
        12          0          0          0          0          0   exit.o
         6          0          0          0          0          0   heapauxi.o
        44         10         28          0          0          0   lc_numeric_c.o
         6          0          0          0          0          0   libinit.o
        18          0          0          0          0          0   libinit2.o
         2          0          0          0          0          0   libshutdown.o
         2          0          0          0          0          0   libshutdown2.o
         8          4          0          0         96          0   libspace.o
       138          0          0          0          0          0   lludiv10.o
        40          6          0          0          0          0   noretval__2sprintf.o
        12          4          0          0          0          0   rt_fp_status_addr_intlibspace.o
        12          4          0          0          0          0   rt_locale_intlibspace.o
         0          0          0          0          0          0   rtentry.o
        12          0          0          0          0          0   rtentry2.o
         6          0          0          0          0          0   rtentry4.o
         2          0          0          0          0          0   rtexit.o
        10          0          0          0          0          0   rtexit2.o
        16          0          0          0          0          0   rtudiv10.o
       128          0          0          0          0          0   strcmpv7m.o
        12          4          0          0          0          0   sys_exit.o
        74          0          0          0          0          0   sys_stackheap_outer.o
         2          0          0          0          0          0   use_no_semi.o
        98          4          0          0          0          0   d2f.o
       800         16          0          0          0          0   daddsub_clz.o
       688        140          0          0          0          0   ddiv.o
        38          0          0          0          0          0   dflt_clz.o
       340         12          0          0          0          0   dmul.o
       156          4          0          0          0          0   dnaninf.o
        12          0          0          0          0          0   dretinf.o
        86          4          0          0          0          0   f2d.o
       430          8          0          0          0          0   faddsub_clz.o
        24          0          0          0          0          0   fcmpi.o
       388         76          0          0          0          0   fdiv.o
       104          4          0          0          0          0   feqf.o
        62          4          0          0          0          0   ffixu.o
        38          0          0          0          0          0   fflt_clz.o
       104          4          0          0          0          0   fleqf.o
       258          4          0          0          0          0   fmul.o
       140          4          0          0          0          0   fnaninf.o
        14          0          0          0          0          0   fpinit.o
        10          0          0          0          0          0   fretinf.o
        98          0          0          0          0          0   frleqf.o
         4          0          0          0          0          0   printf1.o
         0          0          0          0          0          0   usenofp.o
        40          0          0          0          0          0   fpclassify.o

    ----------------------------------------------------------------------
      8762        502        195          0         96          0   Library Totals
        20          0          2          0          0          0   (incl. Padding)

    ----------------------------------------------------------------------

      Code (inc. data)   RO Data    RW Data    ZI Data      Debug   Library Name

      4810        218        193          0         96       2776   c_w.l
      3892        284          0          0          0       2092   fz_ws.l
        40          0          0          0          0         68   m_ws.l

    ----------------------------------------------------------------------
      8762        502        195          0         96          0   Library Totals

    ----------------------------------------------------------------------

==============================================================================


      Code (inc. data)   RO Data    RW Data    ZI Data      Debug   

     21334       2238       5090        140       2172     792500   Grand Totals
     21334       2238       5090        140       2172     792500   ELF Image Totals
     21334       2238       5090        140          0          0   ROM Totals

==============================================================================

    Total RO  Size (Code + RO Data)                26424 (  25.80kB)
    Total RW  Size (RW Data + ZI Data)              2312 (   2.26kB)
    Total ROM Size (Code + RO Data + RW Data)      26564 (  25.94kB)

==============================================================================

