<html>
<body>
<pre>
<h1>礦ision Build Log</h1>
<h2>Project:</h2>
C:\Users\gzr20_000\Desktop\gong整理\第六届决赛-电压测量与互补 PWM 信号输出 第二版（全部实现）\USER\GO.uvproj
Project File Date:  03/06/2017

<h2>Output:</h2>
Build target 'Target 1'
compiling main.c...
compiling gong.c...
linking...
Program Size: Code=16154 RO-data=5006 RW-data=76 ZI-data=1652  
"..\OUTPUT\GO.axf" - 0 Error(s), 0 Warning(s).
Build target 'Target 1'
compiling main.c...
linking...
Program Size: Code=16154 RO-data=5006 RW-data=76 ZI-data=1652  
"..\OUTPUT\GO.axf" - 0 Error(s), 0 Warning(s).
