<html>
<body>
<pre>
<h1>礦ision Build Log</h1>
<h2>Project:</h2>
C:\Users\gzr20_000\Desktop\gong整理\异相方波\USER\GO.uvproj
Project File Date:  03/30/2017

<h2>Output:</h2>
Build target 'Target 1'
compiling main.c...
compiling gong.c...
linking...
Program Size: Code=12850 RO-data=5022 RW-data=48 ZI-data=1672  
"..\OUTPUT\GO.axf" - 0 Error(s), 0 Warning(s).
Build target 'Target 1'
compiling main.c...
linking...
Program Size: Code=12862 RO-data=5022 RW-data=48 ZI-data=1672  
"..\OUTPUT\GO.axf" - 0 Error(s), 0 Warning(s).
Load "..\\OUTPUT\\GO.AXF" 
Erasing Done.
Program Speed: 12.34 KByte/s
Programming Done.
Build target 'Target 1'
compiling main.c...
linking...
Program Size: Code=12862 RO-data=5022 RW-data=48 ZI-data=1672  
"..\OUTPUT\GO.axf" - 0 Error(s), 0 Warning(s).
Build target 'Target 1'
compiling gong.c...
linking...
Program Size: Code=12862 RO-data=5022 RW-data=48 ZI-data=1672  
"..\OUTPUT\GO.axf" - 0 Error(s), 0 Warning(s).
Load "..\\OUTPUT\\GO.AXF" 
Erasing Done.
Program Speed: 12.34 KByte/s
Programming Done.
