<html>
<body>
<pre>
<h1>礦ision Build Log</h1>
<h2>Project:</h2>
C:\Users\Ziran Gong\Desktop\gong整理\第七届省赛-模拟液位检测告警系统 第二版（全部实现）\CT117E-LCD\Project\CT117E-LCD.uvproj
Project File Date:  03/20/2017

<h2>Output:</h2>
Build target 'Target 1'
assembling startup_stm32f10x_md.s...
compiling core_cm3.c...
compiling system_stm32f10x.c...
compiling stm32f10x_gpio.c...
compiling stm32f10x_rcc.c...
compiling misc.c...
compiling stm32f10x_adc.c...
compiling stm32f10x_bkp.c...
compiling stm32f10x_pwr.c...
compiling stm32f10x_usart.c...
compiling stm32f10x_rtc.c...
compiling lcd.c...
compiling main.c...
compiling stm32f10x_it.c...
compiling gong.c...
compiling i2c.c...
linking...
Program Size: Code=19138 RO-data=5022 RW-data=80 ZI-data=1672  
FromELF: creating hex file...
"..\Output\CT117E-LCD.axf" - 0 Error(s), 0 Warning(s).
