ARM Linker, 4.1 [Build 481] [Evaluation]

==============================================================================

Section Cross References

    startup_stm32f10x_md.o(STACK) refers (Special) to heapauxi.o(.text) for __use_two_region_memory
    startup_stm32f10x_md.o(HEAP) refers (Special) to heapauxi.o(.text) for __use_two_region_memory
    startup_stm32f10x_md.o(RESET) refers (Special) to heapauxi.o(.text) for __use_two_region_memory
    startup_stm32f10x_md.o(RESET) refers to startup_stm32f10x_md.o(STACK) for __initial_sp
    startup_stm32f10x_md.o(RESET) refers to startup_stm32f10x_md.o(.text) for Reset_Handler
    startup_stm32f10x_md.o(RESET) refers to stm32f10x_it.o(.text) for NMI_Handler
    startup_stm32f10x_md.o(.text) refers (Special) to heapauxi.o(.text) for __use_two_region_memory
    startup_stm32f10x_md.o(.text) refers to system_stm32f10x.o(.text) for SystemInit
    startup_stm32f10x_md.o(.text) refers to __main.o(!!!main) for __main
    startup_stm32f10x_md.o(.text) refers to startup_stm32f10x_md.o(HEAP) for Heap_Mem
    startup_stm32f10x_md.o(.text) refers to startup_stm32f10x_md.o(STACK) for Stack_Mem
    system_stm32f10x.o(.text) refers to system_stm32f10x.o(.data) for SystemCoreClock
    stm32f10x_gpio.o(.text) refers to stm32f10x_rcc.o(.text) for RCC_APB2PeriphResetCmd
    stm32f10x_rcc.o(.text) refers to stm32f10x_rcc.o(.data) for APBAHBPrescTable
    stm32f10x_adc.o(.text) refers to stm32f10x_rcc.o(.text) for RCC_APB2PeriphResetCmd
    stm32f10x_bkp.o(.text) refers to stm32f10x_rcc.o(.text) for RCC_BackupResetCmd
    stm32f10x_pwr.o(.text) refers to stm32f10x_rcc.o(.text) for RCC_APB1PeriphResetCmd
    stm32f10x_usart.o(.text) refers to stm32f10x_rcc.o(.text) for RCC_APB2PeriphResetCmd
    lcd.o(.text) refers to stm32f10x_gpio.o(.text) for GPIO_Init
    lcd.o(.text) refers to stm32f10x_rcc.o(.text) for RCC_APB2PeriphClockCmd
    lcd.o(.text) refers to lcd.o(.data) for dummy
    lcd.o(.text) refers to lcd.o(.constdata) for ASCII_Table
    main.o(.text) refers to _printf_percent.o(.ARM.Collect$$_printf_percent$$00000000) for _printf_percent
    main.o(.text) refers to _printf_f.o(.ARM.Collect$$_printf_percent$$00000003) for _printf_f
    main.o(.text) refers to printf1.o(x$fpl$printf1) for _printf_fp_dec
    main.o(.text) refers to _printf_d.o(.ARM.Collect$$_printf_percent$$00000009) for _printf_d
    main.o(.text) refers to _printf_dec.o(.text) for _printf_int_dec
    main.o(.text) refers to stm32f10x_gpio.o(.text) for GPIO_SetBits
    main.o(.text) refers to stm32f10x_usart.o(.text) for USART_SendData
    main.o(.text) refers to stm32f10x_adc.o(.text) for ADC_SoftwareStartConvCmd
    main.o(.text) refers to dflt_clz.o(x$fpl$dfltu) for __aeabi_ui2d
    main.o(.text) refers to dmul.o(x$fpl$dmul) for __aeabi_dmul
    main.o(.text) refers to ddiv.o(x$fpl$ddiv) for __aeabi_ddiv
    main.o(.text) refers to d2f.o(x$fpl$d2f) for __aeabi_d2f
    main.o(.text) refers to fmul.o(x$fpl$fmul) for __aeabi_fmul
    main.o(.text) refers to f2d.o(x$fpl$f2d) for __aeabi_f2d
    main.o(.text) refers to dfix.o(x$fpl$dfix) for __aeabi_d2iz
    main.o(.text) refers to noretval__2sprintf.o(.text) for __2sprintf
    main.o(.text) refers to lcd.o(.text) for LCD_DisplayStringLine
    main.o(.text) refers to main.o(.data) for TimingDelay
    main.o(.text) refers to main.o(.bss) for string
    main.o(.text) refers to gong.o(.text) for IIC_Write
    main.o(.text) refers to i2c.o(.text) for i2c_init
    main.o(.text) refers to system_stm32f10x.o(.data) for SystemCoreClock
    stm32f10x_it.o(.text) refers to stm32f10x_usart.o(.text) for USART_GetITStatus
    stm32f10x_it.o(.text) refers to main.o(.data) for TimingDelay
    stm32f10x_it.o(.text) refers to stm32f10x_it.o(.data) for Ms1000
    gong.o(.text) refers to stm32f10x_rcc.o(.text) for RCC_APB2PeriphClockCmd
    gong.o(.text) refers to stm32f10x_gpio.o(.text) for GPIO_Init
    gong.o(.text) refers to stm32f10x_adc.o(.text) for ADC_Init
    gong.o(.text) refers to i2c.o(.text) for I2CStart
    gong.o(.text) refers to misc.o(.text) for NVIC_PriorityGroupConfig
    gong.o(.text) refers to stm32f10x_usart.o(.text) for USART_Init
    gong.o(.text) refers to lcd.o(.text) for STM3210B_LCD_Init
    i2c.o(.text) refers to stm32f10x_gpio.o(.text) for GPIO_Init
    i2c.o(.text) refers to stm32f10x_rcc.o(.text) for RCC_APB2PeriphClockCmd
    __2sprintf.o(.text) refers to _printf_char_common.o(.text) for _printf_char_common
    __2sprintf.o(.text) refers to _sputc.o(.text) for _sputc
    noretval__2sprintf.o(.text) refers to _printf_char_common.o(.text) for _printf_char_common
    noretval__2sprintf.o(.text) refers to _sputc.o(.text) for _sputc
    __printf.o(.text) refers to _printf_percent.o(.ARM.Collect$$_printf_percent$$00000000) for _printf_percent
    _printf_dec.o(.text) refers to rtudiv10.o(.text) for __rt_udiv10
    _printf_dec.o(.text) refers to _printf_intcommon.o(.text) for _printf_int_common
[...]
    libinit.o(.ARM.Collect$$libinit$$00000000) refers (Special) to libinit2.o(.ARM.Collect$$libinit$$0000002F) for __rt_lib_init_return
    libinit.o(.ARM.Collect$$libinit$$00000000) refers (Special) to libinit2.o(.ARM.Collect$$libinit$$00000019) for __rt_lib_init_signal_1
    libinit.o(.ARM.Collect$$libinit$$00000000) refers (Special) to libinit2.o(.ARM.Collect$$libinit$$00000021) for __rt_lib_init_stdio_1
    libinit.o(.ARM.Collect$$libinit$$00000000) refers (Special) to libinit2.o(.ARM.Collect$$libinit$$00000008) for __rt_lib_init_user_alloc_1
    libinit.o(.ARM.Collect$$libinit$$00000000) refers to fpinit.o(x$fpl$fpinit) for _fp_init
    libinit2.o(.ARM.Collect$$libinit$$0000000B) refers (Weak) to rt_locale_intlibspace.o(.text) for __rt_locale
    libinit2.o(.ARM.Collect$$libinit$$0000000C) refers to libinit2.o(.ARM.Collect$$libinit$$0000000B) for .ARM.Collect$$libinit$$0000000B
    libinit2.o(.ARM.Collect$$libinit$$0000000E) refers to libinit2.o(.ARM.Collect$$libinit$$0000000B) for .ARM.Collect$$libinit$$0000000B
    libinit2.o(.ARM.Collect$$libinit$$00000010) refers to libinit2.o(.ARM.Collect$$libinit$$0000000B) for .ARM.Collect$$libinit$$0000000B
    libinit2.o(.ARM.Collect$$libinit$$00000012) refers to libinit2.o(.ARM.Collect$$libinit$$0000000B) for .ARM.Collect$$libinit$$0000000B
    libinit2.o(.ARM.Collect$$libinit$$00000012) refers (Weak) to lc_numeric_c.o(locale$$code) for _get_lc_numeric
    libinit2.o(.ARM.Collect$$libinit$$00000014) refers to libinit2.o(.ARM.Collect$$libinit$$0000000B) for .ARM.Collect$$libinit$$0000000B
    libinit2.o(.ARM.Collect$$libinit$$00000022) refers to argv_veneer.o(.emb_text) for __ARM_argv_veneer
    libinit2.o(.ARM.Collect$$libinit$$00000023) refers to argv_veneer.o(.emb_text) for __ARM_argv_veneer
    rtexit.o(.ARM.Collect$$rtexit$$00000000) refers (Special) to rtexit2.o(.ARM.Collect$$rtexit$$00000004) for __rt_exit_exit
    rtexit.o(.ARM.Collect$$rtexit$$00000000) refers (Special) to rtexit2.o(.ARM.Collect$$rtexit$$00000003) for __rt_exit_ls
    rtexit.o(.ARM.Collect$$rtexit$$00000000) refers (Special) to rtexit2.o(.ARM.Collect$$rtexit$$00000002) for __rt_exit_prels_1
    rtexit.o(.ARM.exidx) refers (Special) to rtexit2.o(.ARM.Collect$$rtexit$$00000004) for __rt_exit_exit
    rtexit.o(.ARM.exidx) refers (Special) to rtexit2.o(.ARM.Collect$$rtexit$$00000003) for __rt_exit_ls
    rtexit.o(.ARM.exidx) refers (Special) to rtexit2.o(.ARM.Collect$$rtexit$$00000002) for __rt_exit_prels_1
    rtexit.o(.ARM.exidx) refers to rtexit.o(.ARM.Collect$$rtexit$$00000000) for .ARM.Collect$$rtexit$$00000000
    argv_veneer.o(.emb_text) refers to no_argv.o(.text) for __ARM_get_argv
    fpinit.o(x$fpl$fpinit) refers to rt_fp_status_addr_intlibspace.o(.text) for __rt_fp_status_addr
    rtexit2.o(.ARM.Collect$$rtexit$$00000003) refers to libshutdown.o(.ARM.Collect$$libshutdown$$00000000) for __rt_lib_shutdown
    rtexit2.o(.ARM.Collect$$rtexit$$00000004) refers to sys_exit.o(.text) for _sys_exit
    rtexit2.o(.ARM.exidx) refers to rtexit2.o(.ARM.Collect$$rtexit$$00000001) for .ARM.Collect$$rtexit$$00000001
    rtexit2.o(.ARM.exidx) refers to rtexit2.o(.ARM.Collect$$rtexit$$00000002) for .ARM.Collect$$rtexit$$00000002
    rtexit2.o(.ARM.exidx) refers to rtexit2.o(.ARM.Collect$$rtexit$$00000003) for .ARM.Collect$$rtexit$$00000003
    rtexit2.o(.ARM.exidx) refers to rtexit2.o(.ARM.Collect$$rtexit$$00000004) for .ARM.Collect$$rtexit$$00000004
    rt_fp_status_addr.o(.text) refers to rt_fp_status_addr.o(.bss) for __rt_fp_status_addr_data
    rt_fp_status_addr_intlibspace.o(.text) refers to libspace.o(.bss) for __libspace_start
    _get_argv_nomalloc.o(.text) refers (Special) to hrguard.o(.text) for __heap_region$guard
    _get_argv_nomalloc.o(.text) refers to defsig_rtmem_outer.o(.text) for __rt_SIGRTMEM
    _get_argv_nomalloc.o(.text) refers to sys_command.o(.text) for _sys_command_string
    sys_command.o(.text) refers (Special) to use_no_semi.o(.text) for __I$use$semihosting
    sys_exit.o(.text) refers (Special) to use_no_semi.o(.text) for __I$use$semihosting
    defsig_rtmem_outer.o(.text) refers to defsig_rtmem_inner.o(.text) for __rt_SIGRTMEM_inner
    defsig_rtmem_outer.o(.text) refers to defsig_exit.o(.text) for __sig_exit
    defsig_rtmem_formal.o(.text) refers to rt_raise.o(.text) for __rt_raise
    libshutdown.o(.ARM.Collect$$libshutdown$$00000000) refers (Special) to libshutdown2.o(.ARM.Collect$$libshutdown$$00000006) for __rt_lib_shutdown_fp_trap_1
    libshutdown.o(.ARM.Collect$$libshutdown$$00000000) refers (Special) to libshutdown2.o(.ARM.Collect$$libshutdown$$0000000E) for __rt_lib_shutdown_heap_1
    libshutdown.o(.ARM.Collect$$libshutdown$$00000000) refers (Special) to libshutdown2.o(.ARM.Collect$$libshutdown$$0000000F) for __rt_lib_shutdown_return
    libshutdown.o(.ARM.Collect$$libshutdown$$00000000) refers (Special) to libshutdown2.o(.ARM.Collect$$libshutdown$$00000009) for __rt_lib_shutdown_signal_1
    libshutdown.o(.ARM.Collect$$libshutdown$$00000000) refers (Special) to libshutdown2.o(.ARM.Collect$$libshutdown$$00000003) for __rt_lib_shutdown_stdio_1
    libshutdown.o(.ARM.Collect$$libshutdown$$00000000) refers (Special) to libshutdown2.o(.ARM.Collect$$libshutdown$$0000000B) for __rt_lib_shutdown_user_alloc_1
    rt_raise.o(.text) refers to __raise.o(.text) for __raise
    rt_raise.o(.text) refers to sys_exit.o(.text) for _sys_exit
    defsig_exit.o(.text) refers to sys_exit.o(.text) for _sys_exit
    defsig_rtmem_inner.o(.text) refers to defsig_general.o(.text) for __default_signal_display
    __raise.o(.text) refers to defsig.o(CL$$defsig) for __default_signal_handler
    defsig_general.o(.text) refers to sys_wrch.o(.text) for _ttywrch
    sys_wrch.o(.text) refers (Special) to use_no_semi.o(.text) for __I$use$semihosting
    defsig.o(CL$$defsig) refers to defsig_rtmem_inner.o(.text) for __rt_SIGRTMEM_inner
    defsig_abrt_inner.o(.text) refers to defsig_general.o(.text) for __default_signal_display
    defsig_fpe_inner.o(.text) refers to defsig_general.o(.text) for __default_signal_display
    defsig_rtred_inner.o(.text) refers to defsig_general.o(.text) for __default_signal_display
    defsig_stak_inner.o(.text) refers to defsig_general.o(.text) for __default_signal_display
    defsig_pvfn_inner.o(.text) refers to defsig_general.o(.text) for __default_signal_display
    defsig_cppl_inner.o(.text) refers to defsig_general.o(.text) for __default_signal_display
    defsig_segv_inner.o(.text) refers to defsig_general.o(.text) for __default_signal_display
    defsig_other.o(.text) refers to defsig_general.o(.text) for __default_signal_display


==============================================================================

Removing Unused input sections from the image.

    Removing core_cm3.o(.emb_text), (32 bytes).
    Removing stm32f10x_bkp.o(.text), (196 bytes).
    Removing stm32f10x_pwr.o(.text), (216 bytes).
    Removing stm32f10x_rtc.o(.text), (376 bytes).

4 unused section(s) (total 820 bytes) removed from the image.

==============================================================================

Image Symbol Table

    Local Symbols

    Symbol Name                              Value     Ov Type        Size  Object(Section)

    ../../angel/boardlib.s                   0x00000000   Number         0  boardshut.o ABSOLUTE
    ../../angel/boardlib.s                   0x00000000   Number         0  boardinit2.o ABSOLUTE
    ../../angel/boardlib.s                   0x00000000   Number         0  boardinit3.o ABSOLUTE
    ../../angel/boardlib.s                   0x00000000   Number         0  boardinit1.o ABSOLUTE
    ../../angel/handlers.s                   0x00000000   Number         0  __scatter_zi.o ABSOLUTE
    ../../angel/handlers.s                   0x00000000   Number         0  __scatter_copy.o ABSOLUTE
    ../../angel/kernel.s                     0x00000000   Number         0  rtentry4.o ABSOLUTE
    ../../angel/kernel.s                     0x00000000   Number         0  rtexit.o ABSOLUTE
    ../../angel/kernel.s                     0x00000000   Number         0  rtentry2.o ABSOLUTE
    ../../angel/kernel.s                     0x00000000   Number         0  rtentry.o ABSOLUTE
    ../../angel/kernel.s                     0x00000000   Number         0  rtexit2.o ABSOLUTE
    ../../angel/rt.s                         0x00000000   Number         0  rt_fp_status_addr_intlibspace.o ABSOLUTE
    ../../angel/rt.s                         0x00000000   Number         0  rt_raise.o ABSOLUTE
    ../../angel/rt.s                         0x00000000   Number         0  rt_locale_intlibspace.o ABSOLUTE
    ../../angel/rt.s                         0x00000000   Number         0  rt_fp_status_addr.o ABSOLUTE
    ../../angel/rt.s                         0x00000000   Number         0  rt_locale.o ABSOLUTE
    ../../angel/scatter.s                    0x00000000   Number         0  __scatter.o ABSOLUTE
    ../../angel/startup.s                    0x00000000   Number         0  __main.o ABSOLUTE
    ../../angel/sys.s                        0x00000000   Number         0  use_no_semi.o ABSOLUTE
    ../../angel/sys.s                        0x00000000   Number         0  sys_stackheap_outer.o ABSOLUTE
    ../../angel/sys.s                        0x00000000   Number         0  libspace.o ABSOLUTE
    ../../angel/sysapp.c                     0x00000000   Number         0  sys_wrch.o ABSOLUTE
    ../../angel/sysapp.c                     0x00000000   Number         0  sys_exit.o ABSOLUTE
    ../../angel/sysapp.c                     0x00000000   Number         0  sys_command.o ABSOLUTE
    ../../armsys.c                           0x00000000   Number         0  argv_veneer.o ABSOLUTE
    ../../armsys.c                           0x00000000   Number         0  argv_veneer.o ABSOLUTE
    ../../armsys.c                           0x00000000   Number         0  _get_argv_nomalloc.o ABSOLUTE
    ../../armsys.c                           0x00000000   Number         0  no_argv.o ABSOLUTE
    ../../bigflt.c                           0x00000000   Number         0  bigflt0.o ABSOLUTE
    ../../btod.s                             0x00000000   Number         0  btod.o ABSOLUTE
    ../../d2f.s                              0x00000000   Number         0  d2f.o ABSOLUTE
    ../../ddiv.s                             0x00000000   Number         0  ddiv.o ABSOLUTE
    ../../dfix.s                             0x00000000   Number         0  dfix.o ABSOLUTE
    ../../dflt.s                             0x00000000   Number         0  dflt_clz.o ABSOLUTE
    ../../division_7m.s                      0x00000000   Number         0  rtudiv10.o ABSOLUTE
    ../../dmul.s                             0x00000000   Number         0  dmul.o ABSOLUTE
    ../../dnaninf.s                          0x00000000   Number         0  dnaninf.o ABSOLUTE
    ../../dretinf.s                          0x00000000   Number         0  dretinf.o ABSOLUTE
    ../../f2d.s                              0x00000000   Number         0  f2d.o ABSOLUTE
    ../../fmul.s                             0x00000000   Number         0  fmul.o ABSOLUTE
    ../../fnaninf.s                          0x00000000   Number         0  fnaninf.o ABSOLUTE
    ../../fpclassify.c                       0x00000000   Number         0  fpclassify.o ABSOLUTE
    ../../fpinit.s                           0x00000000   Number         0  fpinit.o ABSOLUTE
    ../../fretinf.s                          0x00000000   Number         0  fretinf.o ABSOLUTE
    ../../heapalloc.c                        0x00000000   Number         0  hrguard.o ABSOLUTE
    ../../heapaux.c                          0x00000000   Number         0  heapauxi.o ABSOLUTE
    ../../istatus.s                          0x00000000   Number         0  istatus.o ABSOLUTE
    ../../libinit.s                          0x00000000   Number         0  libshutdown.o ABSOLUTE
    ../../libinit.s                          0x00000000   Number         0  libinit2.o ABSOLUTE
    ../../libinit.s                          0x00000000   Number         0  libinit.o ABSOLUTE
    ../../libinit.s                          0x00000000   Number         0  libshutdown2.o ABSOLUTE
    ../../locale.s                           0x00000000   Number         0  lc_numeric_c.o ABSOLUTE
    ../../longlong.s                         0x00000000   Number         0  lludiv10.o ABSOLUTE
    ../../memcpset.s                         0x00000000   Number         0  strcmpv7m.o ABSOLUTE
    ../../misc.s                             0x00000000   Number         0  printf_stubs.o ABSOLUTE
    ../../printf.c                           0x00000000   Number         0  __printf_flags.o ABSOLUTE
    ../../printf.c                           0x00000000   Number         0  __printf_ss.o ABSOLUTE
    ../../printf.c                           0x00000000   Number         0  __printf_flags_ss.o ABSOLUTE
    ../../printf.c                           0x00000000   Number         0  __printf_wp.o ABSOLUTE
    ../../printf.c                           0x00000000   Number         0  __printf_flags_wp.o ABSOLUTE
    ../../printf.c                           0x00000000   Number         0  __printf_ss_wp.o ABSOLUTE
    ../../printf.c                           0x00000000   Number         0  __printf_flags_ss_wp.o ABSOLUTE
    ../../printf.c                           0x00000000   Number         0  _printf_intcommon.o ABSOLUTE
    ../../printf.c                           0x00000000   Number         0  _printf_fp_dec.o ABSOLUTE
    ../../printf.c                           0x00000000   Number         0  _printf_char_common.o ABSOLUTE
    ../../printf.c                           0x00000000   Number         0  _sputc.o ABSOLUTE
    ../../printf.c                           0x00000000   Number         0  __printf_nopercent.o ABSOLUTE
    ../../printf.c                           0x00000000   Number         0  _printf_fp_infnan.o ABSOLUTE
    ../../printf.c                           0x00000000   Number         0  __2sprintf.o ABSOLUTE
    ../../printf.c                           0x00000000   Number         0  noretval__2sprintf.o ABSOLUTE
    ../../printf.c                           0x00000000   Number         0  __printf.o ABSOLUTE
    ../../printf.c                           0x00000000   Number         0  _printf_dec.o ABSOLUTE
    ../../printf1.s                          0x00000000   Number         0  printf1.o ABSOLUTE
    ../../printf_percent.s                   0x00000000   Number         0  _printf_percent.o ABSOLUTE
    ../../printf_percent.s                   0x00000000   Number         0  _printf_f.o ABSOLUTE
    ../../printf_percent.s                   0x00000000   Number         0  _printf_percent_end.o ABSOLUTE
    ../../printf_percent.s                   0x00000000   Number         0  _printf_d.o ABSOLUTE
    ../../signal.c                           0x00000000   Number         0  __raise.o ABSOLUTE
    ../../signal.c                           0x00000000   Number         0  defsig_general.o ABSOLUTE
    ../../signal.c                           0x00000000   Number         0  defsig_exit.o ABSOLUTE
    ../../signal.c                           0x00000000   Number         0  defsig_abrt_inner.o ABSOLUTE
    ../../signal.c                           0x00000000   Number         0  defsig_fpe_inner.o ABSOLUTE
    ../../signal.c                           0x00000000   Number         0  defsig_rtred_inner.o ABSOLUTE
    ../../signal.c                           0x00000000   Number         0  defsig_stak_inner.o ABSOLUTE
    ../../signal.c                           0x00000000   Number         0  defsig_pvfn_inner.o ABSOLUTE
    ../../signal.c                           0x00000000   Number         0  defsig_cppl_inner.o ABSOLUTE
    ../../signal.c                           0x00000000   Number         0  defsig_rtmem_outer.o ABSOLUTE
    ../../signal.c                           0x00000000   Number         0  defsig_segv_inner.o ABSOLUTE
    ../../signal.c                           0x00000000   Number         0  defsig_rtmem_formal.o ABSOLUTE
    ../../signal.c                           0x00000000   Number         0  defsig_other.o ABSOLUTE
    ../../signal.c                           0x00000000   Number         0  defsig_rtmem_inner.o ABSOLUTE
    ../../signal.s                           0x00000000   Number         0  defsig.o ABSOLUTE
    ../../stdlib.c                           0x00000000   Number         0  exit.o ABSOLUTE
    ../../usenofp.s                          0x00000000   Number         0  usenofp.o ABSOLUTE
    ..\Inc\gong.c                            0x00000000   Number         0  gong.o ABSOLUTE
    ..\Inc\i2c.c                             0x00000000   Number         0  i2c.o ABSOLUTE
    ..\Libraries\CMSIS\CM3\CoreSupport\core_cm3.c 0x00000000   Number         0  core_cm3.o ABSOLUTE
    ..\Libraries\CMSIS\CM3\DeviceSupport\ST\STM32F10x\startup\arm\startup_stm32f10x_md.s 0x00000000   Number         0  startup_stm32f10x_md.o ABSOLUTE
    ..\Libraries\CMSIS\CM3\DeviceSupport\ST\STM32F10x\system_stm32f10x.c 0x00000000   Number         0  system_stm32f10x.o ABSOLUTE
    ..\Libraries\STM32F10x_StdPeriph_Driver\src\misc.c 0x00000000   Number         0  misc.o ABSOLUTE
    ..\Libraries\STM32F10x_StdPeriph_Driver\src\stm32f10x_adc.c 0x00000000   Number         0  stm32f10x_adc.o ABSOLUTE
    ..\Libraries\STM32F10x_StdPeriph_Driver\src\stm32f10x_bkp.c 0x00000000   Number         0  stm32f10x_bkp.o ABSOLUTE
    ..\Libraries\STM32F10x_StdPeriph_Driver\src\stm32f10x_gpio.c 0x00000000   Number         0  stm32f10x_gpio.o ABSOLUTE
    ..\Libraries\STM32F10x_StdPeriph_Driver\src\stm32f10x_pwr.c 0x00000000   Number         0  stm32f10x_pwr.o ABSOLUTE
    ..\Libraries\STM32F10x_StdPeriph_Driver\src\stm32f10x_rcc.c 0x00000000   Number         0  stm32f10x_rcc.o ABSOLUTE
    ..\Libraries\STM32F10x_StdPeriph_Driver\src\stm32f10x_rtc.c 0x00000000   Number         0  stm32f10x_rtc.o ABSOLUTE
    ..\Libraries\STM32F10x_StdPeriph_Driver\src\stm32f10x_usart.c 0x00000000   Number         0  stm32f10x_usart.o ABSOLUTE
    ..\Sre\lcd.c                             0x00000000   Number         0  lcd.o ABSOLUTE
    ..\Sre\main.c                            0x00000000   Number         0  main.o ABSOLUTE
    ..\Sre\stm32f10x_it.c                    0x00000000   Number         0  stm32f10x_it.o ABSOLUTE
    ..\\Libraries\\CMSIS\\CM3\\CoreSupport\\core_cm3.c 0x00000000   Number         0  core_cm3.o ABSOLUTE
    dc.s                                     0x00000000   Number         0  dc.o ABSOLUTE
    RESET                                    0x08000000   Section      236  startup_stm32f10x_md.o(RESET)
    !!!main                                  0x080000ec   Section        8  __main.o(!!!main)
    !!!scatter                               0x080000f4   Section       52  __scatter.o(!!!scatter)
    !!handler_copy                           0x08000128   Section       26  __scatter_copy.o(!!handler_copy)
    !!handler_zi                             0x08000144   Section       28  __scatter_zi.o(!!handler_zi)
    .ARM.Collect$$_printf_percent$$00000000  0x08000160   Section        0  _printf_percent.o(.ARM.Collect$$_printf_percent$$00000000)
    .ARM.Collect$$_printf_percent$$00000003  0x08000160   Section        6  _printf_f.o(.ARM.Collect$$_printf_percent$$00000003)
    .ARM.Collect$$_printf_percent$$00000009  0x08000166   Section        6  _printf_d.o(.ARM.Collect$$_printf_percent$$00000009)
    .ARM.Collect$$_printf_percent$$00000017  0x0800016c   Section        4  _printf_percent_end.o(.ARM.Collect$$_printf_percent$$00000017)
    .ARM.Collect$$libinit$$00000000          0x08000170   Section        6  libinit.o(.ARM.Collect$$libinit$$00000000)
    .ARM.Collect$$libinit$$00000006          0x08000176   Section        0  libinit2.o(.ARM.Collect$$libinit$$00000006)
    .ARM.Collect$$libinit$$00000008          0x08000176   Section        0  libinit2.o(.ARM.Collect$$libinit$$00000008)
    .ARM.Collect$$libinit$$0000000A          0x08000176   Section        0  libinit2.o(.ARM.Collect$$libinit$$0000000A)
    .ARM.Collect$$libinit$$0000000B          0x08000176   Section        6  libinit2.o(.ARM.Collect$$libinit$$0000000B)
    .ARM.Collect$$libinit$$0000000D          0x0800017c   Section        0  libinit2.o(.ARM.Collect$$libinit$$0000000D)
    .ARM.Collect$$libinit$$0000000F          0x0800017c   Section        0  libinit2.o(.ARM.Collect$$libinit$$0000000F)
    .ARM.Collect$$libinit$$00000011          0x0800017c   Section        0  libinit2.o(.ARM.Collect$$libinit$$00000011)
    .ARM.Collect$$libinit$$00000012          0x0800017c   Section       10  libinit2.o(.ARM.Collect$$libinit$$00000012)
    .ARM.Collect$$libinit$$00000013          0x08000186   Section        0  libinit2.o(.ARM.Collect$$libinit$$00000013)
    .ARM.Collect$$libinit$$00000015          0x08000186   Section        0  libinit2.o(.ARM.Collect$$libinit$$00000015)
    .ARM.Collect$$libinit$$00000017          0x08000186   Section        0  libinit2.o(.ARM.Collect$$libinit$$00000017)
    .ARM.Collect$$libinit$$00000019          0x08000186   Section        0  libinit2.o(.ARM.Collect$$libinit$$00000019)
    .ARM.Collect$$libinit$$0000001B          0x08000186   Section        0  libinit2.o(.ARM.Collect$$libinit$$0000001B)
    .ARM.Collect$$libinit$$0000001D          0x08000186   Section        0  libinit2.o(.ARM.Collect$$libinit$$0000001D)
    .ARM.Collect$$libinit$$0000001F          0x08000186   Section        0  libinit2.o(.ARM.Collect$$libinit$$0000001F)
    .ARM.Collect$$libinit$$00000021          0x08000186   Section        0  libinit2.o(.ARM.Collect$$libinit$$00000021)
    .ARM.Collect$$libinit$$00000028          0x08000186   Section        0  libinit2.o(.ARM.Collect$$libinit$$00000028)
    .ARM.Collect$$libinit$$0000002A          0x08000186   Section        0  libinit2.o(.ARM.Collect$$libinit$$0000002A)
    .ARM.Collect$$libinit$$0000002C          0x08000186   Section        0  libinit2.o(.ARM.Collect$$libinit$$0000002C)
    .ARM.Collect$$libinit$$0000002E          0x08000186   Section        0  libinit2.o(.ARM.Collect$$libinit$$0000002E)
    .ARM.Collect$$libinit$$0000002F          0x08000186   Section        2  libinit2.o(.ARM.Collect$$libinit$$0000002F)
    .ARM.Collect$$libshutdown$$00000000      0x08000188   Section        2  libshutdown.o(.ARM.Collect$$libshutdown$$00000000)
    .ARM.Collect$$libshutdown$$00000003      0x0800018a   Section        0  libshutdown2.o(.ARM.Collect$$libshutdown$$00000003)
    .ARM.Collect$$libshutdown$$00000006      0x0800018a   Section        0  libshutdown2.o(.ARM.Collect$$libshutdown$$00000006)
    .ARM.Collect$$libshutdown$$00000009      0x0800018a   Section        0  libshutdown2.o(.ARM.Collect$$libshutdown$$00000009)
    .ARM.Collect$$libshutdown$$0000000B      0x0800018a   Section        0  libshutdown2.o(.ARM.Collect$$libshutdown$$0000000B)
    .ARM.Collect$$libshutdown$$0000000E      0x0800018a   Section        0  libshutdown2.o(.ARM.Collect$$libshutdown$$0000000E)
    .ARM.Collect$$libshutdown$$0000000F      0x0800018a   Section        2  libshutdown2.o(.ARM.Collect$$libshutdown$$0000000F)
    .ARM.Collect$$rtentry$$00000000          0x0800018c   Section        0  rtentry.o(.ARM.Collect$$rtentry$$00000000)
    .ARM.Collect$$rtentry$$00000002          0x0800018c   Section        0  rtentry2.o(.ARM.Collect$$rtentry$$00000002)
    .ARM.Collect$$rtentry$$00000004          0x0800018c   Section        6  rtentry4.o(.ARM.Collect$$rtentry$$00000004)
    .ARM.Collect$$rtentry$$00000009          0x08000192   Section        0  rtentry2.o(.ARM.Collect$$rtentry$$00000009)
    .ARM.Collect$$rtentry$$0000000A          0x08000192   Section        4  rtentry2.o(.ARM.Collect$$rtentry$$0000000A)
    .ARM.Collect$$rtentry$$0000000C          0x08000196   Section        0  rtentry2.o(.ARM.Collect$$rtentry$$0000000C)
    .ARM.Collect$$rtentry$$0000000D          0x08000196   Section        8  rtentry2.o(.ARM.Collect$$rtentry$$0000000D)
    .ARM.Collect$$rtexit$$00000000           0x0800019e   Section        2  rtexit.o(.ARM.Collect$$rtexit$$00000000)
    .ARM.Collect$$rtexit$$00000002           0x080001a0   Section        0  rtexit2.o(.ARM.Collect$$rtexit$$00000002)
    .ARM.Collect$$rtexit$$00000003           0x080001a0   Section        4  rtexit2.o(.ARM.Collect$$rtexit$$00000003)
    .ARM.Collect$$rtexit$$00000004           0x080001a4   Section        6  rtexit2.o(.ARM.Collect$$rtexit$$00000004)
    .text                                    0x080001ac   Section       64  startup_stm32f10x_md.o(.text)
    .text                                    0x080001ec   Section        0  system_stm32f10x.o(.text)
    SetSysClockTo72                          0x080001ed   Thumb Code   192  system_stm32f10x.o(.text)
    SetSysClock                              0x080002ad   Thumb Code     8  system_stm32f10x.o(.text)
    .text                                    0x080003b4   Section        0  stm32f10x_gpio.o(.text)
    .text                                    0x0800070c   Section        0  stm32f10x_rcc.o(.text)
    .text                                    0x08000ab0   Section        0  misc.o(.text)
    .text                                    0x08000ba8   Section        0  stm32f10x_adc.o(.text)
    .text                                    0x08000fe8   Section        0  stm32f10x_usart.o(.text)
    .text                                    0x080013f4   Section        0  lcd.o(.text)
    .text                                    0x08001e3c   Section        0  main.o(.text)
    .text                                    0x08002bc8   Section        0  stm32f10x_it.o(.text)
    .text                                    0x08002c8c   Section        0  gong.o(.text)
    .text                                    0x08002fc8   Section        0  i2c.o(.text)
    .text                                    0x08003260   Section        0  noretval__2sprintf.o(.text)
    .text                                    0x08003288   Section        0  _printf_dec.o(.text)
    .text                                    0x080032fc   Section        0  __printf_flags_wp.o(.text)
    .text                                    0x08003440   Section        0  heapauxi.o(.text)
    .text                                    0x08003446   Section        0  _printf_intcommon.o(.text)
    .text                                    0x080034fa   Section        0  _printf_fp_dec.o(.text)
    _fp_digits                               0x080034fd   Thumb Code   420  _printf_fp_dec.o(.text)
    .text                                    0x08003908   Section        0  _printf_char_common.o(.text)
    _printf_input_char                       0x08003909   Thumb Code    10  _printf_char_common.o(.text)
    .text                                    0x08003938   Section        0  _sputc.o(.text)
    .text                                    0x08003942   Section       16  rtudiv10.o(.text)
    .text                                    0x08003954   Section       12  rt_locale_intlibspace.o(.text)
    .text                                    0x08003960   Section      138  lludiv10.o(.text)
    .text                                    0x080039ec   Section        0  _printf_fp_infnan.o(.text)
    .text                                    0x08003a68   Section        0  bigflt0.o(.text)
    .text                                    0x08003b54   Section        8  libspace.o(.text)
    .text                                    0x08003b5c   Section       74  sys_stackheap_outer.o(.text)
    .text                                    0x08003ba6   Section        0  exit.o(.text)
    .text                                    0x08003bb4   Section      128  strcmpv7m.o(.text)
    .text                                    0x08003c34   Section       12  rt_fp_status_addr_intlibspace.o(.text)
    .text                                    0x08003c40   Section        0  sys_exit.o(.text)
    .text                                    0x08003c4c   Section        2  use_no_semi.o(.text)
    CL$$btod_d2e                             0x08003c4e   Section       62  btod.o(CL$$btod_d2e)
    CL$$btod_d2e_denorm_low                  0x08003c8c   Section       70  btod.o(CL$$btod_d2e_denorm_low)
    CL$$btod_d2e_norm_op1                    0x08003cd2   Section       96  btod.o(CL$$btod_d2e_norm_op1)
    CL$$btod_div_common                      0x08003d32   Section      824  btod.o(CL$$btod_div_common)
    CL$$btod_e2e                             0x0800406a   Section      198  btod.o(CL$$btod_e2e)
    CL$$btod_ediv                            0x08004130   Section       40  btod.o(CL$$btod_ediv)
    CL$$btod_emul                            0x08004158   Section       40  btod.o(CL$$btod_emul)
    CL$$btod_mult_common                     0x08004180   Section      580  btod.o(CL$$btod_mult_common)
    i.__ARM_fpclassify                       0x080043c4   Section        0  fpclassify.o(i.__ARM_fpclassify)
    locale$$code                             0x080043ec   Section       44  lc_numeric_c.o(locale$$code)
    x$fpl$d2f                                0x08004418   Section       98  d2f.o(x$fpl$d2f)
    x$fpl$ddiv                               0x0800447c   Section      688  ddiv.o(x$fpl$ddiv)
    ddiv_entry                               0x08004483   Thumb Code     0  ddiv.o(x$fpl$ddiv)
    x$fpl$dfix                               0x0800472c   Section       94  dfix.o(x$fpl$dfix)
    x$fpl$dfltu                              0x0800478a   Section       38  dflt_clz.o(x$fpl$dfltu)
    x$fpl$dmul                               0x080047b0   Section      340  dmul.o(x$fpl$dmul)
    x$fpl$dnaninf                            0x08004904   Section      156  dnaninf.o(x$fpl$dnaninf)
    x$fpl$dretinf                            0x080049a0   Section       12  dretinf.o(x$fpl$dretinf)
    x$fpl$f2d                                0x080049ac   Section       86  f2d.o(x$fpl$f2d)
    x$fpl$fmul                               0x08004a04   Section      258  fmul.o(x$fpl$fmul)
    x$fpl$fnaninf                            0x08004b06   Section      140  fnaninf.o(x$fpl$fnaninf)
    x$fpl$fpinit                             0x08004b92   Section       14  fpinit.o(x$fpl$fpinit)
    x$fpl$fretinf                            0x08004ba0   Section       10  fretinf.o(x$fpl$fretinf)
    x$fpl$printf1                            0x08004baa   Section        4  printf1.o(x$fpl$printf1)
    .constdata                               0x08004bae   Section     4560  lcd.o(.constdata)
    x$fpl$usenofp                            0x08004bae   Section        0  usenofp.o(x$fpl$usenofp)
    .constdata                               0x08005d7e   Section       17  __printf_flags_wp.o(.constdata)
    maptable                                 0x08005d7e   Data          17  __printf_flags_wp.o(.constdata)
    .constdata                               0x08005d90   Section      148  bigflt0.o(.constdata)
    tenpwrs_x                                0x08005d90   Data          60  bigflt0.o(.constdata)
    tenpwrs_i                                0x08005dcc   Data          64  bigflt0.o(.constdata)
    locale$$data                             0x08005e44   Section       28  lc_numeric_c.o(locale$$data)
    __lcnum_c_name                           0x08005e48   Data           2  lc_numeric_c.o(locale$$data)
    __lcnum_c_start                          0x08005e50   Data           0  lc_numeric_c.o(locale$$data)
    __lcnum_c_point                          0x08005e5c   Data           0  lc_numeric_c.o(locale$$data)
    __lcnum_c_thousands                      0x08005e5e   Data           0  lc_numeric_c.o(locale$$data)
    __lcnum_c_grouping                       0x08005e5f   Data           0  lc_numeric_c.o(locale$$data)
    __lcnum_c_end                            0x08005e60   Data           0  lc_numeric_c.o(locale$$data)
    .data                                    0x20000000   Section       20  system_stm32f10x.o(.data)
    .data                                    0x20000014   Section       20  stm32f10x_rcc.o(.data)
    APBAHBPrescTable                         0x20000014   Data          16  stm32f10x_rcc.o(.data)
    ADCPrescTable                            0x20000024   Data           4  stm32f10x_rcc.o(.data)
    .data                                    0x20000028   Section        6  lcd.o(.data)
    TextColor                                0x20000028   Data           2  lcd.o(.data)
    BackColor                                0x2000002a   Data           2  lcd.o(.data)
    .data                                    0x20000030   Section       28  main.o(.data)
    .data                                    0x2000004c   Section        4  stm32f10x_it.o(.data)
    .bss                                     0x20000050   Section       40  main.o(.bss)
    .bss                                     0x20000078   Section       96  libspace.o(.bss)
    HEAP                                     0x200000d8   Section      512  startup_stm32f10x_md.o(HEAP)
    Heap_Mem                                 0x200000d8   Data         512  startup_stm32f10x_md.o(HEAP)
    STACK                                    0x200002d8   Section     1024  startup_stm32f10x_md.o(STACK)
    Stack_Mem                                0x200002d8   Data        1024  startup_stm32f10x_md.o(STACK)
    __initial_sp                             0x200006d8   Data           0  startup_stm32f10x_md.o(STACK)

    Global Symbols

    Symbol Name                              Value     Ov Type        Size  Object(Section)

    BuildAttributes$$THM_ISAv4$P$D$K$B$S$PE$A:L22UL41UL21$X:L11$S22US41US21$IEEE1$IW$USESV6$~STKCKD$USESV7$~SHL$OTIME$ROPI$IEEEJ$EBA8$UX$STANDARDLIB$REQ8$PRES8$EABIv2 0x00000000   Number         0  anon$$obj.o ABSOLUTE
    __ARM_use_no_argv                        0x00000000   Number         0  main.o ABSOLUTE
    _printf_flags                            0x00000000   Number         0  printf_stubs.o ABSOLUTE
    _printf_return_value                     0x00000000   Number         0  printf_stubs.o ABSOLUTE
    _printf_sizespec                         0x00000000   Number         0  printf_stubs.o ABSOLUTE
    _printf_widthprec                        0x00000000   Number         0  printf_stubs.o ABSOLUTE
    __ARM_exceptions_init                     - Undefined Weak Reference
    __alloca_initialize                       - Undefined Weak Reference
    __cpp_initialize__aeabi_                  - Undefined Weak Reference
    __cxa_finalize                            - Undefined Weak Reference
    __sigvec_lookup                           - Undefined Weak Reference
    _atexit_init                              - Undefined Weak Reference
    _call_atexit_fns                          - Undefined Weak Reference
    _clock_init                               - Undefined Weak Reference
    _fp_trap_init                             - Undefined Weak Reference
    _fp_trap_shutdown                         - Undefined Weak Reference
    _get_lc_collate                           - Undefined Weak Reference
    _get_lc_ctype                             - Undefined Weak Reference
    _get_lc_monetary                          - Undefined Weak Reference
    _get_lc_time                              - Undefined Weak Reference
    _getenv_init                              - Undefined Weak Reference
    _handle_redirection                       - Undefined Weak Reference
    _init_alloc                               - Undefined Weak Reference
    _init_user_alloc                          - Undefined Weak Reference
    _initio                                   - Undefined Weak Reference
    _printf_post_padding                      - Undefined Weak Reference
    _printf_pre_padding                       - Undefined Weak Reference
    _printf_truncate_signed                   - Undefined Weak Reference
    _printf_truncate_unsigned                 - Undefined Weak Reference
    _rand_init                                - Undefined Weak Reference
    _signal_finish                            - Undefined Weak Reference
    _signal_init                              - Undefined Weak Reference
    _terminate_alloc                          - Undefined Weak Reference
    _terminate_user_alloc                     - Undefined Weak Reference
    _terminateio                              - Undefined Weak Reference
    __Vectors_Size                           0x000000ec   Number         0  startup_stm32f10x_md.o ABSOLUTE
    __Vectors                                0x08000000   Data           4  startup_stm32f10x_md.o(RESET)
    __Vectors_End                            0x080000ec   Data           0  startup_stm32f10x_md.o(RESET)
    __main                                   0x080000ed   Thumb Code     8  __main.o(!!!main)
    __scatterload                            0x080000f5   Thumb Code     0  __scatter.o(!!!scatter)
    __scatterload_rt2                        0x080000f5   Thumb Code    44  __scatter.o(!!!scatter)
    __scatterload_rt2_thumb_only             0x080000f5   Thumb Code     0  __scatter.o(!!!scatter)
    __scatterload_null                       0x08000103   Thumb Code     0  __scatter.o(!!!scatter)
    __scatterload_copy                       0x08000129   Thumb Code    26  __scatter_copy.o(!!handler_copy)
    __scatterload_zeroinit                   0x08000145   Thumb Code    28  __scatter_zi.o(!!handler_zi)
    _printf_f                                0x08000161   Thumb Code     0  _printf_f.o(.ARM.Collect$$_printf_percent$$00000003)
    _printf_percent                          0x08000161   Thumb Code     0  _printf_percent.o(.ARM.Collect$$_printf_percent$$00000000)
    _printf_d                                0x08000167   Thumb Code     0  _printf_d.o(.ARM.Collect$$_printf_percent$$00000009)
    _printf_percent_end                      0x0800016d   Thumb Code     0  _printf_percent_end.o(.ARM.Collect$$_printf_percent$$00000017)
    __rt_lib_init                            0x08000171   Thumb Code     0  libinit.o(.ARM.Collect$$libinit$$00000000)
    __rt_lib_init_heap_1                     0x08000177   Thumb Code     0  libinit2.o(.ARM.Collect$$libinit$$00000006)
    __rt_lib_init_lc_common                  0x08000177   Thumb Code     0  libinit2.o(.ARM.Collect$$libinit$$0000000B)
    __rt_lib_init_rand_1                     0x08000177   Thumb Code     0  libinit2.o(.ARM.Collect$$libinit$$0000000A)
    __rt_lib_init_user_alloc_1               0x08000177   Thumb Code     0  libinit2.o(.ARM.Collect$$libinit$$00000008)
    __rt_lib_init_lc_collate_1               0x0800017d   Thumb Code     0  libinit2.o(.ARM.Collect$$libinit$$0000000D)
    __rt_lib_init_lc_ctype_1                 0x0800017d   Thumb Code     0  libinit2.o(.ARM.Collect$$libinit$$0000000F)
    __rt_lib_init_lc_monetary_1              0x0800017d   Thumb Code     0  libinit2.o(.ARM.Collect$$libinit$$00000011)
    __rt_lib_init_lc_numeric_2               0x0800017d   Thumb Code     0  libinit2.o(.ARM.Collect$$libinit$$00000012)
    __rt_lib_init_alloca_1                   0x08000187   Thumb Code     0  libinit2.o(.ARM.Collect$$libinit$$0000002A)
    __rt_lib_init_argv_1                     0x08000187   Thumb Code     0  libinit2.o(.ARM.Collect$$libinit$$00000028)
    __rt_lib_init_atexit_1                   0x08000187   Thumb Code     0  libinit2.o(.ARM.Collect$$libinit$$00000017)
    __rt_lib_init_clock_1                    0x08000187   Thumb Code     0  libinit2.o(.ARM.Collect$$libinit$$0000001D)
    __rt_lib_init_cpp_1                      0x08000187   Thumb Code     0  libinit2.o(.ARM.Collect$$libinit$$0000002E)
    __rt_lib_init_exceptions_1               0x08000187   Thumb Code     0  libinit2.o(.ARM.Collect$$libinit$$0000002C)
    __rt_lib_init_fp_trap_1                  0x08000187   Thumb Code     0  libinit2.o(.ARM.Collect$$libinit$$0000001B)
    __rt_lib_init_getenv_1                   0x08000187   Thumb Code     0  libinit2.o(.ARM.Collect$$libinit$$0000001F)
    __rt_lib_init_lc_numeric_1               0x08000187   Thumb Code     0  libinit2.o(.ARM.Collect$$libinit$$00000013)
    __rt_lib_init_lc_time_1                  0x08000187   Thumb Code     0  libinit2.o(.ARM.Collect$$libinit$$00000015)
    __rt_lib_init_return                     0x08000187   Thumb Code     0  libinit2.o(.ARM.Collect$$libinit$$0000002F)
    __rt_lib_init_signal_1                   0x08000187   Thumb Code     0  libinit2.o(.ARM.Collect$$libinit$$00000019)
    __rt_lib_init_stdio_1                    0x08000187   Thumb Code     0  libinit2.o(.ARM.Collect$$libinit$$00000021)
    __rt_lib_shutdown                        0x08000189   Thumb Code     0  libshutdown.o(.ARM.Collect$$libshutdown$$00000000)
    __rt_lib_shutdown_fp_trap_1              0x0800018b   Thumb Code     0  libshutdown2.o(.ARM.Collect$$libshutdown$$00000006)
    __rt_lib_shutdown_heap_1                 0x0800018b   Thumb Code     0  libshutdown2.o(.ARM.Collect$$libshutdown$$0000000E)
    __rt_lib_shutdown_return                 0x0800018b   Thumb Code     0  libshutdown2.o(.ARM.Collect$$libshutdown$$0000000F)
    __rt_lib_shutdown_signal_1               0x0800018b   Thumb Code     0  libshutdown2.o(.ARM.Collect$$libshutdown$$00000009)
    __rt_lib_shutdown_stdio_1                0x0800018b   Thumb Code     0  libshutdown2.o(.ARM.Collect$$libshutdown$$00000003)
    __rt_lib_shutdown_user_alloc_1           0x0800018b   Thumb Code     0  libshutdown2.o(.ARM.Collect$$libshutdown$$0000000B)
    __rt_entry                               0x0800018d   Thumb Code     0  rtentry.o(.ARM.Collect$$rtentry$$00000000)
    __rt_entry_presh_1                       0x0800018d   Thumb Code     0  rtentry2.o(.ARM.Collect$$rtentry$$00000002)
    __rt_entry_sh                            0x0800018d   Thumb Code     0  rtentry4.o(.ARM.Collect$$rtentry$$00000004)
    __rt_entry_li                            0x08000193   Thumb Code     0  rtentry2.o(.ARM.Collect$$rtentry$$0000000A)
    __rt_entry_postsh_1                      0x08000193   Thumb Code     0  rtentry2.o(.ARM.Collect$$rtentry$$00000009)
    __rt_entry_main                          0x08000197   Thumb Code     0  rtentry2.o(.ARM.Collect$$rtentry$$0000000D)
    __rt_entry_postli_1                      0x08000197   Thumb Code     0  rtentry2.o(.ARM.Collect$$rtentry$$0000000C)
    __rt_exit                                0x0800019f   Thumb Code     0  rtexit.o(.ARM.Collect$$rtexit$$00000000)
    __rt_exit_ls                             0x080001a1   Thumb Code     0  rtexit2.o(.ARM.Collect$$rtexit$$00000003)
    __rt_exit_prels_1                        0x080001a1   Thumb Code     0  rtexit2.o(.ARM.Collect$$rtexit$$00000002)
    __rt_exit_exit                           0x080001a5   Thumb Code     0  rtexit2.o(.ARM.Collect$$rtexit$$00000004)
    Reset_Handler                            0x080001ad   Thumb Code     8  startup_stm32f10x_md.o(.text)
    ADC1_2_IRQHandler                        0x080001c7   Thumb Code     0  startup_stm32f10x_md.o(.text)
    CAN1_RX1_IRQHandler                      0x080001c7   Thumb Code     0  startup_stm32f10x_md.o(.text)
    CAN1_SCE_IRQHandler                      0x080001c7   Thumb Code     0  startup_stm32f10x_md.o(.text)
    DMA1_Channel1_IRQHandler                 0x080001c7   Thumb Code     0  startup_stm32f10x_md.o(.text)
    DMA1_Channel2_IRQHandler                 0x080001c7   Thumb Code     0  startup_stm32f10x_md.o(.text)
    DMA1_Channel3_IRQHandler                 0x080001c7   Thumb Code     0  startup_stm32f10x_md.o(.text)
    DMA1_Channel4_IRQHandler                 0x080001c7   Thumb Code     0  startup_stm32f10x_md.o(.text)
    DMA1_Channel5_IRQHandler                 0x080001c7   Thumb Code     0  startup_stm32f10x_md.o(.text)
    DMA1_Channel6_IRQHandler                 0x080001c7   Thumb Code     0  startup_stm32f10x_md.o(.text)
    DMA1_Channel7_IRQHandler                 0x080001c7   Thumb Code     0  startup_stm32f10x_md.o(.text)
    EXTI0_IRQHandler                         0x080001c7   Thumb Code     0  startup_stm32f10x_md.o(.text)
    EXTI15_10_IRQHandler                     0x080001c7   Thumb Code     0  startup_stm32f10x_md.o(.text)
    EXTI1_IRQHandler                         0x080001c7   Thumb Code     0  startup_stm32f10x_md.o(.text)
    EXTI2_IRQHandler                         0x080001c7   Thumb Code     0  startup_stm32f10x_md.o(.text)
    EXTI3_IRQHandler                         0x080001c7   Thumb Code     0  startup_stm32f10x_md.o(.text)
    EXTI4_IRQHandler                         0x080001c7   Thumb Code     0  startup_stm32f10x_md.o(.text)
    EXTI9_5_IRQHandler                       0x080001c7   Thumb Code     0  startup_stm32f10x_md.o(.text)
    FLASH_IRQHandler                         0x080001c7   Thumb Code     0  startup_stm32f10x_md.o(.text)
    I2C1_ER_IRQHandler                       0x080001c7   Thumb Code     0  startup_stm32f10x_md.o(.text)
    I2C1_EV_IRQHandler                       0x080001c7   Thumb Code     0  startup_stm32f10x_md.o(.text)
    I2C2_ER_IRQHandler                       0x080001c7   Thumb Code     0  startup_stm32f10x_md.o(.text)
    I2C2_EV_IRQHandler                       0x080001c7   Thumb Code     0  startup_stm32f10x_md.o(.text)
    PVD_IRQHandler                           0x080001c7   Thumb Code     0  startup_stm32f10x_md.o(.text)
    RCC_IRQHandler                           0x080001c7   Thumb Code     0  startup_stm32f10x_md.o(.text)
    RTCAlarm_IRQHandler                      0x080001c7   Thumb Code     0  startup_stm32f10x_md.o(.text)
    RTC_IRQHandler                           0x080001c7   Thumb Code     0  startup_stm32f10x_md.o(.text)
    SPI1_IRQHandler                          0x080001c7   Thumb Code     0  startup_stm32f10x_md.o(.text)
    SPI2_IRQHandler                          0x080001c7   Thumb Code     0  startup_stm32f10x_md.o(.text)
    TAMPER_IRQHandler                        0x080001c7   Thumb Code     0  startup_stm32f10x_md.o(.text)
    TIM1_BRK_IRQHandler                      0x080001c7   Thumb Code     0  startup_stm32f10x_md.o(.text)
    TIM1_CC_IRQHandler                       0x080001c7   Thumb Code     0  startup_stm32f10x_md.o(.text)
    TIM1_TRG_COM_IRQHandler                  0x080001c7   Thumb Code     0  startup_stm32f10x_md.o(.text)
    TIM1_UP_IRQHandler                       0x080001c7   Thumb Code     0  startup_stm32f10x_md.o(.text)
    TIM2_IRQHandler                          0x080001c7   Thumb Code     0  startup_stm32f10x_md.o(.text)
    TIM3_IRQHandler                          0x080001c7   Thumb Code     0  startup_stm32f10x_md.o(.text)
    TIM4_IRQHandler                          0x080001c7   Thumb Code     0  startup_stm32f10x_md.o(.text)
    USART1_IRQHandler                        0x080001c7   Thumb Code     0  startup_stm32f10x_md.o(.text)
    USART3_IRQHandler                        0x080001c7   Thumb Code     0  startup_stm32f10x_md.o(.text)
    USBWakeUp_IRQHandler                     0x080001c7   Thumb Code     0  startup_stm32f10x_md.o(.text)
    USB_HP_CAN1_TX_IRQHandler                0x080001c7   Thumb Code     0  startup_stm32f10x_md.o(.text)
    USB_LP_CAN1_RX0_IRQHandler               0x080001c7   Thumb Code     0  startup_stm32f10x_md.o(.text)
    WWDG_IRQHandler                          0x080001c7   Thumb Code     0  startup_stm32f10x_md.o(.text)
    __user_initial_stackheap                 0x080001c9   Thumb Code     0  startup_stm32f10x_md.o(.text)
    SystemInit                               0x080002b5   Thumb Code    78  system_stm32f10x.o(.text)
    SystemCoreClockUpdate                    0x08000303   Thumb Code   142  system_stm32f10x.o(.text)
    GPIO_DeInit                              0x080003b5   Thumb Code   172  stm32f10x_gpio.o(.text)
    GPIO_AFIODeInit                          0x08000461   Thumb Code    20  stm32f10x_gpio.o(.text)
    GPIO_Init                                0x08000475   Thumb Code   274  stm32f10x_gpio.o(.text)
    GPIO_StructInit                          0x08000587   Thumb Code    16  stm32f10x_gpio.o(.text)
    GPIO_ReadInputDataBit                    0x08000597   Thumb Code    18  stm32f10x_gpio.o(.text)
    GPIO_ReadInputData                       0x080005a9   Thumb Code     8  stm32f10x_gpio.o(.text)
    GPIO_ReadOutputDataBit                   0x080005b1   Thumb Code    18  stm32f10x_gpio.o(.text)
    GPIO_ReadOutputData                      0x080005c3   Thumb Code     8  stm32f10x_gpio.o(.text)
    GPIO_SetBits                             0x080005cb   Thumb Code     4  stm32f10x_gpio.o(.text)
    GPIO_ResetBits                           0x080005cf   Thumb Code     4  stm32f10x_gpio.o(.text)
    GPIO_WriteBit                            0x080005d3   Thumb Code    10  stm32f10x_gpio.o(.text)
    GPIO_Write                               0x080005dd   Thumb Code     4  stm32f10x_gpio.o(.text)
    GPIO_PinLockConfig                       0x080005e1   Thumb Code    18  stm32f10x_gpio.o(.text)
    GPIO_EventOutputConfig                   0x080005f3   Thumb Code    26  stm32f10x_gpio.o(.text)
    GPIO_EventOutputCmd                      0x0800060d   Thumb Code     6  stm32f10x_gpio.o(.text)
    GPIO_PinRemapConfig                      0x08000613   Thumb Code   138  stm32f10x_gpio.o(.text)
    GPIO_EXTILineConfig                      0x0800069d   Thumb Code    66  stm32f10x_gpio.o(.text)
    GPIO_ETH_MediaInterfaceConfig            0x080006df   Thumb Code     6  stm32f10x_gpio.o(.text)
    RCC_DeInit                               0x0800070d   Thumb Code    64  stm32f10x_rcc.o(.text)
    RCC_HSEConfig                            0x0800074d   Thumb Code    70  stm32f10x_rcc.o(.text)
    RCC_GetFlagStatus                        0x08000793   Thumb Code    56  stm32f10x_rcc.o(.text)
    RCC_WaitForHSEStartUp                    0x080007cb   Thumb Code    48  stm32f10x_rcc.o(.text)
    RCC_AdjustHSICalibrationValue            0x080007fb   Thumb Code    20  stm32f10x_rcc.o(.text)
    RCC_HSICmd                               0x0800080f   Thumb Code     6  stm32f10x_rcc.o(.text)
    RCC_PLLConfig                            0x08000815   Thumb Code    24  stm32f10x_rcc.o(.text)
    RCC_PLLCmd                               0x0800082d   Thumb Code     6  stm32f10x_rcc.o(.text)
    RCC_SYSCLKConfig                         0x08000833   Thumb Code    18  stm32f10x_rcc.o(.text)
    RCC_GetSYSCLKSource                      0x08000845   Thumb Code    10  stm32f10x_rcc.o(.text)
    RCC_HCLKConfig                           0x0800084f   Thumb Code    18  stm32f10x_rcc.o(.text)
    RCC_PCLK1Config                          0x08000861   Thumb Code    18  stm32f10x_rcc.o(.text)
    RCC_PCLK2Config                          0x08000873   Thumb Code    20  stm32f10x_rcc.o(.text)
    RCC_ITConfig                             0x08000887   Thumb Code    30  stm32f10x_rcc.o(.text)
    RCC_USBCLKConfig                         0x080008a5   Thumb Code     6  stm32f10x_rcc.o(.text)
    RCC_ADCCLKConfig                         0x080008ab   Thumb Code    18  stm32f10x_rcc.o(.text)
    RCC_LSEConfig                            0x080008bd   Thumb Code    44  stm32f10x_rcc.o(.text)
    RCC_LSICmd                               0x080008e9   Thumb Code     6  stm32f10x_rcc.o(.text)
    RCC_RTCCLKConfig                         0x080008ef   Thumb Code    12  stm32f10x_rcc.o(.text)
    RCC_RTCCLKCmd                            0x080008fb   Thumb Code     6  stm32f10x_rcc.o(.text)
    RCC_GetClocksFreq                        0x08000901   Thumb Code   192  stm32f10x_rcc.o(.text)
    RCC_AHBPeriphClockCmd                    0x080009c1   Thumb Code    26  stm32f10x_rcc.o(.text)
    RCC_APB2PeriphClockCmd                   0x080009db   Thumb Code    26  stm32f10x_rcc.o(.text)
    RCC_APB1PeriphClockCmd                   0x080009f5   Thumb Code    26  stm32f10x_rcc.o(.text)
    RCC_APB2PeriphResetCmd                   0x08000a0f   Thumb Code    26  stm32f10x_rcc.o(.text)
    RCC_APB1PeriphResetCmd                   0x08000a29   Thumb Code    26  stm32f10x_rcc.o(.text)
    RCC_BackupResetCmd                       0x08000a43   Thumb Code     6  stm32f10x_rcc.o(.text)
    RCC_ClockSecuritySystemCmd               0x08000a49   Thumb Code     6  stm32f10x_rcc.o(.text)
    RCC_MCOConfig                            0x08000a4f   Thumb Code     6  stm32f10x_rcc.o(.text)
    RCC_ClearFlag                            0x08000a55   Thumb Code    14  stm32f10x_rcc.o(.text)
    RCC_GetITStatus                          0x08000a63   Thumb Code    20  stm32f10x_rcc.o(.text)
    RCC_ClearITPendingBit                    0x08000a77   Thumb Code     6  stm32f10x_rcc.o(.text)
    NVIC_PriorityGroupConfig                 0x08000ab1   Thumb Code    10  misc.o(.text)
    NVIC_Init                                0x08000abb   Thumb Code   118  misc.o(.text)
    NVIC_SetVectorTable                      0x08000b31   Thumb Code    12  misc.o(.text)
    NVIC_SystemLPConfig                      0x08000b3d   Thumb Code    38  misc.o(.text)
    SysTick_CLKSourceConfig                  0x08000b63   Thumb Code    40  misc.o(.text)
    ADC_DeInit                               0x08000ba9   Thumb Code    78  stm32f10x_adc.o(.text)
    ADC_Init                                 0x08000bf7   Thumb Code    70  stm32f10x_adc.o(.text)
    ADC_StructInit                           0x08000c3d   Thumb Code    18  stm32f10x_adc.o(.text)
    ADC_Cmd                                  0x08000c4f   Thumb Code    22  stm32f10x_adc.o(.text)
    ADC_DMACmd                               0x08000c65   Thumb Code    22  stm32f10x_adc.o(.text)
    ADC_ITConfig                             0x08000c7b   Thumb Code    24  stm32f10x_adc.o(.text)
    ADC_ResetCalibration                     0x08000c93   Thumb Code    10  stm32f10x_adc.o(.text)
    ADC_GetResetCalibrationStatus            0x08000c9d   Thumb Code    20  stm32f10x_adc.o(.text)
    ADC_StartCalibration                     0x08000cb1   Thumb Code    10  stm32f10x_adc.o(.text)
    ADC_GetCalibrationStatus                 0x08000cbb   Thumb Code    20  stm32f10x_adc.o(.text)
    ADC_SoftwareStartConvCmd                 0x08000ccf   Thumb Code    22  stm32f10x_adc.o(.text)
    ADC_GetSoftwareStartConvStatus           0x08000ce5   Thumb Code    20  stm32f10x_adc.o(.text)
    ADC_DiscModeChannelCountConfig           0x08000cf9   Thumb Code    24  stm32f10x_adc.o(.text)
    ADC_DiscModeCmd                          0x08000d11   Thumb Code    22  stm32f10x_adc.o(.text)
    ADC_RegularChannelConfig                 0x08000d27   Thumb Code   184  stm32f10x_adc.o(.text)
    ADC_ExternalTrigConvCmd                  0x08000ddf   Thumb Code    22  stm32f10x_adc.o(.text)
    ADC_GetConversionValue                   0x08000df5   Thumb Code     8  stm32f10x_adc.o(.text)
    ADC_GetDualModeConversionValue           0x08000dfd   Thumb Code     6  stm32f10x_adc.o(.text)
    ADC_AutoInjectedConvCmd                  0x08000e03   Thumb Code    22  stm32f10x_adc.o(.text)
    ADC_InjectedDiscModeCmd                  0x08000e19   Thumb Code    22  stm32f10x_adc.o(.text)
    ADC_ExternalTrigInjectedConvConfig       0x08000e2f   Thumb Code    16  stm32f10x_adc.o(.text)
    ADC_ExternalTrigInjectedConvCmd          0x08000e3f   Thumb Code    22  stm32f10x_adc.o(.text)
    ADC_SoftwareStartInjectedConvCmd         0x08000e55   Thumb Code    22  stm32f10x_adc.o(.text)
    ADC_GetSoftwareStartInjectedConvCmdStatus 0x08000e6b   Thumb Code    20  stm32f10x_adc.o(.text)
    ADC_InjectedChannelConfig                0x08000e7f   Thumb Code   130  stm32f10x_adc.o(.text)
    ADC_InjectedSequencerLengthConfig        0x08000f01   Thumb Code    24  stm32f10x_adc.o(.text)
    ADC_SetInjectedOffset                    0x08000f19   Thumb Code    12  stm32f10x_adc.o(.text)
    ADC_GetInjectedConversionValue           0x08000f25   Thumb Code    18  stm32f10x_adc.o(.text)
    ADC_AnalogWatchdogCmd                    0x08000f37   Thumb Code    16  stm32f10x_adc.o(.text)
    ADC_AnalogWatchdogThresholdsConfig       0x08000f47   Thumb Code     6  stm32f10x_adc.o(.text)
    ADC_AnalogWatchdogSingleChannelConfig    0x08000f4d   Thumb Code    16  stm32f10x_adc.o(.text)
    ADC_TempSensorVrefintCmd                 0x08000f5d   Thumb Code    34  stm32f10x_adc.o(.text)
    ADC_GetFlagStatus                        0x08000f7f   Thumb Code    54  stm32f10x_adc.o(.text)
    ADC_ClearFlag                            0x08000fb5   Thumb Code     6  stm32f10x_adc.o(.text)
    ADC_GetITStatus                          0x08000fbb   Thumb Code    36  stm32f10x_adc.o(.text)
    ADC_ClearITPendingBit                    0x08000fdf   Thumb Code    10  stm32f10x_adc.o(.text)
    USART_DeInit                             0x08000fe9   Thumb Code   134  stm32f10x_usart.o(.text)
    USART_Init                               0x0800106f   Thumb Code   210  stm32f10x_usart.o(.text)
    USART_StructInit                         0x08001141   Thumb Code    24  stm32f10x_usart.o(.text)
    USART_ClockInit                          0x08001159   Thumb Code    34  stm32f10x_usart.o(.text)
    USART_ClockStructInit                    0x0800117b   Thumb Code    12  stm32f10x_usart.o(.text)
    USART_Cmd                                0x08001187   Thumb Code    24  stm32f10x_usart.o(.text)
    USART_ITConfig                           0x0800119f   Thumb Code    74  stm32f10x_usart.o(.text)
    USART_DMACmd                             0x080011e9   Thumb Code    24  stm32f10x_usart.o(.text)
    USART_SetAddress                         0x08001201   Thumb Code    18  stm32f10x_usart.o(.text)
    USART_WakeUpConfig                       0x08001213   Thumb Code    18  stm32f10x_usart.o(.text)
    USART_ReceiverWakeUpCmd                  0x08001225   Thumb Code    24  stm32f10x_usart.o(.text)
    USART_LINBreakDetectLengthConfig         0x0800123d   Thumb Code    18  stm32f10x_usart.o(.text)
    USART_LINCmd                             0x0800124f   Thumb Code    24  stm32f10x_usart.o(.text)
    USART_SendData                           0x08001267   Thumb Code     8  stm32f10x_usart.o(.text)
    USART_ReceiveData                        0x0800126f   Thumb Code    10  stm32f10x_usart.o(.text)
    USART_SendBreak                          0x08001279   Thumb Code    10  stm32f10x_usart.o(.text)
    USART_SetGuardTime                       0x08001283   Thumb Code    16  stm32f10x_usart.o(.text)
    USART_SetPrescaler                       0x08001293   Thumb Code    16  stm32f10x_usart.o(.text)
    USART_SmartCardCmd                       0x080012a3   Thumb Code    24  stm32f10x_usart.o(.text)
    USART_SmartCardNACKCmd                   0x080012bb   Thumb Code    24  stm32f10x_usart.o(.text)
    USART_HalfDuplexCmd                      0x080012d3   Thumb Code    24  stm32f10x_usart.o(.text)
    USART_OverSampling8Cmd                   0x080012eb   Thumb Code    22  stm32f10x_usart.o(.text)
    USART_OneBitMethodCmd                    0x08001301   Thumb Code    24  stm32f10x_usart.o(.text)
    USART_IrDAConfig                         0x08001319   Thumb Code    18  stm32f10x_usart.o(.text)
    USART_IrDACmd                            0x0800132b   Thumb Code    24  stm32f10x_usart.o(.text)
    USART_GetFlagStatus                      0x08001343   Thumb Code    26  stm32f10x_usart.o(.text)
    USART_ClearFlag                          0x0800135d   Thumb Code    18  stm32f10x_usart.o(.text)
    USART_GetITStatus                        0x0800136f   Thumb Code    84  stm32f10x_usart.o(.text)
    USART_ClearITPendingBit                  0x080013c3   Thumb Code    50  stm32f10x_usart.o(.text)
    Delay_LCD                                0x080013f5   Thumb Code    30  lcd.o(.text)
    LCD_WriteReg                             0x08001413   Thumb Code    80  lcd.o(.text)
    REG_8230_Init                            0x08001463   Thumb Code   288  lcd.o(.text)
    REG_932X_Init                            0x08001583   Thumb Code   514  lcd.o(.text)
    LCD_BusOut                               0x08001785   Thumb Code    32  lcd.o(.text)
    LCD_BusIn                                0x080017a5   Thumb Code    32  lcd.o(.text)
    LCD_ReadReg                              0x080017c5   Thumb Code   114  lcd.o(.text)
    LCD_CtrlLinesConfig                      0x08001837   Thumb Code    68  lcd.o(.text)
    STM3210B_LCD_Init                        0x0800187b   Thumb Code    50  lcd.o(.text)
    LCD_SetTextColor                         0x080018ad   Thumb Code     6  lcd.o(.text)
    LCD_SetBackColor                         0x080018b3   Thumb Code     6  lcd.o(.text)
    LCD_SetCursor                            0x080018b9   Thumb Code    24  lcd.o(.text)
    LCD_WriteRAM                             0x080018d1   Thumb Code    56  lcd.o(.text)
    LCD_WriteRAM_Prepare                     0x08001909   Thumb Code    60  lcd.o(.text)
    LCD_DrawChar                             0x08001945   Thumb Code   100  lcd.o(.text)
    LCD_DisplayChar                          0x080019a9   Thumb Code    34  lcd.o(.text)
    LCD_DisplayStringLine                    0x080019cb   Thumb Code    44  lcd.o(.text)
    LCD_ClearLine                            0x080019f7   Thumb Code    14  lcd.o(.text)
    LCD_Clear                                0x08001a05   Thumb Code    38  lcd.o(.text)
    LCD_SetDisplayWindow                     0x08001a2b   Thumb Code    88  lcd.o(.text)
    LCD_WindowModeDisable                    0x08001a83   Thumb Code    28  lcd.o(.text)
    LCD_DrawLine                             0x08001a9f   Thumb Code    86  lcd.o(.text)
    LCD_DrawRect                             0x08001af5   Thumb Code    66  lcd.o(.text)
    LCD_DrawCircle                           0x08001b37   Thumb Code   310  lcd.o(.text)
    LCD_DrawMonoPict                         0x08001c6d   Thumb Code    76  lcd.o(.text)
    LCD_WriteBMP                             0x08001cb9   Thumb Code    74  lcd.o(.text)
    LCD_ReadRAM                              0x08001d03   Thumb Code    96  lcd.o(.text)
    LCD_PowerOn                              0x08001d63   Thumb Code   118  lcd.o(.text)
    LCD_DisplayOn                            0x08001dd9   Thumb Code    14  lcd.o(.text)
    LCD_DisplayOff                           0x08001de7   Thumb Code    12  lcd.o(.text)
    LCD_DrawPicture                          0x08001df3   Thumb Code    48  lcd.o(.text)
    Delay_Ms                                 0x08001e3d   Thumb Code    16  main.o(.text)
    LED3_Run                                 0x08001e4d   Thumb Code    98  main.o(.text)
    USART_Send                               0x08001eaf   Thumb Code    42  main.o(.text)
    LED2_Run                                 0x08001ed9   Thumb Code    98  main.o(.text)
    AD_Read                                  0x08001f3b   Thumb Code   380  main.o(.text)
    KEY_Scan                                 0x080020b7   Thumb Code  2338  main.o(.text)
    main                                     0x080029d9   Thumb Code   396  main.o(.text)
    NMI_Handler                              0x08002bc9   Thumb Code     2  stm32f10x_it.o(.text)
    HardFault_Handler                        0x08002bcb   Thumb Code     4  stm32f10x_it.o(.text)
    MemManage_Handler                        0x08002bcf   Thumb Code     4  stm32f10x_it.o(.text)
    BusFault_Handler                         0x08002bd3   Thumb Code     4  stm32f10x_it.o(.text)
    UsageFault_Handler                       0x08002bd7   Thumb Code     4  stm32f10x_it.o(.text)
    DebugMon_Handler                         0x08002bdb   Thumb Code     2  stm32f10x_it.o(.text)
    SVC_Handler                              0x08002bdd   Thumb Code     2  stm32f10x_it.o(.text)
    PendSV_Handler                           0x08002bdf   Thumb Code     2  stm32f10x_it.o(.text)
    SysTick_Handler                          0x08002be1   Thumb Code    64  stm32f10x_it.o(.text)
    USART2_IRQHandler                        0x08002c21   Thumb Code    82  stm32f10x_it.o(.text)
    GPIO_Int                                 0x08002c8d   Thumb Code   322  gong.o(.text)
    IIC_Read                                 0x08002dcf   Thumb Code    56  gong.o(.text)
    IIC_Write                                0x08002e07   Thumb Code    46  gong.o(.text)
    NVIC_Configuration                       0x08002e35   Thumb Code    34  gong.o(.text)
    USART_Configuration                      0x08002e57   Thumb Code   116  gong.o(.text)
    LCD_Init                                 0x08002ecb   Thumb Code   108  gong.o(.text)
    SDA_Input_Mode                           0x08002fc9   Thumb Code    30  i2c.o(.text)
    SDA_Output_Mode                          0x08002fe7   Thumb Code    30  i2c.o(.text)
    SDA_Output                               0x08003005   Thumb Code    26  i2c.o(.text)
    SCL_Output                               0x0800301f   Thumb Code    26  i2c.o(.text)
    SDA_Input                                0x08003039   Thumb Code    12  i2c.o(.text)
    delay1                                   0x08003045   Thumb Code    12  i2c.o(.text)
    I2CStart                                 0x08003051   Thumb Code    60  i2c.o(.text)
    I2CStop                                  0x0800308d   Thumb Code    60  i2c.o(.text)
    I2CWaitAck                               0x080030c9   Thumb Code    88  i2c.o(.text)
    I2CSendAck                               0x08003121   Thumb Code    54  i2c.o(.text)
    I2CSendNotAck                            0x08003157   Thumb Code    46  i2c.o(.text)
    I2CSendByte                              0x08003185   Thumb Code    88  i2c.o(.text)
    I2CReceiveByte                           0x080031dd   Thumb Code    88  i2c.o(.text)
    i2c_init                                 0x08003235   Thumb Code    38  i2c.o(.text)
    __2sprintf                               0x08003261   Thumb Code    34  noretval__2sprintf.o(.text)
    _printf_int_dec                          0x08003289   Thumb Code    98  _printf_dec.o(.text)
    __printf                                 0x080032fd   Thumb Code   320  __printf_flags_wp.o(.text)
    __use_two_region_memory                  0x08003441   Thumb Code     2  heapauxi.o(.text)
    __rt_heap_escrow$2region                 0x08003443   Thumb Code     2  heapauxi.o(.text)
    __rt_heap_expand$2region                 0x08003445   Thumb Code     2  heapauxi.o(.text)
    _printf_int_common                       0x08003447   Thumb Code   180  _printf_intcommon.o(.text)
    __lib_sel_fp_printf                      0x080034fb   Thumb Code     2  _printf_fp_dec.o(.text)
    _printf_fp_dec_real                      0x080036a1   Thumb Code   616  _printf_fp_dec.o(.text)
    _printf_char_common                      0x08003913   Thumb Code    32  _printf_char_common.o(.text)
    _sputc                                   0x08003939   Thumb Code    10  _sputc.o(.text)
    __rt_udiv10                              0x08003943   Thumb Code    16  rtudiv10.o(.text)
    __rt_locale                              0x08003955   Thumb Code    12  rt_locale_intlibspace.o(.text)
    _ll_udiv10                               0x08003961   Thumb Code   138  lludiv10.o(.text)
    _printf_fp_infnan                        0x080039ed   Thumb Code   108  _printf_fp_infnan.o(.text)
    _btod_etento                             0x08003a69   Thumb Code   230  bigflt0.o(.text)
    __user_libspace                          0x08003b55   Thumb Code     8  libspace.o(.text)
    __user_perproc_libspace                  0x08003b55   Thumb Code     0  libspace.o(.text)
    __user_perthread_libspace                0x08003b55   Thumb Code     0  libspace.o(.text)
    __user_setup_stackheap                   0x08003b5d   Thumb Code    74  sys_stackheap_outer.o(.text)
    exit                                     0x08003ba7   Thumb Code    12  exit.o(.text)
    strcmp                                   0x08003bb5   Thumb Code   128  strcmpv7m.o(.text)
    __rt_fp_status_addr                      0x08003c35   Thumb Code    12  rt_fp_status_addr_intlibspace.o(.text)
    _sys_exit                                0x08003c41   Thumb Code     8  sys_exit.o(.text)
    __I$use$semihosting                      0x08003c4d   Thumb Code     0  use_no_semi.o(.text)
    __use_no_semihosting_swi                 0x08003c4d   Thumb Code     2  use_no_semi.o(.text)
    _btod_d2e                                0x08003c4f   Thumb Code    62  btod.o(CL$$btod_d2e)
    _d2e_denorm_low                          0x08003c8d   Thumb Code    70  btod.o(CL$$btod_d2e_denorm_low)
    _d2e_norm_op1                            0x08003cd3   Thumb Code    96  btod.o(CL$$btod_d2e_norm_op1)
    __btod_div_common                        0x08003d33   Thumb Code   696  btod.o(CL$$btod_div_common)
    _e2e                                     0x0800406b   Thumb Code   198  btod.o(CL$$btod_e2e)
    _btod_ediv                               0x08004131   Thumb Code    40  btod.o(CL$$btod_ediv)
    _btod_emul                               0x08004159   Thumb Code    40  btod.o(CL$$btod_emul)
    __btod_mult_common                       0x08004181   Thumb Code   580  btod.o(CL$$btod_mult_common)
    __ARM_fpclassify                         0x080043c5   Thumb Code    40  fpclassify.o(i.__ARM_fpclassify)
    _get_lc_numeric                          0x080043ed   Thumb Code    44  lc_numeric_c.o(locale$$code)
    __aeabi_d2f                              0x08004419   Thumb Code     0  d2f.o(x$fpl$d2f)
    _d2f                                     0x08004419   Thumb Code    98  d2f.o(x$fpl$d2f)
    __aeabi_ddiv                             0x0800447d   Thumb Code     0  ddiv.o(x$fpl$ddiv)
    _ddiv                                    0x0800447d   Thumb Code   552  ddiv.o(x$fpl$ddiv)
    __aeabi_d2iz                             0x0800472d   Thumb Code     0  dfix.o(x$fpl$dfix)
    _dfix                                    0x0800472d   Thumb Code    94  dfix.o(x$fpl$dfix)
    __aeabi_ui2d                             0x0800478b   Thumb Code     0  dflt_clz.o(x$fpl$dfltu)
    _dfltu                                   0x0800478b   Thumb Code    38  dflt_clz.o(x$fpl$dfltu)
    __aeabi_dmul                             0x080047b1   Thumb Code     0  dmul.o(x$fpl$dmul)
    _dmul                                    0x080047b1   Thumb Code   332  dmul.o(x$fpl$dmul)
    __fpl_dnaninf                            0x08004905   Thumb Code   156  dnaninf.o(x$fpl$dnaninf)
    __fpl_dretinf                            0x080049a1   Thumb Code    12  dretinf.o(x$fpl$dretinf)
    __aeabi_f2d                              0x080049ad   Thumb Code     0  f2d.o(x$fpl$f2d)
    _f2d                                     0x080049ad   Thumb Code    86  f2d.o(x$fpl$f2d)
    __aeabi_fmul                             0x08004a05   Thumb Code     0  fmul.o(x$fpl$fmul)
    _fmul                                    0x08004a05   Thumb Code   258  fmul.o(x$fpl$fmul)
    __fpl_fnaninf                            0x08004b07   Thumb Code   140  fnaninf.o(x$fpl$fnaninf)
    _fp_init                                 0x08004b93   Thumb Code    14  fpinit.o(x$fpl$fpinit)
    __fplib_config_pureend_doubles           0x08004b9f   Thumb Code     0  fpinit.o(x$fpl$fpinit)
    __fpl_fretinf                            0x08004ba1   Thumb Code    10  fretinf.o(x$fpl$fretinf)
    _printf_fp_dec                           0x08004bab   Thumb Code     4  printf1.o(x$fpl$printf1)
    ASCII_Table                              0x08004bae   Data        4560  lcd.o(.constdata)
    __I$use$fp                               0x08004baf   Thumb Code     0  usenofp.o(x$fpl$usenofp)
    Region$$Table$$Base                      0x08005e24   Number         0  anon$$obj.o(Region$$Table)
    Region$$Table$$Limit                     0x08005e44   Number         0  anon$$obj.o(Region$$Table)
    SystemCoreClock                          0x20000000   Data           4  system_stm32f10x.o(.data)
    AHBPrescTable                            0x20000004   Data          16  system_stm32f10x.o(.data)
    dummy                                    0x2000002c   Data           2  lcd.o(.data)
    TimingDelay                              0x20000030   Data           4  main.o(.data)
    shezhi                                   0x20000034   Data           1  main.o(.data)
    receive                                  0x20000035   Data           1  main.o(.data)
    flag_usart                               0x20000036   Data           1  main.o(.data)
    high                                     0x20000037   Data           1  main.o(.data)
    mid                                      0x20000038   Data           1  main.o(.data)
    low                                      0x20000039   Data           1  main.o(.data)
    level                                    0x2000003a   Data           1  main.o(.data)
    item                                     0x2000003b   Data           1  main.o(.data)
    level_last                               0x2000003c   Data           1  main.o(.data)
    nums                                     0x2000003d   Data           1  main.o(.data)
    run                                      0x2000003e   Data           2  main.o(.data)
    yunxing                                  0x20000040   Data           4  main.o(.data)
    ADC_VALUE                                0x20000044   Data           4  main.o(.data)
    height                                   0x20000048   Data           4  main.o(.data)
    Ms1000                                   0x2000004c   Data           4  stm32f10x_it.o(.data)
    string                                   0x20000050   Data          20  main.o(.bss)
    TXBuf                                    0x20000064   Data          20  main.o(.bss)
    __libspace_start                         0x20000078   Data          96  libspace.o(.bss)
    __temporary_stack_top$libspace           0x200000d8   Data           0  libspace.o(.bss)



==============================================================================

Memory Map of the image

  Image Entry point : 0x080000ed

  Load Region LR_IROM1 (Base: 0x08000000, Size: 0x00005eb0, Max: 0x00020000, ABSOLUTE)

    Execution Region ER_IROM1 (Base: 0x08000000, Size: 0x00005e60, Max: 0x00020000, ABSOLUTE)

    Base Addr    Size         Type   Attr      Idx    E Section Name        Object

    0x08000000   0x000000ec   Data   RO            3    RESET               startup_stm32f10x_md.o
    0x080000ec   0x00000008   Code   RO          354  * !!!main             c_w.l(__main.o)(c_w.l)
    0x080000f4   0x00000034   Code   RO          605    !!!scatter          c_w.l(__scatter.o)(c_w.l)
    0x08000128   0x0000001a   Code   RO          607    !!handler_copy      c_w.l(__scatter_copy.o)(c_w.l)
    0x08000142   0x00000002   PAD
    0x08000144   0x0000001c   Code   RO          609    !!handler_zi        c_w.l(__scatter_zi.o)(c_w.l)
    0x08000160   0x00000000   Code   RO          351    .ARM.Collect$$_printf_percent$$00000000  c_w.l(_printf_percent.o)(c_w.l)
    0x08000160   0x00000006   Code   RO          350    .ARM.Collect$$_printf_percent$$00000003  c_w.l(_printf_f.o)(c_w.l)
    0x08000166   0x00000006   Code   RO          349    .ARM.Collect$$_printf_percent$$00000009  c_w.l(_printf_d.o)(c_w.l)
    0x0800016c   0x00000004   Code   RO          390    .ARM.Collect$$_printf_percent$$00000017  c_w.l(_printf_percent_end.o)(c_w.l)
    0x08000170   0x00000006   Code   RO          478    .ARM.Collect$$libinit$$00000000  c_w.l(libinit.o)(c_w.l)
    0x08000176   0x00000000   Code   RO          481    .ARM.Collect$$libinit$$00000006  c_w.l(libinit2.o)(c_w.l)
    0x08000176   0x00000000   Code   RO          483    .ARM.Collect$$libinit$$00000008  c_w.l(libinit2.o)(c_w.l)
    0x08000176   0x00000000   Code   RO          485    .ARM.Collect$$libinit$$0000000A  c_w.l(libinit2.o)(c_w.l)
    0x08000176   0x00000006   Code   RO          486    .ARM.Collect$$libinit$$0000000B  c_w.l(libinit2.o)(c_w.l)
    0x0800017c   0x00000000   Code   RO          488    .ARM.Collect$$libinit$$0000000D  c_w.l(libinit2.o)(c_w.l)
    0x0800017c   0x00000000   Code   RO          490    .ARM.Collect$$libinit$$0000000F  c_w.l(libinit2.o)(c_w.l)
    0x0800017c   0x00000000   Code   RO          492    .ARM.Collect$$libinit$$00000011  c_w.l(libinit2.o)(c_w.l)
    0x0800017c   0x0000000a   Code   RO          493    .ARM.Collect$$libinit$$00000012  c_w.l(libinit2.o)(c_w.l)
    0x08000186   0x00000000   Code   RO          494    .ARM.Collect$$libinit$$00000013  c_w.l(libinit2.o)(c_w.l)
    0x08000186   0x00000000   Code   RO          496    .ARM.Collect$$libinit$$00000015  c_w.l(libinit2.o)(c_w.l)
    0x08000186   0x00000000   Code   RO          498    .ARM.Collect$$libinit$$00000017  c_w.l(libinit2.o)(c_w.l)
    0x08000186   0x00000000   Code   RO          500    .ARM.Collect$$libinit$$00000019  c_w.l(libinit2.o)(c_w.l)
    0x08000186   0x00000000   Code   RO          502    .ARM.Collect$$libinit$$0000001B  c_w.l(libinit2.o)(c_w.l)
    0x08000186   0x00000000   Code   RO          504    .ARM.Collect$$libinit$$0000001D  c_w.l(libinit2.o)(c_w.l)
    0x08000186   0x00000000   Code   RO          506    .ARM.Collect$$libinit$$0000001F  c_w.l(libinit2.o)(c_w.l)
    0x08000186   0x00000000   Code   RO          508    .ARM.Collect$$libinit$$00000021  c_w.l(libinit2.o)(c_w.l)
    0x08000186   0x00000000   Code   RO          512    .ARM.Collect$$libinit$$00000028  c_w.l(libinit2.o)(c_w.l)
    0x08000186   0x00000000   Code   RO          514    .ARM.Collect$$libinit$$0000002A  c_w.l(libinit2.o)(c_w.l)
    0x08000186   0x00000000   Code   RO          516    .ARM.Collect$$libinit$$0000002C  c_w.l(libinit2.o)(c_w.l)
    0x08000186   0x00000000   Code   RO          518    .ARM.Collect$$libinit$$0000002E  c_w.l(libinit2.o)(c_w.l)
    0x08000186   0x00000002   Code   RO          519    .ARM.Collect$$libinit$$0000002F  c_w.l(libinit2.o)(c_w.l)
    0x08000188   0x00000002   Code   RO          555    .ARM.Collect$$libshutdown$$00000000  c_w.l(libshutdown.o)(c_w.l)
    0x0800018a   0x00000000   Code   RO          566    .ARM.Collect$$libshutdown$$00000003  c_w.l(libshutdown2.o)(c_w.l)
    0x0800018a   0x00000000   Code   RO          569    .ARM.Collect$$libshutdown$$00000006  c_w.l(libshutdown2.o)(c_w.l)
    0x0800018a   0x00000000   Code   RO          572    .ARM.Collect$$libshutdown$$00000009  c_w.l(libshutdown2.o)(c_w.l)
    0x0800018a   0x00000000   Code   RO          574    .ARM.Collect$$libshutdown$$0000000B  c_w.l(libshutdown2.o)(c_w.l)
    0x0800018a   0x00000000   Code   RO          577    .ARM.Collect$$libshutdown$$0000000E  c_w.l(libshutdown2.o)(c_w.l)
    0x0800018a   0x00000002   Code   RO          578    .ARM.Collect$$libshutdown$$0000000F  c_w.l(libshutdown2.o)(c_w.l)
    0x0800018c   0x00000000   Code   RO          380    .ARM.Collect$$rtentry$$00000000  c_w.l(rtentry.o)(c_w.l)
    0x0800018c   0x00000000   Code   RO          403    .ARM.Collect$$rtentry$$00000002  c_w.l(rtentry2.o)(c_w.l)
    0x0800018c   0x00000006   Code   RO          418    .ARM.Collect$$rtentry$$00000004  c_w.l(rtentry4.o)(c_w.l)
    0x08000192   0x00000000   Code   RO          405    .ARM.Collect$$rtentry$$00000009  c_w.l(rtentry2.o)(c_w.l)
    0x08000192   0x00000004   Code   RO          406    .ARM.Collect$$rtentry$$0000000A  c_w.l(rtentry2.o)(c_w.l)
    0x08000196   0x00000000   Code   RO          408    .ARM.Collect$$rtentry$$0000000C  c_w.l(rtentry2.o)(c_w.l)
    0x08000196   0x00000008   Code   RO          409    .ARM.Collect$$rtentry$$0000000D  c_w.l(rtentry2.o)(c_w.l)
    0x0800019e   0x00000002   Code   RO          520    .ARM.Collect$$rtexit$$00000000  c_w.l(rtexit.o)(c_w.l)
    0x080001a0   0x00000000   Code   RO          527    .ARM.Collect$$rtexit$$00000002  c_w.l(rtexit2.o)(c_w.l)
    0x080001a0   0x00000004   Code   RO          528    .ARM.Collect$$rtexit$$00000003  c_w.l(rtexit2.o)(c_w.l)
    0x080001a4   0x00000006   Code   RO          529    .ARM.Collect$$rtexit$$00000004  c_w.l(rtexit2.o)(c_w.l)
    0x080001aa   0x00000002   PAD
    0x080001ac   0x00000040   Code   RO            4    .text               startup_stm32f10x_md.o
    0x080001ec   0x000001c8   Code   RO           24    .text               system_stm32f10x.o
    0x080003b4   0x00000358   Code   RO          121    .text               stm32f10x_gpio.o
    0x0800070c   0x000003a4   Code   RO          137    .text               stm32f10x_rcc.o
    0x08000ab0   0x000000f8   Code   RO          151    .text               misc.o
    0x08000ba8   0x00000440   Code   RO          163    .text               stm32f10x_adc.o
    0x08000fe8   0x0000040c   Code   RO          199    .text               stm32f10x_usart.o
    0x080013f4   0x00000a48   Code   RO          223    .text               lcd.o
    0x08001e3c   0x00000d8c   Code   RO          245    .text               main.o
    0x08002bc8   0x000000c4   Code   RO          278    .text               stm32f10x_it.o
    0x08002c8c   0x0000033c   Code   RO          297    .text               gong.o
    0x08002fc8   0x00000298   Code   RO          309    .text               i2c.o
    0x08003260   0x00000028   Code   RO          325    .text               c_w.l(noretval__2sprintf.o)(c_w.l)
    0x08003288   0x00000074   Code   RO          329    .text               c_w.l(_printf_dec.o)(c_w.l)
    0x080032fc   0x00000144   Code   RO          341    .text               c_w.l(__printf_flags_wp.o)(c_w.l)
    0x08003440   0x00000006   Code   RO          352    .text               c_w.l(heapauxi.o)(c_w.l)
    0x08003446   0x000000b4   Code   RO          382    .text               c_w.l(_printf_intcommon.o)(c_w.l)
    0x080034fa   0x0000040e   Code   RO          384    .text               c_w.l(_printf_fp_dec.o)(c_w.l)
    0x08003908   0x00000030   Code   RO          386    .text               c_w.l(_printf_char_common.o)(c_w.l)
    0x08003938   0x0000000a   Code   RO          388    .text               c_w.l(_sputc.o)(c_w.l)
    0x08003942   0x00000010   Code   RO          391    .text               c_w.l(rtudiv10.o)(c_w.l)
    0x08003952   0x00000002   PAD
    0x08003954   0x0000000c   Code   RO          423    .text               c_w.l(rt_locale_intlibspace.o)(c_w.l)
    0x08003960   0x0000008a   Code   RO          425    .text               c_w.l(lludiv10.o)(c_w.l)
    0x080039ea   0x00000002   PAD
    0x080039ec   0x0000007c   Code   RO          427    .text               c_w.l(_printf_fp_infnan.o)(c_w.l)
    0x08003a68   0x000000ec   Code   RO          431    .text               c_w.l(bigflt0.o)(c_w.l)
    0x08003b54   0x00000008   Code   RO          463    .text               c_w.l(libspace.o)(c_w.l)
    0x08003b5c   0x0000004a   Code   RO          466    .text               c_w.l(sys_stackheap_outer.o)(c_w.l)
    0x08003ba6   0x0000000c   Code   RO          468    .text               c_w.l(exit.o)(c_w.l)
    0x08003bb2   0x00000002   PAD
    0x08003bb4   0x00000080   Code   RO          470    .text               c_w.l(strcmpv7m.o)(c_w.l)
    0x08003c34   0x0000000c   Code   RO          537    .text               c_w.l(rt_fp_status_addr_intlibspace.o)(c_w.l)
    0x08003c40   0x0000000c   Code   RO          545    .text               c_w.l(sys_exit.o)(c_w.l)
    0x08003c4c   0x00000002   Code   RO          556    .text               c_w.l(use_no_semi.o)(c_w.l)
    0x08003c4e   0x0000003e   Code   RO          434    CL$$btod_d2e        c_w.l(btod.o)(c_w.l)
    0x08003c8c   0x00000046   Code   RO          436    CL$$btod_d2e_denorm_low  c_w.l(btod.o)(c_w.l)
    0x08003cd2   0x00000060   Code   RO          435    CL$$btod_d2e_norm_op1  c_w.l(btod.o)(c_w.l)
    0x08003d32   0x00000338   Code   RO          444    CL$$btod_div_common  c_w.l(btod.o)(c_w.l)
    0x0800406a   0x000000c6   Code   RO          441    CL$$btod_e2e        c_w.l(btod.o)(c_w.l)
    0x08004130   0x00000028   Code   RO          438    CL$$btod_ediv       c_w.l(btod.o)(c_w.l)
    0x08004158   0x00000028   Code   RO          437    CL$$btod_emul       c_w.l(btod.o)(c_w.l)
    0x08004180   0x00000244   Code   RO          443    CL$$btod_mult_common  c_w.l(btod.o)(c_w.l)
    0x080043c4   0x00000028   Code   RO          461    i.__ARM_fpclassify  m_ws.l(fpclassify.o)(m_ws.l)
    0x080043ec   0x0000002c   Code   RO          457    locale$$code        c_w.l(lc_numeric_c.o)(c_w.l)
    0x08004418   0x00000062   Code   RO          356    x$fpl$d2f           fz_ws.l(d2f.o)(fz_ws.l)
    0x0800447a   0x00000002   PAD
    0x0800447c   0x000002b0   Code   RO          359    x$fpl$ddiv          fz_ws.l(ddiv.o)(fz_ws.l)
    0x0800472c   0x0000005e   Code   RO          362    x$fpl$dfix          fz_ws.l(dfix.o)(fz_ws.l)
    0x0800478a   0x00000026   Code   RO          366    x$fpl$dfltu         fz_ws.l(dflt_clz.o)(fz_ws.l)
    0x080047b0   0x00000154   Code   RO          372    x$fpl$dmul          fz_ws.l(dmul.o)(fz_ws.l)
    0x08004904   0x0000009c   Code   RO          393    x$fpl$dnaninf       fz_ws.l(dnaninf.o)(fz_ws.l)
    0x080049a0   0x0000000c   Code   RO          395    x$fpl$dretinf       fz_ws.l(dretinf.o)(fz_ws.l)
    0x080049ac   0x00000056   Code   RO          374    x$fpl$f2d           fz_ws.l(f2d.o)(fz_ws.l)
    0x08004a02   0x00000002   PAD
    0x08004a04   0x00000102   Code   RO          376    x$fpl$fmul          fz_ws.l(fmul.o)(fz_ws.l)
    0x08004b06   0x0000008c   Code   RO          397    x$fpl$fnaninf       fz_ws.l(fnaninf.o)(fz_ws.l)
    0x08004b92   0x0000000e   Code   RO          524    x$fpl$fpinit        fz_ws.l(fpinit.o)(fz_ws.l)
    0x08004ba0   0x0000000a   Code   RO          399    x$fpl$fretinf       fz_ws.l(fretinf.o)(fz_ws.l)
    0x08004baa   0x00000004   Code   RO          378    x$fpl$printf1       fz_ws.l(printf1.o)(fz_ws.l)
    0x08004bae   0x00000000   Code   RO          401    x$fpl$usenofp       fz_ws.l(usenofp.o)(fz_ws.l)
    0x08004bae   0x000011d0   Data   RO          224    .constdata          lcd.o
    0x08005d7e   0x00000011   Data   RO          342    .constdata          c_w.l(__printf_flags_wp.o)(c_w.l)
    0x08005d8f   0x00000001   PAD
    0x08005d90   0x00000094   Data   RO          432    .constdata          c_w.l(bigflt0.o)(c_w.l)
    0x08005e24   0x00000020   Data   RO          603    Region$$Table       anon$$obj.o
    0x08005e44   0x0000001c   Data   RO          456    locale$$data        c_w.l(lc_numeric_c.o)(c_w.l)


    Execution Region RW_IRAM1 (Base: 0x20000000, Size: 0x000006d8, Max: 0x00005000, ABSOLUTE)

    Base Addr    Size         Type   Attr      Idx    E Section Name        Object

    0x20000000   0x00000014   Data   RW           25    .data               system_stm32f10x.o
    0x20000014   0x00000014   Data   RW          138    .data               stm32f10x_rcc.o
    0x20000028   0x00000006   Data   RW          225    .data               lcd.o
    0x2000002e   0x00000002   PAD
    0x20000030   0x0000001c   Data   RW          247    .data               main.o
    0x2000004c   0x00000004   Data   RW          279    .data               stm32f10x_it.o
    0x20000050   0x00000028   Zero   RW          246    .bss                main.o
    0x20000078   0x00000060   Zero   RW          464    .bss                c_w.l(libspace.o)(c_w.l)
    0x200000d8   0x00000200   Zero   RW            2    HEAP                startup_stm32f10x_md.o
    0x200002d8   0x00000400   Zero   RW            1    STACK               startup_stm32f10x_md.o


==============================================================================

Image component sizes


      Code (inc. data)   RO Data    RW Data    ZI Data      Debug   Object Name

         0          0          0          0          0          0   core_cm3.o
       828        146          0          0          0          0   gong.o
       664          6          0          0          0          0   i2c.o
      2632         98       4560          6          0          0   lcd.o
      3468        508          0         28         40          0   main.o
       248         30          0          0          0          0   misc.o
        64         26        236          0       1536          0   startup_stm32f10x_md.o
      1088         36          0          0          0          0   stm32f10x_adc.o
       856         40          0          0          0          0   stm32f10x_gpio.o
       196         26          0          4          0          0   stm32f10x_it.o
       932         52          0         20          0          0   stm32f10x_rcc.o
      1036         20          0          0          0          0   stm32f10x_usart.o
       456         36          0         20          0          0   system_stm32f10x.o

    ----------------------------------------------------------------------
     12468       1024       4828         80       1576          0   Object Totals
         0          0         32          0          0          0   (incl. Generated)
         0          0          0          2          0          3   (incl. Padding)

    ----------------------------------------------------------------------

      Code (inc. data)   RO Data    RW Data    ZI Data      Debug   Library Member Name

         8          0          0          0          0          0   __main.o
       324          4         17          0          0          0   __printf_flags_wp.o
        52          8          0          0          0          0   __scatter.o
        26          0          0          0          0          0   __scatter_copy.o
        28          0          0          0          0          0   __scatter_zi.o
        48          6          0          0          0          0   _printf_char_common.o
         6          0          0          0          0          0   _printf_d.o
       116         18          0          0          0          0   _printf_dec.o
         6          0          0          0          0          0   _printf_f.o
      1038          0          0          0          0          0   _printf_fp_dec.o
       124         16          0          0          0          0   _printf_fp_infnan.o
       180          0          0          0          0          0   _printf_intcommon.o
         0          0          0          0          0          0   _printf_percent.o
         4          0          0          0          0          0   _printf_percent_end.o
        10          0          0          0          0          0   _sputc.o
       236          6        148          0          0          0   bigflt0.o
      1910        128          0          0          0          0   btod.o
        12          0          0          0          0          0   exit.o
         6          0          0          0          0          0   heapauxi.o
        44         10         28          0          0          0   lc_numeric_c.o
         6          0          0          0          0          0   libinit.o
        18          0          0          0          0          0   libinit2.o
         2          0          0          0          0          0   libshutdown.o
         2          0          0          0          0          0   libshutdown2.o
         8          4          0          0         96          0   libspace.o
       138          0          0          0          0          0   lludiv10.o
        40          6          0          0          0          0   noretval__2sprintf.o
        12          4          0          0          0          0   rt_fp_status_addr_intlibspace.o
        12          4          0          0          0          0   rt_locale_intlibspace.o
         0          0          0          0          0          0   rtentry.o
        12          0          0          0          0          0   rtentry2.o
         6          0          0          0          0          0   rtentry4.o
         2          0          0          0          0          0   rtexit.o
        10          0          0          0          0          0   rtexit2.o
        16          0          0          0          0          0   rtudiv10.o
       128          0          0          0          0          0   strcmpv7m.o
        12          4          0          0          0          0   sys_exit.o
        74          0          0          0          0          0   sys_stackheap_outer.o
         2          0          0          0          0          0   use_no_semi.o
        98          4          0          0          0          0   d2f.o
       688        140          0          0          0          0   ddiv.o
        94          4          0          0          0          0   dfix.o
        38          0          0          0          0          0   dflt_clz.o
       340         12          0          0          0          0   dmul.o
       156          4          0          0          0          0   dnaninf.o
        12          0          0          0          0          0   dretinf.o
        86          4          0          0          0          0   f2d.o
       258          4          0          0          0          0   fmul.o
       140          4          0          0          0          0   fnaninf.o
        14          0          0          0          0          0   fpinit.o
        10          0          0          0          0          0   fretinf.o
         4          0          0          0          0          0   printf1.o
         0          0          0          0          0          0   usenofp.o
        40          0          0          0          0          0   fpclassify.o

    ----------------------------------------------------------------------
      6670        394        194          0         96          0   Library Totals
        14          0          1          0          0          0   (incl. Padding)

    ----------------------------------------------------------------------

      Code (inc. data)   RO Data    RW Data    ZI Data      Debug   Library Name

      4678        218        193          0         96       2588   c_w.l
      1938        176          0          0          0       1192   fz_ws.l
        40          0          0          0          0         68   m_ws.l

    ----------------------------------------------------------------------
      6670        394        194          0         96          0   Library Totals

    ----------------------------------------------------------------------

==============================================================================


      Code (inc. data)   RO Data    RW Data    ZI Data      Debug   

     19138       1418       5022         80       1672     314512   Grand Totals
     19138       1418       5022         80       1672     314512   ELF Image Totals
     19138       1418       5022         80          0          0   ROM Totals

==============================================================================

    Total RO  Size (Code + RO Data)                24160 (  23.59kB)
    Total RW  Size (RW Data + ZI Data)              1752 (   1.71kB)
    Total ROM Size (Code + RO Data + RW Data)      24240 (  23.67kB)

==============================================================================

